=== START v5_smoke ===
python : INFO:src.io_utils:Loading interactions from 
D:\TUAN\DH2A-KT\DH2A-KT\external\p0_leakage_audit\data\processed\xes3g5m.parquet
At C:\Users\EDM\AppData\Local\Temp\ps-script-f3df526c-895d-4321-b9ef-86a59365b625.ps1:101 char:1
+ python scripts\03_train_tier1.py configs\xes3g5m.yaml --fold 0 --devi ...
+ ~~~~~~~~~~~~~~~~~~~~~~~~~~~~~~~~~~~~~~~~~~~~~~~~~~~~~~~~~~~~~~~~~~~~~
    + CategoryInfo          : NotSpecified: (INFO:src.io_uti...xes3g5m.parquet:String) [], RemoteException
    + FullyQualifiedErrorId : NativeCommandError
 
INFO:src.io_utils:Loaded interactions shape=(6413353, 5)
INFO:src.split_checker:Creating learner split shape=(6413353, 6) ratios=(0.7, 0.1, 0.2) seed=42
INFO:src.split_checker:Created split sizes={'train': 4490513, 'valid': 640917, 'test': 1281923}
INFO:dh2a_kt.train.tier1:seed=42 (weight init and batch order)
INFO:dh2a_kt.train.tier1:Building concept-prerequisite hyperedges source=neighborhood fold=0
INFO:dh2a_kt.hyperedge.construction:Built 391 concept-prerequisite neighborhood hyperedges (fold=0)
INFO:dh2a_kt.hyperedge.construction:Built 833 question hyperedges (fold=0, min_size=2)
INFO:dh2a_kt.train.tier1:v5: added 833 question hyperedges over 6275 questions
INFO:dh2a_kt.train.tier1:train_fold: architecture=v5 concepts=799 exercises=6275 hyperedges=1224 
kinds=['concept_prerequisite', 'question_concepts'] device=cuda
INFO:dh2a_kt.train.tier1:internal selection split: 360 train users / 40 val users (val_frac=0.10)
INFO:dh2a_kt.train.tier1:UserSequenceDataset: 767 windows (mode=chunked) from 110399 interactions
INFO:dh2a_kt.train.tier1:UserSequenceDataset: 845 windows (mode=chunked) from 119993 interactions
INFO:dh2a_kt.train.tier1:UserSequenceDataset: 85 windows (mode=chunked) from 11803 interactions
INFO:dh2a_kt.train.tier1:epoch=1/3 loss=0.6240 batches=12 skipped_nonfinite=0
INFO:dh2a_kt.train.tier1:epoch=1/3 val_auc=0.5392 val_n=11718
INFO:dh2a_kt.train.tier1:epoch=2/3 loss=0.5408 batches=12 skipped_nonfinite=0
INFO:dh2a_kt.train.tier1:epoch=2/3 val_auc=0.5646 val_n=11718
INFO:dh2a_kt.train.tier1:epoch=3/3 loss=0.5235 batches=12 skipped_nonfinite=0
INFO:dh2a_kt.train.tier1:epoch=3/3 val_auc=0.5783 val_n=11718
INFO:dh2a_kt.train.tier1:restored best epoch=3 train_loss=0.5235 val_auc=0.5783 (of 3)
INFO:dh2a_kt.train.tier1:wrote DH2-KT checkpoint -> 
D:\TUAN\DH2A-KT\DH2A-KT\results\checkpoints\xes3g5m_fold0_v5q_smoke.pt
dataset=xes3g5m architecture=v5 tag=v5q_smoke hyperedge_source=neighborhood no_graph=False use_questions=True window_mode=chunked val_frac=0.1 mask_repeats=False seed=42 memory_dim=16 max_degree=16 graph_transport=0.5 graph_dropout=0.15 laux=1.0 budget=gkt matched_p0=False batch=64 epochs=3 lr=0.001 max_seq_len=200
NOTE: tuned budget (batch=64, epochs=3); P0 gkt used batch=4, epochs=10

[fold 0] loading splits + e_pre...
[fold 0] AUC=0.5744 n_predictions=119145

Wrote comparison table: D:\TUAN\DH2A-KT\DH2A-KT\results\tables\dh2_kt_v5q_smoke_vs_p0.csv
dataset fold reference_model   p0_auc  dh2_kt_auc  delta_auc budget_reference  batch_size  epochs comparison_type                                                       budget_note  n_predictions
xes3g5m    0             gkt 0.833644    0.574439  -0.259206              gkt          64       3   observational tuned budget (batch=64, epochs=3); P0 gkt used batch=4, epochs=10         119145
xes3g5m    0        simplekt 0.874720    0.574439  -0.300281              gkt          64       3   observational tuned budget (batch=64, epochs=3); P0 gkt used batch=4, epochs=10         119145
xes3g5m mean             gkt 0.833644    0.574439  -0.259206              gkt          64       3   observational tuned budget (batch=64, epochs=3); P0 gkt used batch=4, epochs=10         119145
xes3g5m mean        simplekt 0.874720    0.574439  -0.300281              gkt          64       3   observational tuned budget (batch=64, epochs=3); P0 gkt used batch=4, epochs=10         119145
=== DONE v5_smoke ===
