=== ABLATION QUEUE START 5 runs ===
=== START v5q_ab_attn ===
python : INFO:src.io_utils:Loading interactions from 
D:\TUAN\DH2A-KT\DH2A-KT\external\p0_leakage_audit\data\processed\xes3g5m.parquet
At C:\Users\EDM\AppData\Local\Temp\ps-script-0b11ea46-7a87-4cc6-84ec-1a342d5eb1a3.ps1:118 char:3
+   python @args 2>&1 | Tee-Object -FilePath $log -Append
+   ~~~~~~~~~~~~~~~~~
    + CategoryInfo          : NotSpecified: (INFO:src.io_uti...xes3g5m.parquet:String) [], RemoteException
    + FullyQualifiedErrorId : NativeCommandError
 
INFO:src.io_utils:Loaded interactions shape=(6413353, 5)
INFO:src.split_checker:Creating learner split shape=(6413353, 6) ratios=(0.7, 0.1, 0.2) seed=42
INFO:src.split_checker:Created split sizes={'train': 4490513, 'valid': 640917, 'test': 1281923}
INFO:dh2a_kt.train.tier1:seed=42 (weight init and batch order)
INFO:dh2a_kt.train.tier1:Building concept-prerequisite hyperedges source=neighborhood fold=0
INFO:dh2a_kt.hyperedge.construction:Built 391 concept-prerequisite neighborhood hyperedges (fold=0)
INFO:dh2a_kt.hyperedge.construction:Built 1023 question hyperedges (fold=0, min_size=2)
INFO:dh2a_kt.train.tier1:v5: added 1023 question hyperedges over 7652 questions
INFO:dh2a_kt.train.tier1:train_fold: architecture=v5 concepts=865 exercises=7652 hyperedges=1414 
kinds=['concept_prerequisite', 'question_concepts'] device=cuda
INFO:dh2a_kt.train.tier1:internal selection split: 11381 train users / 1265 val users (val_frac=0.10)
INFO:dh2a_kt.train.tier1:UserSequenceDataset: 24193 windows (mode=chunked) from 3461325 interactions
INFO:dh2a_kt.train.tier1:UserSequenceDataset: 11554 windows (mode=chunked) from 1646881 interactions
INFO:dh2a_kt.train.tier1:UserSequenceDataset: 2699 windows (mode=chunked) from 384394 interactions
INFO:dh2a_kt.train.tier1:epoch=1/20 loss=0.4638 batches=379 skipped_nonfinite=0
INFO:dh2a_kt.train.tier1:epoch=1/20 val_auc=0.7637 val_n=381683
INFO:dh2a_kt.train.tier1:epoch=2/20 loss=0.4267 batches=379 skipped_nonfinite=0
INFO:dh2a_kt.train.tier1:epoch=2/20 val_auc=0.7785 val_n=381683
INFO:dh2a_kt.train.tier1:epoch=3/20 loss=0.4186 batches=379 skipped_nonfinite=0
INFO:dh2a_kt.train.tier1:epoch=3/20 val_auc=0.7864 val_n=381683
INFO:dh2a_kt.train.tier1:epoch=4/20 loss=0.4132 batches=379 skipped_nonfinite=0
INFO:dh2a_kt.train.tier1:epoch=4/20 val_auc=0.7896 val_n=381683
INFO:dh2a_kt.train.tier1:epoch=5/20 loss=0.4104 batches=379 skipped_nonfinite=0
INFO:dh2a_kt.train.tier1:epoch=5/20 val_auc=0.7926 val_n=381683
INFO:dh2a_kt.train.tier1:epoch=6/20 loss=0.4088 batches=379 skipped_nonfinite=0
INFO:dh2a_kt.train.tier1:epoch=6/20 val_auc=0.7939 val_n=381683
INFO:dh2a_kt.train.tier1:epoch=7/20 loss=0.4073 batches=379 skipped_nonfinite=0
INFO:dh2a_kt.train.tier1:epoch=7/20 val_auc=0.7946 val_n=381683
INFO:dh2a_kt.train.tier1:epoch=8/20 loss=0.4059 batches=379 skipped_nonfinite=0
INFO:dh2a_kt.train.tier1:epoch=8/20 val_auc=0.7963 val_n=381683
INFO:dh2a_kt.train.tier1:epoch=9/20 loss=0.4042 batches=379 skipped_nonfinite=0
INFO:dh2a_kt.train.tier1:epoch=9/20 val_auc=0.7970 val_n=381683
INFO:dh2a_kt.train.tier1:epoch=10/20 loss=0.4031 batches=379 skipped_nonfinite=0
INFO:dh2a_kt.train.tier1:epoch=10/20 val_auc=0.7974 val_n=381683
INFO:dh2a_kt.train.tier1:epoch=11/20 loss=0.4028 batches=379 skipped_nonfinite=0
INFO:dh2a_kt.train.tier1:epoch=11/20 val_auc=0.7980 val_n=381683
INFO:dh2a_kt.train.tier1:epoch=12/20 loss=0.4017 batches=379 skipped_nonfinite=0
INFO:dh2a_kt.train.tier1:epoch=12/20 val_auc=0.7978 val_n=381683
INFO:dh2a_kt.train.tier1:epoch=13/20 loss=0.4008 batches=379 skipped_nonfinite=0
INFO:dh2a_kt.train.tier1:epoch=13/20 val_auc=0.7988 val_n=381683
INFO:dh2a_kt.train.tier1:epoch=14/20 loss=0.4012 batches=379 skipped_nonfinite=0
INFO:dh2a_kt.train.tier1:epoch=14/20 val_auc=0.7990 val_n=381683
INFO:dh2a_kt.train.tier1:epoch=15/20 loss=0.3998 batches=379 skipped_nonfinite=0
INFO:dh2a_kt.train.tier1:epoch=15/20 val_auc=0.7986 val_n=381683
INFO:dh2a_kt.train.tier1:epoch=16/20 loss=0.3994 batches=379 skipped_nonfinite=0
INFO:dh2a_kt.train.tier1:epoch=16/20 val_auc=0.7990 val_n=381683
INFO:dh2a_kt.train.tier1:epoch=17/20 loss=0.3988 batches=379 skipped_nonfinite=0
INFO:dh2a_kt.train.tier1:epoch=17/20 val_auc=0.7987 val_n=381683
INFO:dh2a_kt.train.tier1:epoch=18/20 loss=0.3977 batches=379 skipped_nonfinite=0
INFO:dh2a_kt.train.tier1:epoch=18/20 val_auc=0.7989 val_n=381683
INFO:dh2a_kt.train.tier1:epoch=19/20 loss=0.3980 batches=379 skipped_nonfinite=0
INFO:dh2a_kt.train.tier1:epoch=19/20 val_auc=0.7989 val_n=381683
INFO:dh2a_kt.train.tier1:epoch=20/20 loss=0.3972 batches=379 skipped_nonfinite=0
INFO:dh2a_kt.train.tier1:epoch=20/20 val_auc=0.7991 val_n=381683
INFO:dh2a_kt.train.tier1:restored best epoch=20 train_loss=0.3972 val_auc=0.7991 (of 20)
INFO:dh2a_kt.train.tier1:wrote DH2-KT checkpoint -> 
D:\TUAN\DH2A-KT\DH2A-KT\results\checkpoints\xes3g5m_fold0_v5q_ab_attn.pt
dataset=xes3g5m architecture=v5 tag=v5q_ab_attn hyperedge_source=neighborhood no_graph=False use_questions=True window_mode=chunked val_frac=0.1 mask_repeats=False seed=42 memory_dim=16 max_degree=16 graph_transport=0.5 event_pool=attention transport=clique hyperedge_embed=False kind_conditioned=False graph_dropout=0.0 laux=0.0 budget=gkt matched_p0=False batch=64 epochs=20 lr=0.001 max_seq_len=200
NOTE: tuned budget (batch=64, epochs=20); P0 gkt used batch=4, epochs=10

[fold 0] loading splits + e_pre...
[fold 0] AUC=0.7996 n_predictions=1635267

Wrote comparison table: D:\TUAN\DH2A-KT\DH2A-KT\results\tables\dh2_kt_v5q_ab_attn_vs_p0.csv
dataset fold reference_model   p0_auc  dh2_kt_auc  delta_auc budget_reference  batch_size  epochs comparison_type                                                        budget_note  n_predictions
xes3g5m    0             gkt 0.833644    0.799567  -0.034077              gkt          64      20   observational tuned budget (batch=64, epochs=20); P0 gkt used batch=4, epochs=10        1635267
xes3g5m    0        simplekt 0.874720    0.799567  -0.075153              gkt          64      20   observational tuned budget (batch=64, epochs=20); P0 gkt used batch=4, epochs=10        1635267
xes3g5m mean             gkt 0.833644    0.799567  -0.034077              gkt          64      20   observational tuned budget (batch=64, epochs=20); P0 gkt used batch=4, epochs=10        1635267
xes3g5m mean        simplekt 0.874720    0.799567  -0.075153              gkt          64      20   observational tuned budget (batch=64, epochs=20); P0 gkt used batch=4, epochs=10        1635267
=== DONE v5q_ab_attn ===
=== START v5q_ab_star ===
python : INFO:src.io_utils:Loading interactions from 
D:\TUAN\DH2A-KT\DH2A-KT\external\p0_leakage_audit\data\processed\xes3g5m.parquet
At C:\Users\EDM\AppData\Local\Temp\ps-script-0b11ea46-7a87-4cc6-84ec-1a342d5eb1a3.ps1:118 char:3
+   python @args 2>&1 | Tee-Object -FilePath $log -Append
+   ~~~~~~~~~~~~~~~~~
    + CategoryInfo          : NotSpecified: (INFO:src.io_uti...xes3g5m.parquet:String) [], RemoteException
    + FullyQualifiedErrorId : NativeCommandError
 
INFO:src.io_utils:Loaded interactions shape=(6413353, 5)
INFO:src.split_checker:Creating learner split shape=(6413353, 6) ratios=(0.7, 0.1, 0.2) seed=42
INFO:src.split_checker:Created split sizes={'train': 4490513, 'valid': 640917, 'test': 1281923}
INFO:dh2a_kt.train.tier1:seed=42 (weight init and batch order)
INFO:dh2a_kt.train.tier1:Building concept-prerequisite hyperedges source=neighborhood fold=0
INFO:dh2a_kt.hyperedge.construction:Built 391 concept-prerequisite neighborhood hyperedges (fold=0)
INFO:dh2a_kt.hyperedge.construction:Built 1023 question hyperedges (fold=0, min_size=2)
INFO:dh2a_kt.train.tier1:v5: added 1023 question hyperedges over 7652 questions
INFO:dh2a_kt.train.tier1:train_fold: architecture=v5 concepts=865 exercises=7652 hyperedges=1414 
kinds=['concept_prerequisite', 'question_concepts'] device=cuda
INFO:dh2a_kt.train.tier1:internal selection split: 11381 train users / 1265 val users (val_frac=0.10)
INFO:dh2a_kt.train.tier1:UserSequenceDataset: 24193 windows (mode=chunked) from 3461325 interactions
INFO:dh2a_kt.train.tier1:UserSequenceDataset: 11554 windows (mode=chunked) from 1646881 interactions
INFO:dh2a_kt.train.tier1:UserSequenceDataset: 2699 windows (mode=chunked) from 384394 interactions
INFO:dh2a_kt.train.tier1:epoch=1/20 loss=0.6045 batches=379 skipped_nonfinite=0
INFO:dh2a_kt.train.tier1:epoch=1/20 val_auc=0.5168 val_n=381683
INFO:dh2a_kt.train.tier1:epoch=2/20 loss=0.5644 batches=379 skipped_nonfinite=0
INFO:dh2a_kt.train.tier1:epoch=2/20 val_auc=0.5156 val_n=381683
INFO:dh2a_kt.train.tier1:epoch=3/20 loss=0.5609 batches=379 skipped_nonfinite=0
INFO:dh2a_kt.train.tier1:epoch=3/20 val_auc=0.5169 val_n=381683
INFO:dh2a_kt.train.tier1:epoch=4/20 loss=0.5315 batches=379 skipped_nonfinite=0
INFO:dh2a_kt.train.tier1:epoch=4/20 val_auc=0.5222 val_n=381683
INFO:dh2a_kt.train.tier1:epoch=5/20 loss=1.1452 batches=379 skipped_nonfinite=0
INFO:dh2a_kt.train.tier1:epoch=5/20 val_auc=0.5167 val_n=381683
INFO:dh2a_kt.train.tier1:epoch=6/20 loss=4.4534 batches=379 skipped_nonfinite=0
INFO:dh2a_kt.train.tier1:epoch=6/20 val_auc=0.5192 val_n=381683
INFO:dh2a_kt.train.tier1:epoch=7/20 loss=0.8264 batches=379 skipped_nonfinite=0
INFO:dh2a_kt.train.tier1:epoch=7/20 val_auc=0.5046 val_n=381683
INFO:dh2a_kt.train.tier1:epoch=8/20 loss=3.6193 batches=379 skipped_nonfinite=0
INFO:dh2a_kt.train.tier1:epoch=8/20 val_auc=0.5134 val_n=381683
INFO:dh2a_kt.train.tier1:epoch=9/20 loss=1.0623 batches=379 skipped_nonfinite=0
INFO:dh2a_kt.train.tier1:epoch=9/20 val_auc=0.5024 val_n=381683
INFO:dh2a_kt.train.tier1:early stop at epoch=9 (no val AUC gain for 5 epochs)
INFO:dh2a_kt.train.tier1:restored best epoch=4 train_loss=0.5315 val_auc=0.5222 (of 20)
INFO:dh2a_kt.train.tier1:wrote DH2-KT checkpoint -> 
D:\TUAN\DH2A-KT\DH2A-KT\results\checkpoints\xes3g5m_fold0_v5q_ab_star.pt
dataset=xes3g5m architecture=v5 tag=v5q_ab_star hyperedge_source=neighborhood no_graph=False use_questions=True window_mode=chunked val_frac=0.1 mask_repeats=False seed=42 memory_dim=16 max_degree=16 graph_transport=0.5 event_pool=mean transport=star hyperedge_embed=False kind_conditioned=False graph_dropout=0.0 laux=0.0 budget=gkt matched_p0=False batch=64 epochs=20 lr=0.001 max_seq_len=200
NOTE: tuned budget (batch=64, epochs=20); P0 gkt used batch=4, epochs=10

[fold 0] loading splits + e_pre...
[fold 0] AUC=0.5243 n_predictions=1635267

Wrote comparison table: D:\TUAN\DH2A-KT\DH2A-KT\results\tables\dh2_kt_v5q_ab_star_vs_p0.csv
dataset fold reference_model   p0_auc  dh2_kt_auc  delta_auc budget_reference  batch_size  epochs comparison_type                                                        budget_note  n_predictions
xes3g5m    0             gkt 0.833644    0.524332  -0.309313              gkt          64      20   observational tuned budget (batch=64, epochs=20); P0 gkt used batch=4, epochs=10        1635267
xes3g5m    0        simplekt 0.874720    0.524332  -0.350388              gkt          64      20   observational tuned budget (batch=64, epochs=20); P0 gkt used batch=4, epochs=10        1635267
xes3g5m mean             gkt 0.833644    0.524332  -0.309313              gkt          64      20   observational tuned budget (batch=64, epochs=20); P0 gkt used batch=4, epochs=10        1635267
xes3g5m mean        simplekt 0.874720    0.524332  -0.350388              gkt          64      20   observational tuned budget (batch=64, epochs=20); P0 gkt used batch=4, epochs=10        1635267
=== DONE v5q_ab_star ===
=== START v5q_ab_hedge ===
python : INFO:src.io_utils:Loading interactions from 
D:\TUAN\DH2A-KT\DH2A-KT\external\p0_leakage_audit\data\processed\xes3g5m.parquet
At C:\Users\EDM\AppData\Local\Temp\ps-script-0b11ea46-7a87-4cc6-84ec-1a342d5eb1a3.ps1:118 char:3
+   python @args 2>&1 | Tee-Object -FilePath $log -Append
+   ~~~~~~~~~~~~~~~~~
    + CategoryInfo          : NotSpecified: (INFO:src.io_uti...xes3g5m.parquet:String) [], RemoteException
    + FullyQualifiedErrorId : NativeCommandError
 
INFO:src.io_utils:Loaded interactions shape=(6413353, 5)
INFO:src.split_checker:Creating learner split shape=(6413353, 6) ratios=(0.7, 0.1, 0.2) seed=42
INFO:src.split_checker:Created split sizes={'train': 4490513, 'valid': 640917, 'test': 1281923}
INFO:dh2a_kt.train.tier1:seed=42 (weight init and batch order)
INFO:dh2a_kt.train.tier1:Building concept-prerequisite hyperedges source=neighborhood fold=0
INFO:dh2a_kt.hyperedge.construction:Built 391 concept-prerequisite neighborhood hyperedges (fold=0)
INFO:dh2a_kt.hyperedge.construction:Built 1023 question hyperedges (fold=0, min_size=2)
INFO:dh2a_kt.train.tier1:v5: added 1023 question hyperedges over 7652 questions
INFO:dh2a_kt.train.tier1:train_fold: architecture=v5 concepts=865 exercises=7652 hyperedges=1414 
kinds=['concept_prerequisite', 'question_concepts'] device=cuda
INFO:dh2a_kt.train.tier1:internal selection split: 11381 train users / 1265 val users (val_frac=0.10)
INFO:dh2a_kt.train.tier1:UserSequenceDataset: 24193 windows (mode=chunked) from 3461325 interactions
INFO:dh2a_kt.train.tier1:UserSequenceDataset: 11554 windows (mode=chunked) from 1646881 interactions
INFO:dh2a_kt.train.tier1:UserSequenceDataset: 2699 windows (mode=chunked) from 384394 interactions
INFO:dh2a_kt.train.tier1:epoch=1/20 loss=0.4498 batches=379 skipped_nonfinite=0
INFO:dh2a_kt.train.tier1:epoch=1/20 val_auc=0.7866 val_n=381683
INFO:dh2a_kt.train.tier1:epoch=2/20 loss=0.4114 batches=379 skipped_nonfinite=0
INFO:dh2a_kt.train.tier1:epoch=2/20 val_auc=0.7958 val_n=381683
INFO:dh2a_kt.train.tier1:epoch=3/20 loss=0.4062 batches=379 skipped_nonfinite=0
INFO:dh2a_kt.train.tier1:epoch=3/20 val_auc=0.7982 val_n=381683
INFO:dh2a_kt.train.tier1:epoch=4/20 loss=0.4029 batches=379 skipped_nonfinite=0
INFO:dh2a_kt.train.tier1:epoch=4/20 val_auc=0.8001 val_n=381683
INFO:dh2a_kt.train.tier1:epoch=5/20 loss=0.4011 batches=379 skipped_nonfinite=0
INFO:dh2a_kt.train.tier1:epoch=5/20 val_auc=0.8012 val_n=381683
INFO:dh2a_kt.train.tier1:epoch=6/20 loss=0.4002 batches=379 skipped_nonfinite=0
INFO:dh2a_kt.train.tier1:epoch=6/20 val_auc=0.8010 val_n=381683
INFO:dh2a_kt.train.tier1:epoch=7/20 loss=0.3995 batches=379 skipped_nonfinite=0
INFO:dh2a_kt.train.tier1:epoch=7/20 val_auc=0.8018 val_n=381683
INFO:dh2a_kt.train.tier1:epoch=8/20 loss=0.3988 batches=379 skipped_nonfinite=0
INFO:dh2a_kt.train.tier1:epoch=8/20 val_auc=0.8023 val_n=381683
INFO:dh2a_kt.train.tier1:epoch=9/20 loss=0.3980 batches=379 skipped_nonfinite=0
INFO:dh2a_kt.train.tier1:epoch=9/20 val_auc=0.8024 val_n=381683
INFO:dh2a_kt.train.tier1:epoch=10/20 loss=0.3974 batches=379 skipped_nonfinite=0
INFO:dh2a_kt.train.tier1:epoch=10/20 val_auc=0.8023 val_n=381683
INFO:dh2a_kt.train.tier1:epoch=11/20 loss=0.3970 batches=379 skipped_nonfinite=0
INFO:dh2a_kt.train.tier1:epoch=11/20 val_auc=0.8027 val_n=381683
INFO:dh2a_kt.train.tier1:epoch=12/20 loss=0.3960 batches=379 skipped_nonfinite=0
INFO:dh2a_kt.train.tier1:epoch=12/20 val_auc=0.8025 val_n=381683
INFO:dh2a_kt.train.tier1:epoch=13/20 loss=0.3938 batches=379 skipped_nonfinite=0
INFO:dh2a_kt.train.tier1:epoch=13/20 val_auc=0.8026 val_n=381683
INFO:dh2a_kt.train.tier1:epoch=14/20 loss=0.3939 batches=379 skipped_nonfinite=0
INFO:dh2a_kt.train.tier1:epoch=14/20 val_auc=0.8030 val_n=381683
INFO:dh2a_kt.train.tier1:epoch=15/20 loss=0.3933 batches=379 skipped_nonfinite=0
INFO:dh2a_kt.train.tier1:epoch=15/20 val_auc=0.8032 val_n=381683
INFO:dh2a_kt.train.tier1:epoch=16/20 loss=0.3922 batches=379 skipped_nonfinite=0
INFO:dh2a_kt.train.tier1:epoch=16/20 val_auc=0.8029 val_n=381683
INFO:dh2a_kt.train.tier1:epoch=17/20 loss=0.3911 batches=379 skipped_nonfinite=0
INFO:dh2a_kt.train.tier1:epoch=17/20 val_auc=0.8037 val_n=381683
INFO:dh2a_kt.train.tier1:epoch=18/20 loss=0.3893 batches=379 skipped_nonfinite=0
INFO:dh2a_kt.train.tier1:epoch=18/20 val_auc=0.8042 val_n=381683
INFO:dh2a_kt.train.tier1:epoch=19/20 loss=0.3884 batches=379 skipped_nonfinite=0
INFO:dh2a_kt.train.tier1:epoch=19/20 val_auc=0.8036 val_n=381683
INFO:dh2a_kt.train.tier1:epoch=20/20 loss=0.3881 batches=379 skipped_nonfinite=0
INFO:dh2a_kt.train.tier1:epoch=20/20 val_auc=0.8041 val_n=381683
INFO:dh2a_kt.train.tier1:restored best epoch=18 train_loss=0.3893 val_auc=0.8042 (of 20)
INFO:dh2a_kt.train.tier1:wrote DH2-KT checkpoint -> 
D:\TUAN\DH2A-KT\DH2A-KT\results\checkpoints\xes3g5m_fold0_v5q_ab_hedge.pt
dataset=xes3g5m architecture=v5 tag=v5q_ab_hedge hyperedge_source=neighborhood no_graph=False use_questions=True window_mode=chunked val_frac=0.1 mask_repeats=False seed=42 memory_dim=16 max_degree=16 graph_transport=0.5 event_pool=mean transport=clique hyperedge_embed=True kind_conditioned=False graph_dropout=0.0 laux=0.0 budget=gkt matched_p0=False batch=64 epochs=20 lr=0.001 max_seq_len=200
NOTE: tuned budget (batch=64, epochs=20); P0 gkt used batch=4, epochs=10

[fold 0] loading splits + e_pre...
[fold 0] AUC=0.8047 n_predictions=1635267

Wrote comparison table: D:\TUAN\DH2A-KT\DH2A-KT\results\tables\dh2_kt_v5q_ab_hedge_vs_p0.csv
dataset fold reference_model   p0_auc  dh2_kt_auc  delta_auc budget_reference  batch_size  epochs comparison_type                                                        budget_note  n_predictions
xes3g5m    0             gkt 0.833644    0.804702  -0.028942              gkt          64      20   observational tuned budget (batch=64, epochs=20); P0 gkt used batch=4, epochs=10        1635267
xes3g5m    0        simplekt 0.874720    0.804702  -0.070018              gkt          64      20   observational tuned budget (batch=64, epochs=20); P0 gkt used batch=4, epochs=10        1635267
xes3g5m mean             gkt 0.833644    0.804702  -0.028942              gkt          64      20   observational tuned budget (batch=64, epochs=20); P0 gkt used batch=4, epochs=10        1635267
xes3g5m mean        simplekt 0.874720    0.804702  -0.070018              gkt          64      20   observational tuned budget (batch=64, epochs=20); P0 gkt used batch=4, epochs=10        1635267
=== DONE v5q_ab_hedge ===
=== START v5q_ab_kind ===
python : INFO:src.io_utils:Loading interactions from 
D:\TUAN\DH2A-KT\DH2A-KT\external\p0_leakage_audit\data\processed\xes3g5m.parquet
At C:\Users\EDM\AppData\Local\Temp\ps-script-0b11ea46-7a87-4cc6-84ec-1a342d5eb1a3.ps1:118 char:3
+   python @args 2>&1 | Tee-Object -FilePath $log -Append
+   ~~~~~~~~~~~~~~~~~
    + CategoryInfo          : NotSpecified: (INFO:src.io_uti...xes3g5m.parquet:String) [], RemoteException
    + FullyQualifiedErrorId : NativeCommandError
 
INFO:src.io_utils:Loaded interactions shape=(6413353, 5)
INFO:src.split_checker:Creating learner split shape=(6413353, 6) ratios=(0.7, 0.1, 0.2) seed=42
INFO:src.split_checker:Created split sizes={'train': 4490513, 'valid': 640917, 'test': 1281923}
INFO:dh2a_kt.train.tier1:seed=42 (weight init and batch order)
INFO:dh2a_kt.train.tier1:Building concept-prerequisite hyperedges source=neighborhood fold=0
INFO:dh2a_kt.hyperedge.construction:Built 391 concept-prerequisite neighborhood hyperedges (fold=0)
INFO:dh2a_kt.hyperedge.construction:Built 1023 question hyperedges (fold=0, min_size=2)
INFO:dh2a_kt.train.tier1:v5: added 1023 question hyperedges over 7652 questions
INFO:dh2a_kt.train.tier1:train_fold: architecture=v5 concepts=865 exercises=7652 hyperedges=1414 
kinds=['concept_prerequisite', 'question_concepts'] device=cuda
INFO:dh2a_kt.train.tier1:internal selection split: 11381 train users / 1265 val users (val_frac=0.10)
INFO:dh2a_kt.train.tier1:UserSequenceDataset: 24193 windows (mode=chunked) from 3461325 interactions
INFO:dh2a_kt.train.tier1:UserSequenceDataset: 11554 windows (mode=chunked) from 1646881 interactions
INFO:dh2a_kt.train.tier1:UserSequenceDataset: 2699 windows (mode=chunked) from 384394 interactions
INFO:dh2a_kt.train.tier1:epoch=1/20 loss=0.4614 batches=379 skipped_nonfinite=0
INFO:dh2a_kt.train.tier1:epoch=1/20 val_auc=0.7565 val_n=381683
INFO:dh2a_kt.train.tier1:epoch=2/20 loss=0.4266 batches=379 skipped_nonfinite=0
INFO:dh2a_kt.train.tier1:epoch=2/20 val_auc=0.7751 val_n=381683
INFO:dh2a_kt.train.tier1:epoch=3/20 loss=0.4187 batches=379 skipped_nonfinite=0
INFO:dh2a_kt.train.tier1:epoch=3/20 val_auc=0.7839 val_n=381683
INFO:dh2a_kt.train.tier1:epoch=4/20 loss=0.4140 batches=379 skipped_nonfinite=0
INFO:dh2a_kt.train.tier1:epoch=4/20 val_auc=0.7870 val_n=381683
INFO:dh2a_kt.train.tier1:epoch=5/20 loss=0.4110 batches=379 skipped_nonfinite=0
INFO:dh2a_kt.train.tier1:epoch=5/20 val_auc=0.7912 val_n=381683
INFO:dh2a_kt.train.tier1:epoch=6/20 loss=0.4086 batches=379 skipped_nonfinite=0
INFO:dh2a_kt.train.tier1:epoch=6/20 val_auc=0.7934 val_n=381683
INFO:dh2a_kt.train.tier1:epoch=7/20 loss=0.4079 batches=379 skipped_nonfinite=0
INFO:dh2a_kt.train.tier1:epoch=7/20 val_auc=0.7950 val_n=381683
INFO:dh2a_kt.train.tier1:epoch=8/20 loss=0.4062 batches=379 skipped_nonfinite=0
INFO:dh2a_kt.train.tier1:epoch=8/20 val_auc=0.7958 val_n=381683
INFO:dh2a_kt.train.tier1:epoch=9/20 loss=0.4040 batches=379 skipped_nonfinite=0
INFO:dh2a_kt.train.tier1:epoch=9/20 val_auc=0.7968 val_n=381683
INFO:dh2a_kt.train.tier1:epoch=10/20 loss=0.4036 batches=379 skipped_nonfinite=0
INFO:dh2a_kt.train.tier1:epoch=10/20 val_auc=0.7975 val_n=381683
INFO:dh2a_kt.train.tier1:epoch=11/20 loss=0.4035 batches=379 skipped_nonfinite=0
INFO:dh2a_kt.train.tier1:epoch=11/20 val_auc=0.7972 val_n=381683
INFO:dh2a_kt.train.tier1:epoch=12/20 loss=0.4026 batches=379 skipped_nonfinite=0
INFO:dh2a_kt.train.tier1:epoch=12/20 val_auc=0.7980 val_n=381683
