=== WAITING for v5q_nograph to finish ===
=== START v5q_priority ===
python : INFO:src.io_utils:Loading interactions from 
D:\TUAN\DH2A-KT\DH2A-KT\external\p0_leakage_audit\data\processed\xes3g5m.parquet
At C:\Users\EDM\AppData\Local\Temp\ps-script-3051e428-3f22-47dc-83f9-10608a8bbcb0.ps1:103 char:1
+ python scripts\03_train_tier1.py configs\xes3g5m.yaml --fold 0 --devi ...
+ ~~~~~~~~~~~~~~~~~~~~~~~~~~~~~~~~~~~~~~~~~~~~~~~~~~~~~~~~~~~~~~~~~~~~~
    + CategoryInfo          : NotSpecified: (INFO:src.io_uti...xes3g5m.parquet:String) [], RemoteException
    + FullyQualifiedErrorId : NativeCommandError
 
INFO:src.io_utils:Loaded interactions shape=(6413353, 5)
INFO:src.split_checker:Creating learner split shape=(6413353, 6) ratios=(0.7, 0.1, 0.2) seed=42
INFO:src.split_checker:Created split sizes={'train': 4490513, 'valid': 640917, 'test': 1281923}
INFO:dh2a_kt.train.tier1:seed=42 (weight init and batch order)
INFO:dh2a_kt.train.tier1:Building concept-prerequisite hyperedges source=neighborhood fold=0
INFO:dh2a_kt.hyperedge.construction:Built 391 concept-prerequisite neighborhood hyperedges (fold=0)
INFO:dh2a_kt.hyperedge.construction:Built 1023 question hyperedges (fold=0, min_size=2)
INFO:dh2a_kt.train.tier1:v5: added 1023 question hyperedges over 7652 questions
INFO:dh2a_kt.train.tier1:train_fold: architecture=v5 concepts=865 exercises=7652 hyperedges=1414 
kinds=['concept_prerequisite', 'question_concepts'] device=cuda
INFO:dh2a_kt.train.tier1:internal selection split: 11381 train users / 1265 val users (val_frac=0.10)
INFO:dh2a_kt.train.tier1:UserSequenceDataset: 24193 windows (mode=chunked) from 3461325 interactions
INFO:dh2a_kt.train.tier1:UserSequenceDataset: 11554 windows (mode=chunked) from 1646881 interactions
INFO:dh2a_kt.train.tier1:UserSequenceDataset: 2699 windows (mode=chunked) from 384394 interactions
INFO:dh2a_kt.train.tier1:epoch=1/20 loss=0.5999 batches=379 skipped_nonfinite=0
INFO:dh2a_kt.train.tier1:epoch=1/20 val_auc=0.5190 val_n=381683
INFO:dh2a_kt.train.tier1:epoch=2/20 loss=1.0764 batches=379 skipped_nonfinite=0
INFO:dh2a_kt.train.tier1:epoch=2/20 val_auc=0.5151 val_n=381683
INFO:dh2a_kt.train.tier1:epoch=3/20 loss=2.8666 batches=379 skipped_nonfinite=0
INFO:dh2a_kt.train.tier1:epoch=3/20 val_auc=0.5757 val_n=381683
INFO:dh2a_kt.train.tier1:epoch=4/20 loss=0.4668 batches=379 skipped_nonfinite=0
INFO:dh2a_kt.train.tier1:epoch=4/20 val_auc=0.7276 val_n=381683
INFO:dh2a_kt.train.tier1:epoch=5/20 loss=0.4545 batches=379 skipped_nonfinite=0
INFO:dh2a_kt.train.tier1:epoch=5/20 val_auc=0.7313 val_n=381683
INFO:dh2a_kt.train.tier1:epoch=6/20 loss=0.4498 batches=379 skipped_nonfinite=0
INFO:dh2a_kt.train.tier1:epoch=6/20 val_auc=0.7351 val_n=381683
INFO:dh2a_kt.train.tier1:epoch=7/20 loss=0.4452 batches=379 skipped_nonfinite=0
INFO:dh2a_kt.train.tier1:epoch=7/20 val_auc=0.7441 val_n=381683
INFO:dh2a_kt.train.tier1:epoch=8/20 loss=0.4316 batches=379 skipped_nonfinite=0
INFO:dh2a_kt.train.tier1:epoch=8/20 val_auc=0.7579 val_n=381683
INFO:dh2a_kt.train.tier1:epoch=9/20 loss=0.4537 batches=379 skipped_nonfinite=0
INFO:dh2a_kt.train.tier1:epoch=9/20 val_auc=0.7598 val_n=381683
INFO:dh2a_kt.train.tier1:epoch=10/20 loss=0.4791 batches=379 skipped_nonfinite=0
INFO:dh2a_kt.train.tier1:epoch=10/20 val_auc=0.6977 val_n=381683
INFO:dh2a_kt.train.tier1:epoch=11/20 loss=0.6670 batches=379 skipped_nonfinite=0
INFO:dh2a_kt.train.tier1:epoch=11/20 val_auc=0.7205 val_n=381683
INFO:dh2a_kt.train.tier1:epoch=12/20 loss=0.4858 batches=379 skipped_nonfinite=0
INFO:dh2a_kt.train.tier1:epoch=12/20 val_auc=0.7236 val_n=381683
INFO:dh2a_kt.train.tier1:epoch=13/20 loss=0.4614 batches=379 skipped_nonfinite=0
INFO:dh2a_kt.train.tier1:epoch=13/20 val_auc=0.7220 val_n=381683
INFO:dh2a_kt.train.tier1:epoch=14/20 loss=3.2190 batches=379 skipped_nonfinite=0
INFO:dh2a_kt.train.tier1:epoch=14/20 val_auc=0.6362 val_n=381683
INFO:dh2a_kt.train.tier1:early stop at epoch=14 (no val AUC gain for 5 epochs)
INFO:dh2a_kt.train.tier1:restored best epoch=9 train_loss=0.4537 val_auc=0.7598 (of 20)
INFO:dh2a_kt.train.tier1:wrote DH2-KT checkpoint -> 
D:\TUAN\DH2A-KT\DH2A-KT\results\checkpoints\xes3g5m_fold0_v5q_priority.pt
dataset=xes3g5m architecture=v5 tag=v5q_priority hyperedge_source=neighborhood no_graph=False use_questions=True window_mode=chunked val_frac=0.1 mask_repeats=False seed=42 memory_dim=16 max_degree=16 graph_transport=0.5 event_pool=attention transport=star hyperedge_embed=True kind_conditioned=True graph_dropout=0.0 laux=0.0 budget=gkt matched_p0=False batch=64 epochs=20 lr=0.001 max_seq_len=200
NOTE: tuned budget (batch=64, epochs=20); P0 gkt used batch=4, epochs=10

[fold 0] loading splits + e_pre...
[fold 0] AUC=0.7589 n_predictions=1635267

Wrote comparison table: D:\TUAN\DH2A-KT\DH2A-KT\results\tables\dh2_kt_v5q_priority_vs_p0.csv
dataset fold reference_model   p0_auc  dh2_kt_auc  delta_auc budget_reference  batch_size  epochs comparison_type                                                        budget_note  n_predictions
xes3g5m    0             gkt 0.833644     0.75895  -0.074695              gkt          64      20   observational tuned budget (batch=64, epochs=20); P0 gkt used batch=4, epochs=10        1635267
xes3g5m    0        simplekt 0.874720     0.75895  -0.115770              gkt          64      20   observational tuned budget (batch=64, epochs=20); P0 gkt used batch=4, epochs=10        1635267
xes3g5m mean             gkt 0.833644     0.75895  -0.074695              gkt          64      20   observational tuned budget (batch=64, epochs=20); P0 gkt used batch=4, epochs=10        1635267
xes3g5m mean        simplekt 0.874720     0.75895  -0.115770              gkt          64      20   observational tuned budget (batch=64, epochs=20); P0 gkt used batch=4, epochs=10        1635267
=== DONE v5q_priority ===
=== START v5q_priority_nograph ===
python : INFO:src.io_utils:Loading interactions from 
D:\TUAN\DH2A-KT\DH2A-KT\external\p0_leakage_audit\data\processed\xes3g5m.parquet
At C:\Users\EDM\AppData\Local\Temp\ps-script-3051e428-3f22-47dc-83f9-10608a8bbcb0.ps1:113 char:1
+ python scripts\03_train_tier1.py configs\xes3g5m.yaml --fold 0 --devi ...
+ ~~~~~~~~~~~~~~~~~~~~~~~~~~~~~~~~~~~~~~~~~~~~~~~~~~~~~~~~~~~~~~~~~~~~~
    + CategoryInfo          : NotSpecified: (INFO:src.io_uti...xes3g5m.parquet:String) [], RemoteException
    + FullyQualifiedErrorId : NativeCommandError
 
INFO:src.io_utils:Loaded interactions shape=(6413353, 5)
INFO:src.split_checker:Creating learner split shape=(6413353, 6) ratios=(0.7, 0.1, 0.2) seed=42
INFO:src.split_checker:Created split sizes={'train': 4490513, 'valid': 640917, 'test': 1281923}
INFO:dh2a_kt.train.tier1:seed=42 (weight init and batch order)
INFO:dh2a_kt.train.tier1:Building concept-prerequisite hyperedges source=neighborhood fold=0
INFO:dh2a_kt.hyperedge.construction:Built 391 concept-prerequisite neighborhood hyperedges (fold=0)
INFO:dh2a_kt.hyperedge.construction:Built 1023 question hyperedges (fold=0, min_size=2)
INFO:dh2a_kt.train.tier1:v5: added 1023 question hyperedges over 7652 questions
INFO:dh2a_kt.train.tier1:use_graph=False: training with zero hyperedges (graph ablation)
INFO:dh2a_kt.train.tier1:train_fold: architecture=v5 concepts=865 exercises=7652 hyperedges=0 
kinds=['concept_prerequisite', 'question_concepts'] device=cuda
INFO:dh2a_kt.train.tier1:internal selection split: 11381 train users / 1265 val users (val_frac=0.10)
INFO:dh2a_kt.train.tier1:UserSequenceDataset: 24193 windows (mode=chunked) from 3461325 interactions
INFO:dh2a_kt.train.tier1:UserSequenceDataset: 11554 windows (mode=chunked) from 1646881 interactions
INFO:dh2a_kt.train.tier1:UserSequenceDataset: 2699 windows (mode=chunked) from 384394 interactions
INFO:dh2a_kt.train.tier1:epoch=1/20 loss=0.4429 batches=379 skipped_nonfinite=0
INFO:dh2a_kt.train.tier1:epoch=1/20 val_auc=0.7846 val_n=381683
INFO:dh2a_kt.train.tier1:epoch=2/20 loss=0.4096 batches=379 skipped_nonfinite=0
INFO:dh2a_kt.train.tier1:epoch=2/20 val_auc=0.7961 val_n=381683
INFO:dh2a_kt.train.tier1:epoch=3/20 loss=0.4059 batches=379 skipped_nonfinite=0
INFO:dh2a_kt.train.tier1:epoch=3/20 val_auc=0.7975 val_n=381683
INFO:dh2a_kt.train.tier1:epoch=4/20 loss=0.4037 batches=379 skipped_nonfinite=0
INFO:dh2a_kt.train.tier1:epoch=4/20 val_auc=0.7951 val_n=381683
INFO:dh2a_kt.train.tier1:epoch=5/20 loss=0.4031 batches=379 skipped_nonfinite=0
INFO:dh2a_kt.train.tier1:epoch=5/20 val_auc=0.7996 val_n=381683
INFO:dh2a_kt.train.tier1:epoch=6/20 loss=0.4010 batches=379 skipped_nonfinite=0
INFO:dh2a_kt.train.tier1:epoch=6/20 val_auc=0.7999 val_n=381683
INFO:dh2a_kt.train.tier1:epoch=7/20 loss=0.4002 batches=379 skipped_nonfinite=0
INFO:dh2a_kt.train.tier1:epoch=7/20 val_auc=0.7995 val_n=381683
INFO:dh2a_kt.train.tier1:epoch=8/20 loss=0.3994 batches=379 skipped_nonfinite=0
INFO:dh2a_kt.train.tier1:epoch=8/20 val_auc=0.8008 val_n=381683
INFO:dh2a_kt.train.tier1:epoch=9/20 loss=0.3974 batches=379 skipped_nonfinite=0
INFO:dh2a_kt.train.tier1:epoch=9/20 val_auc=0.8033 val_n=381683
INFO:dh2a_kt.train.tier1:epoch=10/20 loss=0.3954 batches=379 skipped_nonfinite=0
INFO:dh2a_kt.train.tier1:epoch=10/20 val_auc=0.8036 val_n=381683
INFO:dh2a_kt.train.tier1:epoch=11/20 loss=0.3941 batches=379 skipped_nonfinite=0
INFO:dh2a_kt.train.tier1:epoch=11/20 val_auc=0.8043 val_n=381683
INFO:dh2a_kt.train.tier1:epoch=12/20 loss=0.3929 batches=379 skipped_nonfinite=0
INFO:dh2a_kt.train.tier1:epoch=12/20 val_auc=0.8050 val_n=381683
INFO:dh2a_kt.train.tier1:epoch=13/20 loss=0.3908 batches=379 skipped_nonfinite=0
INFO:dh2a_kt.train.tier1:epoch=13/20 val_auc=0.8050 val_n=381683
INFO:dh2a_kt.train.tier1:epoch=14/20 loss=0.3904 batches=379 skipped_nonfinite=0
INFO:dh2a_kt.train.tier1:epoch=14/20 val_auc=0.8052 val_n=381683
INFO:dh2a_kt.train.tier1:epoch=15/20 loss=0.3900 batches=379 skipped_nonfinite=0
INFO:dh2a_kt.train.tier1:epoch=15/20 val_auc=0.8050 val_n=381683
INFO:dh2a_kt.train.tier1:epoch=16/20 loss=0.3882 batches=379 skipped_nonfinite=0
INFO:dh2a_kt.train.tier1:epoch=16/20 val_auc=0.8046 val_n=381683
INFO:dh2a_kt.train.tier1:epoch=17/20 loss=0.3892 batches=379 skipped_nonfinite=0
INFO:dh2a_kt.train.tier1:epoch=17/20 val_auc=0.8038 val_n=381683
INFO:dh2a_kt.train.tier1:epoch=18/20 loss=0.3877 batches=379 skipped_nonfinite=0
INFO:dh2a_kt.train.tier1:epoch=18/20 val_auc=0.8039 val_n=381683
INFO:dh2a_kt.train.tier1:epoch=19/20 loss=0.3864 batches=379 skipped_nonfinite=0
INFO:dh2a_kt.train.tier1:epoch=19/20 val_auc=0.8035 val_n=381683
INFO:dh2a_kt.train.tier1:early stop at epoch=19 (no val AUC gain for 5 epochs)
INFO:dh2a_kt.train.tier1:restored best epoch=14 train_loss=0.3904 val_auc=0.8052 (of 20)
INFO:dh2a_kt.train.tier1:wrote DH2-KT checkpoint -> 
D:\TUAN\DH2A-KT\DH2A-KT\results\checkpoints\xes3g5m_fold0_v5q_priority_nograph.pt
dataset=xes3g5m architecture=v5 tag=v5q_priority_nograph hyperedge_source=neighborhood no_graph=True use_questions=True window_mode=chunked val_frac=0.1 mask_repeats=False seed=42 memory_dim=16 max_degree=16 graph_transport=0.5 event_pool=attention transport=star hyperedge_embed=True kind_conditioned=True graph_dropout=0.0 laux=0.0 budget=gkt matched_p0=False batch=64 epochs=20 lr=0.001 max_seq_len=200
NOTE: tuned budget (batch=64, epochs=20); P0 gkt used batch=4, epochs=10

[fold 0] loading splits + e_pre...
[fold 0] AUC=0.8059 n_predictions=1635267

Wrote comparison table: D:\TUAN\DH2A-KT\DH2A-KT\results\tables\dh2_kt_v5q_priority_nograph_vs_p0.csv
dataset fold reference_model   p0_auc  dh2_kt_auc  delta_auc budget_reference  batch_size  epochs comparison_type                                                        budget_note  n_predictions
xes3g5m    0             gkt 0.833644    0.805854  -0.027790              gkt          64      20   observational tuned budget (batch=64, epochs=20); P0 gkt used batch=4, epochs=10        1635267
xes3g5m    0        simplekt 0.874720    0.805854  -0.068866              gkt          64      20   observational tuned budget (batch=64, epochs=20); P0 gkt used batch=4, epochs=10        1635267
xes3g5m mean             gkt 0.833644    0.805854  -0.027790              gkt          64      20   observational tuned budget (batch=64, epochs=20); P0 gkt used batch=4, epochs=10        1635267
xes3g5m mean        simplekt 0.874720    0.805854  -0.068866              gkt          64      20   observational tuned budget (batch=64, epochs=20); P0 gkt used batch=4, epochs=10        1635267
=== DONE v5q_priority_nograph ===
=== ALL PRIORITY DONE ===
