dataset=xes3g5m architecture=v4 tag=v4q_h256l1 hyperedge_source=from config no_graph=False use_questions=True window_mode=chunked val_frac=0.1 mask_repeats=False graph_dropout=0.0 laux=0.0 budget=gkt matched_p0=False batch=64 epochs=40 lr=0.001 max_seq_len=200
NOTE: tuned budget (batch=64, epochs=40); P0 gkt used batch=4, epochs=10
python.exe : INFO:src.io_utils:Loading interactions from 
D:\TUAN\DH2A-KT\DH2A-KT\external\p0_leakage_audit\data\processed\xes3g5m.parquet
At D:\TUAN\DH2A-KT\DH2A-KT\scripts\run_v4q_tune.ps1:9 char:1
+ & $py -u scripts/03_train_tier1.py configs/xes3g5m.yaml --fold 0 --de ...
+ ~~~~~~~~~~~~~~~~~~~~~~~~~~~~~~~~~~~~~~~~~~~~~~~~~~~~~~~~~~~~~~~~~~~~~
    + CategoryInfo          : NotSpecified: (INFO:src.io_uti...xes3g5m.parquet:String) [], RemoteException
    + FullyQualifiedErrorId : NativeCommandError
 
INFO:src.io_utils:Loaded interactions shape=(6413353, 5)

[fold 0] loading splits + e_pre...
INFO:src.split_checker:Creating learner split shape=(6413353, 6) ratios=(0.7, 0.1, 0.2) seed=42
INFO:src.split_checker:Created split sizes={'train': 4490513, 'valid': 640917, 'test': 1281923}
INFO:dh2a_kt.hyperedge.construction:Built 788818 session hyperedges (fold=0 gap=1800.0s)
[fold 0] session hyperedges: built=788818 selected=20000
INFO:dh2a_kt.train.tier1:Building concept-prerequisite hyperedges source=chain fold=0
INFO:dh2a_kt.hyperedge.construction:Built 446305 concept-prerequisite hyperedges (fold=0)
INFO:dh2a_kt.train.tier1:Added 20000 session hyperedges (concept projection) for training
INFO:dh2a_kt.train.tier1:train_fold: architecture=v4 concepts=865 exercises=7652 hyperedges=466305 
kinds=['concept_prerequisite', 'session'] device=cuda
INFO:dh2a_kt.train.tier1:internal selection split: 11381 train users / 1265 val users (val_frac=0.10)
INFO:dh2a_kt.train.tier1:UserSequenceDataset: 26253 windows (mode=chunked) from 4041573 interactions
INFO:dh2a_kt.train.tier1:UserSequenceDataset: 12507 windows (mode=chunked) from 1922840 interactions
INFO:dh2a_kt.train.tier1:UserSequenceDataset: 2929 windows (mode=chunked) from 448940 interactions
INFO:dh2a_kt.train.tier1:epoch=1/40 loss=0.3967 batches=411 skipped_nonfinite=0
INFO:dh2a_kt.train.tier1:epoch=1/40 val_auc=0.8371 val_n=446010
INFO:dh2a_kt.train.tier1:epoch=2/40 loss=0.3609 batches=411 skipped_nonfinite=0
INFO:dh2a_kt.train.tier1:epoch=2/40 val_auc=0.8461 val_n=446010
INFO:dh2a_kt.train.tier1:epoch=3/40 loss=0.3529 batches=411 skipped_nonfinite=0
INFO:dh2a_kt.train.tier1:epoch=3/40 val_auc=0.8513 val_n=446010
INFO:dh2a_kt.train.tier1:epoch=4/40 loss=0.3482 batches=411 skipped_nonfinite=0
INFO:dh2a_kt.train.tier1:epoch=4/40 val_auc=0.8543 val_n=446010
INFO:dh2a_kt.train.tier1:epoch=5/40 loss=0.3445 batches=411 skipped_nonfinite=0
INFO:dh2a_kt.train.tier1:epoch=5/40 val_auc=0.8558 val_n=446010
INFO:dh2a_kt.train.tier1:epoch=6/40 loss=0.3420 batches=411 skipped_nonfinite=0
INFO:dh2a_kt.train.tier1:epoch=6/40 val_auc=0.8575 val_n=446010
INFO:dh2a_kt.train.tier1:epoch=7/40 loss=0.3398 batches=411 skipped_nonfinite=0
INFO:dh2a_kt.train.tier1:epoch=7/40 val_auc=0.8584 val_n=446010
INFO:dh2a_kt.train.tier1:epoch=8/40 loss=0.3380 batches=411 skipped_nonfinite=0
INFO:dh2a_kt.train.tier1:epoch=8/40 val_auc=0.8591 val_n=446010
INFO:dh2a_kt.train.tier1:epoch=9/40 loss=0.3365 batches=411 skipped_nonfinite=0
INFO:dh2a_kt.train.tier1:epoch=9/40 val_auc=0.8595 val_n=446010
INFO:dh2a_kt.train.tier1:epoch=10/40 loss=0.3351 batches=411 skipped_nonfinite=0
INFO:dh2a_kt.train.tier1:epoch=10/40 val_auc=0.8598 val_n=446010
INFO:dh2a_kt.train.tier1:epoch=11/40 loss=0.3336 batches=411 skipped_nonfinite=0
INFO:dh2a_kt.train.tier1:epoch=11/40 val_auc=0.8601 val_n=446010
INFO:dh2a_kt.train.tier1:epoch=12/40 loss=0.3327 batches=411 skipped_nonfinite=0
INFO:dh2a_kt.train.tier1:epoch=12/40 val_auc=0.8602 val_n=446010
INFO:dh2a_kt.train.tier1:epoch=13/40 loss=0.3316 batches=411 skipped_nonfinite=0
INFO:dh2a_kt.train.tier1:epoch=13/40 val_auc=0.8603 val_n=446010
INFO:dh2a_kt.train.tier1:epoch=14/40 loss=0.3305 batches=411 skipped_nonfinite=0
INFO:dh2a_kt.train.tier1:epoch=14/40 val_auc=0.8605 val_n=446010
INFO:dh2a_kt.train.tier1:epoch=15/40 loss=0.3296 batches=411 skipped_nonfinite=0
INFO:dh2a_kt.train.tier1:epoch=15/40 val_auc=0.8604 val_n=446010
INFO:dh2a_kt.train.tier1:epoch=16/40 loss=0.3287 batches=411 skipped_nonfinite=0
INFO:dh2a_kt.train.tier1:epoch=16/40 val_auc=0.8607 val_n=446010
INFO:dh2a_kt.train.tier1:epoch=17/40 loss=0.3279 batches=411 skipped_nonfinite=0
INFO:dh2a_kt.train.tier1:epoch=17/40 val_auc=0.8605 val_n=446010
INFO:dh2a_kt.train.tier1:epoch=18/40 loss=0.3271 batches=411 skipped_nonfinite=0
INFO:dh2a_kt.train.tier1:epoch=18/40 val_auc=0.8607 val_n=446010
INFO:dh2a_kt.train.tier1:epoch=19/40 loss=0.3263 batches=411 skipped_nonfinite=0
INFO:dh2a_kt.train.tier1:epoch=19/40 val_auc=0.8607 val_n=446010
INFO:dh2a_kt.train.tier1:epoch=20/40 loss=0.3256 batches=411 skipped_nonfinite=0
INFO:dh2a_kt.train.tier1:epoch=20/40 val_auc=0.8602 val_n=446010
INFO:dh2a_kt.train.tier1:epoch=21/40 loss=0.3248 batches=411 skipped_nonfinite=0
INFO:dh2a_kt.train.tier1:epoch=21/40 val_auc=0.8608 val_n=446010
INFO:dh2a_kt.train.tier1:epoch=22/40 loss=0.3241 batches=411 skipped_nonfinite=0
INFO:dh2a_kt.train.tier1:epoch=22/40 val_auc=0.8606 val_n=446010
INFO:dh2a_kt.train.tier1:epoch=23/40 loss=0.3234 batches=411 skipped_nonfinite=0
INFO:dh2a_kt.train.tier1:epoch=23/40 val_auc=0.8603 val_n=446010
INFO:dh2a_kt.train.tier1:epoch=24/40 loss=0.3227 batches=411 skipped_nonfinite=0
INFO:dh2a_kt.train.tier1:epoch=24/40 val_auc=0.8603 val_n=446010
INFO:dh2a_kt.train.tier1:epoch=25/40 loss=0.3221 batches=411 skipped_nonfinite=0
INFO:dh2a_kt.train.tier1:epoch=25/40 val_auc=0.8599 val_n=446010
INFO:dh2a_kt.train.tier1:epoch=26/40 loss=0.3214 batches=411 skipped_nonfinite=0
INFO:dh2a_kt.train.tier1:epoch=26/40 val_auc=0.8599 val_n=446010
INFO:dh2a_kt.train.tier1:early stop at epoch=26 (no val AUC gain for 5 epochs)
INFO:dh2a_kt.train.tier1:restored best epoch=21 train_loss=0.3248 val_auc=0.8608 (of 40)
INFO:dh2a_kt.train.tier1:wrote DH2-KT checkpoint -> results\checkpoints\xes3g5m_fold0_v4q_h256l1.pt
[fold 0] AUC=0.8614 n_predictions=1910331

Wrote comparison table: results\tables\dh2_kt_v4q_h256l1_vs_p0.csv
dataset fold reference_model   p0_auc  dh2_kt_auc  delta_auc budget_reference  batch_size  epochs comparison_type                                                        budget_note  n_predictions
xes3g5m    0             gkt 0.833644    0.861401   0.027756              gkt          64      40   observational tuned budget (batch=64, epochs=40); P0 gkt used batch=4, epochs=10        1910331
xes3g5m    0        simplekt 0.874720    0.861401  -0.013319              gkt          64      40   observational tuned budget (batch=64, epochs=40); P0 gkt used batch=4, epochs=10        1910331
xes3g5m mean             gkt 0.833644    0.861401   0.027756              gkt          64      40   observational tuned budget (batch=64, epochs=40); P0 gkt used batch=4, epochs=10        1910331
xes3g5m mean        simplekt 0.874720    0.861401  -0.013319              gkt          64      40   observational tuned budget (batch=64, epochs=40); P0 gkt used batch=4, epochs=10        1910331
