dataset=xes3g5m architecture=v3 budget=gkt batch=4 epochs=10 max_seq_len=200

[fold 0] loading splits + e_pre...
INFO:src.io_utils:Loading interactions from D:\TUAN\DH2A-KT\DH2A-KT\external\p0_leakage_audit\data\processed\xes3g5m.parquet
INFO:src.io_utils:Loaded interactions shape=(6413353, 5)
INFO:src.split_checker:Creating learner split shape=(6413353, 6) ratios=(0.7, 0.1, 0.2) seed=42
INFO:src.split_checker:Created split sizes={'train': 4490513, 'valid': 640917, 'test': 1281923}
INFO:dh2a_kt.hyperedge.construction:Built 788818 session hyperedges (fold=0 gap=1800.0s)
[fold 0] session hyperedges: built=788818 selected=20000
INFO:dh2a_kt.train.tier1:Building concept-prerequisite hyperedges source=chain fold=0
INFO:dh2a_kt.hyperedge.construction:Built 446305 concept-prerequisite hyperedges (fold=0)
INFO:dh2a_kt.train.tier1:Added 20000 session hyperedges (concept projection) for training
INFO:dh2a_kt.train.tier1:train_fold: architecture=v3 concepts=865 exercises=7652 hyperedges=466305 kinds=['concept_prerequisite', 'session'] device=cuda
INFO:dh2a_kt.train.tier1:UserSequenceDataset: 12646 users (from 4490513 interactions)
INFO:dh2a_kt.train.tier1:UserSequenceDataset: 5420 users (from 1922840 interactions)
INFO:dh2a_kt.train.tier1:epoch=1/10 loss=0.5011 batches=3162 skipped_nonfinite=0
INFO:dh2a_kt.train.tier1:epoch=2/10 loss=0.4943 batches=3162 skipped_nonfinite=0
INFO:dh2a_kt.train.tier1:epoch=3/10 loss=0.4933 batches=3162 skipped_nonfinite=0
INFO:dh2a_kt.train.tier1:epoch=4/10 loss=0.4930 batches=3162 skipped_nonfinite=0
INFO:dh2a_kt.train.tier1:epoch=5/10 loss=0.4924 batches=3162 skipped_nonfinite=0
INFO:dh2a_kt.train.tier1:epoch=6/10 loss=0.4920 batches=3162 skipped_nonfinite=0
INFO:dh2a_kt.train.tier1:epoch=7/10 loss=0.4918 batches=3162 skipped_nonfinite=0
INFO:dh2a_kt.train.tier1:epoch=8/10 loss=0.4911 batches=3162 skipped_nonfinite=0
INFO:dh2a_kt.train.tier1:epoch=9/10 loss=0.4908 batches=3162 skipped_nonfinite=0
INFO:dh2a_kt.train.tier1:epoch=10/10 loss=0.4904 batches=3162 skipped_nonfinite=0
INFO:dh2a_kt.train.tier1:restored best epoch=10 train_loss=0.4904 (of 10)
INFO:dh2a_kt.train.tier1:wrote DH2-KT checkpoint -> D:\TUAN\DH2A-KT\DH2A-KT\results\checkpoints\xes3g5m_fold0_v3.pt

[fold 0] AUC=0.6795 n_predictions=1078580

Wrote comparison table: D:\TUAN\DH2A-KT\DH2A-KT\results\tables\dh2_kt_v3_vs_p0.csv
dataset fold reference_model   p0_auc  dh2_kt_auc  delta_auc budget_reference  batch_size  epochs comparison_type budget_note  n_predictions
xes3g5m    0             gkt 0.833644     0.67948  -0.154164              gkt           4      10         matched                    1078580
xes3g5m    0        simplekt 0.874720     0.67948  -0.195240              gkt           4      10         matched                    1078580
xes3g5m mean             gkt 0.833644     0.67948  -0.154164              gkt           4      10         matched                    1078580
xes3g5m mean        simplekt 0.874720     0.67948  -0.195240              gkt           4      10         matched                    1078580
