python : INFO:src.io_utils:Loading interactions from 
D:\TUAN\DH2A-KT\DH2A-KT\external\p0_leakage_audit\data\processed\xes3g5m.parquet
At C:\Users\EDM\AppData\Local\Temp\ps-script-4d5ee586-b043-4cc2-9191-d42414711ce5.ps1:107 char:1
+ python scripts/05_run_manipulation_check.py configs/xes3g5m.yaml --fo ...
+ ~~~~~~~~~~~~~~~~~~~~~~~~~~~~~~~~~~~~~~~~~~~~~~~~~~~~~~~~~~~~~~~~~~~~~
    + CategoryInfo          : NotSpecified: (INFO:src.io_uti...xes3g5m.parquet:String) [], RemoteException
    + FullyQualifiedErrorId : NativeCommandError
 
INFO:src.io_utils:Loaded interactions shape=(6413353, 5)
INFO:src.split_checker:Creating learner split shape=(6413353, 6) ratios=(0.7, 0.1, 0.2) seed=42
INFO:src.split_checker:Created split sizes={'train': 4490513, 'valid': 640917, 'test': 1281923}
INFO:dh2a_kt.train.tier1:Building concept-prerequisite hyperedges source=chain fold=0
INFO:dh2a_kt.hyperedge.construction:Built 446305 concept-prerequisite hyperedges (fold=0)
INFO:dh2a_kt.train.tier1:train_fold: concepts=865 exercises=7652 hyperedges=446305 kinds=['concept_prerequisite'] 
device=cuda
INFO:dh2a_kt.train.tier1:UserSequenceDataset: 12646 users (from 4490513 interactions)
INFO:dh2a_kt.train.tier1:UserSequenceDataset: 5420 users (from 1922840 interactions)
INFO:dh2a_kt.train.tier1:epoch=1/10 batch=500/3162 loss=0.5009
INFO:dh2a_kt.train.tier1:epoch=1/10 batch=1000/3162 loss=0.4874
INFO:dh2a_kt.train.tier1:epoch=1/10 batch=1500/3162 loss=0.4847
INFO:dh2a_kt.train.tier1:epoch=1/10 batch=2000/3162 loss=0.4819
INFO:dh2a_kt.train.tier1:epoch=1/10 batch=2500/3162 loss=0.4799
INFO:dh2a_kt.train.tier1:epoch=1/10 batch=3000/3162 loss=0.4799
INFO:dh2a_kt.train.tier1:epoch=1/10 loss=0.4788 batches=3162 skipped_nonfinite=0
INFO:dh2a_kt.train.tier1:epoch=2/10 batch=500/3162 loss=0.4739
INFO:dh2a_kt.train.tier1:epoch=2/10 batch=1000/3162 loss=0.4710
INFO:dh2a_kt.train.tier1:epoch=2/10 batch=1500/3162 loss=0.4710
INFO:dh2a_kt.train.tier1:epoch=2/10 batch=2000/3162 loss=0.4693
INFO:dh2a_kt.train.tier1:epoch=2/10 batch=2500/3162 loss=0.4697
INFO:dh2a_kt.train.tier1:epoch=2/10 batch=3000/3162 loss=0.4698
INFO:dh2a_kt.train.tier1:epoch=2/10 loss=0.4697 batches=3162 skipped_nonfinite=0
INFO:dh2a_kt.train.tier1:epoch=3/10 batch=500/3162 loss=0.4696
INFO:dh2a_kt.train.tier1:epoch=3/10 batch=1000/3162 loss=0.4678
INFO:dh2a_kt.train.tier1:epoch=3/10 batch=1500/3162 loss=0.4658
INFO:dh2a_kt.train.tier1:epoch=3/10 batch=2000/3162 loss=0.4656
INFO:dh2a_kt.train.tier1:epoch=3/10 batch=2500/3162 loss=0.4657
INFO:dh2a_kt.train.tier1:epoch=3/10 batch=3000/3162 loss=0.4658
INFO:dh2a_kt.train.tier1:epoch=3/10 loss=0.4658 batches=3162 skipped_nonfinite=0
INFO:dh2a_kt.train.tier1:epoch=4/10 batch=500/3162 loss=0.4670
INFO:dh2a_kt.train.tier1:epoch=4/10 batch=1000/3162 loss=0.4650
INFO:dh2a_kt.train.tier1:epoch=4/10 batch=1500/3162 loss=0.4654
INFO:dh2a_kt.train.tier1:epoch=4/10 batch=2000/3162 loss=0.4655
INFO:dh2a_kt.train.tier1:epoch=4/10 batch=2500/3162 loss=0.4651
INFO:dh2a_kt.train.tier1:epoch=4/10 batch=3000/3162 loss=0.4640
INFO:dh2a_kt.train.tier1:epoch=4/10 loss=0.4635 batches=3162 skipped_nonfinite=0
INFO:dh2a_kt.train.tier1:epoch=5/10 batch=500/3162 loss=0.4577
INFO:dh2a_kt.train.tier1:epoch=5/10 batch=1000/3162 loss=0.4591
INFO:dh2a_kt.train.tier1:epoch=5/10 batch=1500/3162 loss=0.4604
INFO:dh2a_kt.train.tier1:epoch=5/10 batch=2000/3162 loss=0.4610
INFO:dh2a_kt.train.tier1:epoch=5/10 batch=2500/3162 loss=0.4615
INFO:dh2a_kt.train.tier1:epoch=5/10 batch=3000/3162 loss=0.4614
INFO:dh2a_kt.train.tier1:epoch=5/10 loss=0.4614 batches=3162 skipped_nonfinite=0
INFO:dh2a_kt.train.tier1:epoch=6/10 batch=500/3162 loss=0.4666
INFO:dh2a_kt.train.tier1:epoch=6/10 batch=1000/3162 loss=0.4621
INFO:dh2a_kt.train.tier1:epoch=6/10 batch=1500/3162 loss=0.4615
INFO:dh2a_kt.train.tier1:epoch=6/10 batch=2000/3162 loss=0.4615
INFO:dh2a_kt.train.tier1:epoch=6/10 batch=2500/3162 loss=0.4600
INFO:dh2a_kt.train.tier1:epoch=6/10 batch=3000/3162 loss=0.4594
INFO:dh2a_kt.train.tier1:epoch=6/10 loss=0.4596 batches=3162 skipped_nonfinite=0
INFO:dh2a_kt.train.tier1:epoch=7/10 batch=500/3162 loss=0.4592
INFO:dh2a_kt.train.tier1:epoch=7/10 batch=1000/3162 loss=0.4581
INFO:dh2a_kt.train.tier1:epoch=7/10 batch=1500/3162 loss=0.4590
INFO:dh2a_kt.train.tier1:epoch=7/10 batch=2000/3162 loss=0.4582
INFO:dh2a_kt.train.tier1:epoch=7/10 batch=2500/3162 loss=0.4584
INFO:dh2a_kt.train.tier1:epoch=7/10 batch=3000/3162 loss=0.4580
INFO:dh2a_kt.train.tier1:epoch=7/10 loss=0.4581 batches=3162 skipped_nonfinite=0
INFO:dh2a_kt.train.tier1:epoch=8/10 batch=500/3162 loss=0.4588
INFO:dh2a_kt.train.tier1:epoch=8/10 batch=1000/3162 loss=0.4566
INFO:dh2a_kt.train.tier1:epoch=8/10 batch=1500/3162 loss=0.4562
INFO:dh2a_kt.train.tier1:epoch=8/10 batch=2000/3162 loss=0.4562
INFO:dh2a_kt.train.tier1:epoch=8/10 batch=2500/3162 loss=0.4569
INFO:dh2a_kt.train.tier1:epoch=8/10 batch=3000/3162 loss=0.4568
INFO:dh2a_kt.train.tier1:epoch=8/10 loss=0.4568 batches=3162 skipped_nonfinite=0
INFO:dh2a_kt.train.tier1:epoch=9/10 batch=500/3162 loss=0.4570
INFO:dh2a_kt.train.tier1:epoch=9/10 batch=1000/3162 loss=0.4569
INFO:dh2a_kt.train.tier1:epoch=9/10 batch=1500/3162 loss=0.4566
INFO:dh2a_kt.train.tier1:epoch=9/10 batch=2000/3162 loss=0.4561
INFO:dh2a_kt.train.tier1:epoch=9/10 batch=2500/3162 loss=0.4548
INFO:dh2a_kt.train.tier1:epoch=9/10 batch=3000/3162 loss=0.4553
INFO:dh2a_kt.train.tier1:epoch=9/10 loss=0.4554 batches=3162 skipped_nonfinite=0
INFO:dh2a_kt.train.tier1:epoch=10/10 batch=500/3162 loss=0.4552
INFO:dh2a_kt.train.tier1:epoch=10/10 batch=1000/3162 loss=0.4556
INFO:dh2a_kt.train.tier1:epoch=10/10 batch=1500/3162 loss=0.4561
INFO:dh2a_kt.train.tier1:epoch=10/10 batch=2000/3162 loss=0.4562
INFO:dh2a_kt.train.tier1:epoch=10/10 batch=2500/3162 loss=0.4553
INFO:dh2a_kt.train.tier1:epoch=10/10 batch=3000/3162 loss=0.4550
INFO:dh2a_kt.train.tier1:epoch=10/10 loss=0.4546 batches=3162 skipped_nonfinite=0
INFO:dh2a_kt.train.tier1:restored best epoch=10 train_loss=0.4546 (of 10)
INFO:src.dag_disruption:Applying node_drop edges_shape=(11568053, 3) p=0.9 seed=42
INFO:src.dag_disruption:node_drop result_shape=(202481, 3)
INFO:src.dag_disruption:Computing DDR original_shape=(11568053, 3) augmented_shape=(202481, 3)
INFO:src.dag_disruption:DDR=0.9904476760764186
INFO:src.dag_disruption:Applying node_drop edges_shape=(11568053, 3) p=0.9 seed=42
INFO:src.dag_disruption:node_drop result_shape=(202481, 3)
INFO:dh2a_kt.eval.tier1_eval:manipulation_check passes=True auc_drop=0.0391 verdict=AUC drop 0.0391 at p=0.9 
(node_drop). DH2-KT reads the hypergraph (graph-reliant).
[fold 0] manipulation_check p=0.9 operator=node_drop hyperedge_source=chain graph_sensitivity_weight=0.0
passes_manipulation_check=True
auc_clean=0.7543 auc_destroyed=0.7151 drop=0.0391
ddr=0.9904
verdict: AUC drop 0.0391 at p=0.9 (node_drop). DH2-KT reads the hypergraph (graph-reliant).
written: results\tables\xes3g5m_fold0_manipulation_check_no_laux.json
