python.exe : INFO:src.io_utils:Loading interactions from 
D:\TUAN\DH2A-KT\DH2A-KT\external\p0_leakage_audit\data\processed\xes3g5m.parquet
At D:\TUAN\DH2A-KT\DH2A-KT\scripts\run_v4_graphsource.ps1:6 char:1
+ & $py -u scripts/05_run_manipulation_check.py configs/xes3g5m.yaml -- ...
+ ~~~~~~~~~~~~~~~~~~~~~~~~~~~~~~~~~~~~~~~~~~~~~~~~~~~~~~~~~~~~~~~~~~~~~
    + CategoryInfo          : NotSpecified: (INFO:src.io_uti...xes3g5m.parquet:String) [], RemoteException
    + FullyQualifiedErrorId : NativeCommandError
 
INFO:src.io_utils:Loaded interactions shape=(6413353, 5)
INFO:src.split_checker:Creating learner split shape=(6413353, 6) ratios=(0.7, 0.1, 0.2) seed=42
INFO:src.split_checker:Created split sizes={'train': 4490513, 'valid': 640917, 'test': 1281923}
INFO:dh2a_kt.train.tier1:UserSequenceDataset: 12507 windows (mode=chunked) from 1922840 interactions
[fold 0] loaded checkpoint results\checkpoints\xes3g5m_fold0_v4_pair.pt architecture=v4
[fold 0] manipulation_check p=0.9 operator=node_drop hyperedge_source=pairwise graph_sensitivity_weight=1.0
INFO:src.dag_disruption:Applying node_drop edges_shape=(1163, 3) p=0.9 seed=42
INFO:src.dag_disruption:node_drop result_shape=(8, 3)
INFO:src.dag_disruption:Computing DDR original_shape=(1163, 3) augmented_shape=(8, 3)
INFO:src.dag_disruption:DDR=0.9931212381771282
INFO:src.dag_disruption:Applying node_drop edges_shape=(1163, 3) p=0.9 seed=42
INFO:src.dag_disruption:node_drop result_shape=(8, 3)
INFO:dh2a_kt.eval.tier1_eval:manipulation_check passes=False auc_drop=0.0014 verdict=AUC drop 0.0014 at p=0.9 
(node_drop). AUC barely moved ù check whether DH2-KT is graph-inert before interpreting any ablation result as 
evidence of graph benefit (see P0 Section 4.7).
passes_manipulation_check=False
auc_clean=0.8489 auc_destroyed=0.8474 drop=0.0014
ddr=0.9931
verdict: AUC drop 0.0014 at p=0.9 (node_drop). AUC barely moved ù check whether DH2-KT is graph-inert before interpreting any ablation result as evidence of graph benefit (see P0 Section 4.7).
written: results\tables\xes3g5m_fold0_manipulation_check_v4_pair.json
