diagnostic verdict=SUPPORTED (D:\TUAN\DH2A-KT\DH2A-KT\results\tables\xes3g5m_fold0_black_confidence_diagnostic_predictive.json)
NOTE: GreyKT train batch_size override=64 (not matched GKT=4).
python : INFO:dh2a_kt.train.greykt:diagnostic verdict=SUPPORTED 
(D:\TUAN\DH2A-KT\DH2A-KT\results\tables\xes3g5m_fold0_black_confidence_diagnostic_predictive.json)
At C:\Users\EDM\AppData\Local\Temp\ps-script-c5ce2a24-488c-44a2-9488-feaa6fb39bdc.ps1:102 char:26
+ ... BUFFERED=1; python scripts/22_run_greykt.py configs/xes3g5m.yaml --fo ...
+                 ~~~~~~~~~~~~~~~~~~~~~~~~~~~~~~~~~~~~~~~~~~~~~~~~~~~~~~~~~
    + CategoryInfo          : NotSpecified: (INFO:dh2a_kt.tr...redictive.json):String) [], RemoteException
    + FullyQualifiedErrorId : NativeCommandError
 
INFO:src.io_utils:Loading interactions from 
D:\TUAN\DH2A-KT\DH2A-KT\external\p0_leakage_audit\data\processed\xes3g5m.parquet
INFO:src.io_utils:Loaded interactions shape=(6413353, 5)
INFO:src.split_checker:Creating learner split shape=(6413353, 6) ratios=(0.7, 0.1, 0.2) seed=42
INFO:src.split_checker:Created split sizes={'train': 4490513, 'valid': 640917, 'test': 1281923}
INFO:dh2a_kt.train.tier1:UserSequenceDataset: 5420 users (from 1922840 interactions)
INFO:dh2a_kt.train.tier1:UserSequenceDataset: 12646 users (from 4490513 interactions)
INFO:dh2a_kt.train.greykt:precomputing white-box cache for 12646 sequences (batch=256)...
INFO:dh2a_kt.train.greykt:white-box cache ready (12646 sequences)
GreyKT checkpoints -> D:\TUAN\DH2A-KT\DH2A-KT\results\checkpoints\greykt_xes3g5m_fold0_v3_predictive
INFO:dh2a_kt.train.greykt:GreyKT freeze-hypergraph: concept graph encoded once per epoch (no graph backward)
INFO:dh2a_kt.train.greykt:GreyKT AMP enabled
INFO:dh2a_kt.train.greykt:greykt epoch=1/10 loss=0.5556
INFO:dh2a_kt.train.greykt:wrote GreyKT checkpoint epoch=1 -> 
D:\TUAN\DH2A-KT\DH2A-KT\results\checkpoints\greykt_xes3g5m_fold0_v3_predictive\latest.pt
INFO:dh2a_kt.train.greykt:wrote GreyKT checkpoint epoch=1 -> 
D:\TUAN\DH2A-KT\DH2A-KT\results\checkpoints\greykt_xes3g5m_fold0_v3_predictive\best.pt
INFO:dh2a_kt.train.greykt:greykt epoch=2/10 loss=0.5232
INFO:dh2a_kt.train.greykt:wrote GreyKT checkpoint epoch=2 -> 
D:\TUAN\DH2A-KT\DH2A-KT\results\checkpoints\greykt_xes3g5m_fold0_v3_predictive\latest.pt
INFO:dh2a_kt.train.greykt:wrote GreyKT checkpoint epoch=2 -> 
D:\TUAN\DH2A-KT\DH2A-KT\results\checkpoints\greykt_xes3g5m_fold0_v3_predictive\best.pt
INFO:dh2a_kt.train.greykt:greykt epoch=3/10 loss=0.5115
INFO:dh2a_kt.train.greykt:wrote GreyKT checkpoint epoch=3 -> 
D:\TUAN\DH2A-KT\DH2A-KT\results\checkpoints\greykt_xes3g5m_fold0_v3_predictive\latest.pt
INFO:dh2a_kt.train.greykt:wrote GreyKT checkpoint epoch=3 -> 
D:\TUAN\DH2A-KT\DH2A-KT\results\checkpoints\greykt_xes3g5m_fold0_v3_predictive\best.pt
INFO:dh2a_kt.train.greykt:greykt epoch=4/10 loss=0.5199
INFO:dh2a_kt.train.greykt:wrote GreyKT checkpoint epoch=4 -> 
D:\TUAN\DH2A-KT\DH2A-KT\results\checkpoints\greykt_xes3g5m_fold0_v3_predictive\latest.pt
INFO:dh2a_kt.train.greykt:greykt epoch=5/10 loss=0.4987
INFO:dh2a_kt.train.greykt:wrote GreyKT checkpoint epoch=5 -> 
D:\TUAN\DH2A-KT\DH2A-KT\results\checkpoints\greykt_xes3g5m_fold0_v3_predictive\latest.pt
INFO:dh2a_kt.train.greykt:wrote GreyKT checkpoint epoch=5 -> 
D:\TUAN\DH2A-KT\DH2A-KT\results\checkpoints\greykt_xes3g5m_fold0_v3_predictive\best.pt
INFO:dh2a_kt.train.greykt:greykt epoch=6/10 loss=0.5024
INFO:dh2a_kt.train.greykt:wrote GreyKT checkpoint epoch=6 -> 
D:\TUAN\DH2A-KT\DH2A-KT\results\checkpoints\greykt_xes3g5m_fold0_v3_predictive\latest.pt
INFO:dh2a_kt.train.greykt:greykt epoch=7/10 loss=0.5099
INFO:dh2a_kt.train.greykt:wrote GreyKT checkpoint epoch=7 -> 
D:\TUAN\DH2A-KT\DH2A-KT\results\checkpoints\greykt_xes3g5m_fold0_v3_predictive\latest.pt
INFO:dh2a_kt.train.greykt:greykt epoch=8/10 loss=0.5071
INFO:dh2a_kt.train.greykt:wrote GreyKT checkpoint epoch=8 -> 
D:\TUAN\DH2A-KT\DH2A-KT\results\checkpoints\greykt_xes3g5m_fold0_v3_predictive\latest.pt
INFO:dh2a_kt.train.greykt:greykt epoch=9/10 loss=0.5222
INFO:dh2a_kt.train.greykt:wrote GreyKT checkpoint epoch=9 -> 
D:\TUAN\DH2A-KT\DH2A-KT\results\checkpoints\greykt_xes3g5m_fold0_v3_predictive\latest.pt
INFO:dh2a_kt.train.greykt:greykt epoch=10/10 loss=0.5000
INFO:dh2a_kt.train.greykt:wrote GreyKT checkpoint epoch=10 -> 
D:\TUAN\DH2A-KT\DH2A-KT\results\checkpoints\greykt_xes3g5m_fold0_v3_predictive\latest.pt
INFO:dh2a_kt.train.greykt:greykt restored best epoch=5 train_loss=0.4987

GreyKT train/v3: n=1078580 fused_auc=0.7144 black_auc=0.7143 white_auc=0.6744 mean_gate=0.493
written: D:\TUAN\DH2A-KT\DH2A-KT\results\tables\xes3g5m_fold0_greykt_train_v3_predictive.json
