python : INFO:src.io_utils:Loading interactions from 
D:\TUAN\DH2A-KT\DH2A-KT\external\p0_leakage_audit\data\processed\xes3g5m.parquet
At C:\Users\EDM\AppData\Local\Temp\ps-script-c32c389b-c197-4742-9f55-fc64c681beb3.ps1:103 char:1
+ python scripts/05_run_manipulation_check.py configs/xes3g5m.yaml --fo ...
+ ~~~~~~~~~~~~~~~~~~~~~~~~~~~~~~~~~~~~~~~~~~~~~~~~~~~~~~~~~~~~~~~~~~~~~
    + CategoryInfo          : NotSpecified: (INFO:src.io_uti...xes3g5m.parquet:String) [], RemoteException
    + FullyQualifiedErrorId : NativeCommandError
 
INFO:src.io_utils:Loaded interactions shape=(6413353, 5)
INFO:src.split_checker:Creating learner split shape=(6413353, 6) ratios=(0.7, 0.1, 0.2) seed=42
INFO:src.split_checker:Created split sizes={'train': 4490513, 'valid': 640917, 'test': 1281923}
INFO:src.split_checker:Creating learner split shape=(6413353, 6) ratios=(0.7, 0.1, 0.2) seed=43
INFO:src.split_checker:Created split sizes={'train': 4490412, 'valid': 641760, 'test': 1281181}
INFO:dh2a_kt.train.tier1:Building concept-prerequisite hyperedges source=chain fold=1
INFO:dh2a_kt.hyperedge.construction:Built 425519 concept-prerequisite hyperedges (fold=1)
INFO:dh2a_kt.train.tier1:train_fold: concepts=865 exercises=7652 hyperedges=425519 kinds=['concept_prerequisite'] 
device=cuda
INFO:dh2a_kt.train.tier1:UserSequenceDataset: 12646 users (from 4490412 interactions)
INFO:dh2a_kt.train.tier1:UserSequenceDataset: 5420 users (from 1922941 interactions)
INFO:dh2a_kt.train.tier1:epoch=1/10 batch=500/3162 loss=0.4877
INFO:dh2a_kt.train.tier1:epoch=1/10 batch=1000/3162 loss=0.4816
INFO:dh2a_kt.train.tier1:epoch=1/10 batch=1500/3162 loss=0.4790
INFO:dh2a_kt.train.tier1:epoch=1/10 batch=2000/3162 loss=0.4785
INFO:dh2a_kt.train.tier1:epoch=1/10 batch=2500/3162 loss=0.4765
INFO:dh2a_kt.train.tier1:epoch=1/10 batch=3000/3162 loss=0.4763
INFO:dh2a_kt.train.tier1:epoch=1/10 loss=0.4763 batches=3162 skipped_nonfinite=0
INFO:dh2a_kt.train.tier1:epoch=2/10 batch=500/3162 loss=0.4734
INFO:dh2a_kt.train.tier1:epoch=2/10 batch=1000/3162 loss=0.4691
INFO:dh2a_kt.train.tier1:epoch=2/10 batch=1500/3162 loss=0.4710
INFO:dh2a_kt.train.tier1:epoch=2/10 batch=2000/3162 loss=0.4698
INFO:dh2a_kt.train.tier1:epoch=2/10 batch=2500/3162 loss=0.4697
INFO:dh2a_kt.train.tier1:epoch=2/10 batch=3000/3162 loss=0.4698
INFO:dh2a_kt.train.tier1:epoch=2/10 loss=0.4699 batches=3162 skipped_nonfinite=0
INFO:dh2a_kt.train.tier1:epoch=3/10 batch=500/3162 loss=0.4671
INFO:dh2a_kt.train.tier1:epoch=3/10 batch=1000/3162 loss=0.4686
INFO:dh2a_kt.train.tier1:epoch=3/10 batch=1500/3162 loss=0.4691
INFO:dh2a_kt.train.tier1:epoch=3/10 batch=2000/3162 loss=0.4670
INFO:dh2a_kt.train.tier1:epoch=3/10 batch=2500/3162 loss=0.4660
INFO:dh2a_kt.train.tier1:epoch=3/10 batch=3000/3162 loss=0.4667
INFO:dh2a_kt.train.tier1:epoch=3/10 loss=0.4666 batches=3162 skipped_nonfinite=0
INFO:dh2a_kt.train.tier1:epoch=4/10 batch=500/3162 loss=0.4659
INFO:dh2a_kt.train.tier1:epoch=4/10 batch=1000/3162 loss=0.4645
INFO:dh2a_kt.train.tier1:epoch=4/10 batch=1500/3162 loss=0.4651
INFO:dh2a_kt.train.tier1:epoch=4/10 batch=2000/3162 loss=0.4647
INFO:dh2a_kt.train.tier1:epoch=4/10 batch=2500/3162 loss=0.4645
INFO:dh2a_kt.train.tier1:epoch=4/10 batch=3000/3162 loss=0.4641
INFO:dh2a_kt.train.tier1:epoch=4/10 loss=0.4641 batches=3162 skipped_nonfinite=0
INFO:dh2a_kt.train.tier1:epoch=5/10 batch=500/3162 loss=0.4641
INFO:dh2a_kt.train.tier1:epoch=5/10 batch=1000/3162 loss=0.4628
INFO:dh2a_kt.train.tier1:epoch=5/10 batch=1500/3162 loss=0.4633
INFO:dh2a_kt.train.tier1:epoch=5/10 batch=2000/3162 loss=0.4638
INFO:dh2a_kt.train.tier1:epoch=5/10 batch=2500/3162 loss=0.4629
INFO:dh2a_kt.train.tier1:epoch=5/10 batch=3000/3162 loss=0.4622
INFO:dh2a_kt.train.tier1:epoch=5/10 loss=0.4620 batches=3162 skipped_nonfinite=0
INFO:dh2a_kt.train.tier1:epoch=6/10 batch=500/3162 loss=0.4682
INFO:dh2a_kt.train.tier1:epoch=6/10 batch=1000/3162 loss=0.4629
INFO:dh2a_kt.train.tier1:epoch=6/10 batch=1500/3162 loss=0.4609
INFO:dh2a_kt.train.tier1:epoch=6/10 batch=2000/3162 loss=0.4604
INFO:dh2a_kt.train.tier1:epoch=6/10 batch=2500/3162 loss=0.4598
INFO:dh2a_kt.train.tier1:epoch=6/10 batch=3000/3162 loss=0.4599
INFO:dh2a_kt.train.tier1:epoch=6/10 loss=0.4601 batches=3162 skipped_nonfinite=0
INFO:dh2a_kt.train.tier1:epoch=7/10 batch=500/3162 loss=0.4617
INFO:dh2a_kt.train.tier1:epoch=7/10 batch=1000/3162 loss=0.4612
INFO:dh2a_kt.train.tier1:epoch=7/10 batch=1500/3162 loss=0.4601
INFO:dh2a_kt.train.tier1:epoch=7/10 batch=2000/3162 loss=0.4593
INFO:dh2a_kt.train.tier1:epoch=7/10 batch=2500/3162 loss=0.4592
INFO:dh2a_kt.train.tier1:epoch=7/10 batch=3000/3162 loss=0.4586
INFO:dh2a_kt.train.tier1:epoch=7/10 loss=0.4588 batches=3162 skipped_nonfinite=0
INFO:dh2a_kt.train.tier1:epoch=8/10 batch=500/3162 loss=0.4531
INFO:dh2a_kt.train.tier1:epoch=8/10 batch=1000/3162 loss=0.4569
INFO:dh2a_kt.train.tier1:epoch=8/10 batch=1500/3162 loss=0.4570
INFO:dh2a_kt.train.tier1:epoch=8/10 batch=2000/3162 loss=0.4577
INFO:dh2a_kt.train.tier1:epoch=8/10 batch=2500/3162 loss=0.4576
INFO:dh2a_kt.train.tier1:epoch=8/10 batch=3000/3162 loss=0.4574
INFO:dh2a_kt.train.tier1:epoch=8/10 loss=0.4574 batches=3162 skipped_nonfinite=0
INFO:dh2a_kt.train.tier1:epoch=9/10 batch=500/3162 loss=0.4562
INFO:dh2a_kt.train.tier1:epoch=9/10 batch=1000/3162 loss=0.4571
INFO:dh2a_kt.train.tier1:epoch=9/10 batch=1500/3162 loss=0.4570
INFO:dh2a_kt.train.tier1:epoch=9/10 batch=2000/3162 loss=0.7771
INFO:dh2a_kt.train.tier1:epoch=9/10 batch=2500/3162 loss=0.7358
INFO:dh2a_kt.train.tier1:epoch=9/10 batch=3000/3162 loss=0.7046
INFO:dh2a_kt.train.tier1:epoch=9/10 loss=0.6959 batches=3162 skipped_nonfinite=0
INFO:dh2a_kt.train.tier1:epoch=10/10 batch=500/3162 loss=0.5160
INFO:dh2a_kt.train.tier1:epoch=10/10 batch=1000/3162 loss=0.5083
INFO:dh2a_kt.train.tier1:epoch=10/10 batch=1500/3162 loss=0.5073
INFO:dh2a_kt.train.tier1:epoch=10/10 batch=2000/3162 loss=0.5028
INFO:dh2a_kt.train.tier1:epoch=10/10 batch=2500/3162 loss=0.5009
INFO:dh2a_kt.train.tier1:epoch=10/10 batch=3000/3162 loss=0.4989
INFO:dh2a_kt.train.tier1:epoch=10/10 loss=0.4987 batches=3162 skipped_nonfinite=0
INFO:dh2a_kt.train.tier1:restored best epoch=8 train_loss=0.4574 (of 10)
INFO:src.dag_disruption:Applying node_drop edges_shape=(11025583, 3) p=0.9 seed=42
INFO:src.dag_disruption:node_drop result_shape=(84897, 3)
INFO:src.dag_disruption:Computing DDR original_shape=(11025583, 3) augmented_shape=(84897, 3)
INFO:src.dag_disruption:DDR=0.9896291258834673
INFO:src.dag_disruption:Applying node_drop edges_shape=(11025583, 3) p=0.9 seed=42
INFO:src.dag_disruption:node_drop result_shape=(84897, 3)
INFO:dh2a_kt.eval.tier1_eval:manipulation_check passes=True auc_drop=0.0432 verdict=AUC drop 0.0432 at p=0.9 
(node_drop). DH2-KT reads the hypergraph (graph-reliant).
[fold 1] manipulation_check p=0.9 operator=node_drop hyperedge_source=chain
passes_manipulation_check=True
auc_clean=0.7494 auc_destroyed=0.7062 drop=0.0432
ddr=0.9896
verdict: AUC drop 0.0432 at p=0.9 (node_drop). DH2-KT reads the hypergraph (graph-reliant).
written: D:\TUAN\DH2A-KT\DH2A-KT\results\tables\xes3g5m_fold1_manipulation_check.json
