INFO:src.io_utils:Loading interactions from D:\TUAN\DH2A-KT\DH2A-KT\external\p0_leakage_audit\data\processed\assist2012.parquet
INFO:src.io_utils:Loaded interactions shape=(2711602, 5)
INFO:src.split_checker:Creating learner split shape=(2711602, 6) ratios=(0.7, 0.1, 0.2) seed=42
INFO:src.split_checker:Created split sizes={'train': 1894651, 'valid': 268745, 'test': 548206}
INFO:dh2a_kt.train.tier1:seed=0 (weight init and batch order)
INFO:dh2a_kt.train.tier1:Building concept-prerequisite hyperedges source=chain fold=0
INFO:dh2a_kt.hyperedge.construction:Built 648408 concept-prerequisite hyperedges (fold=0)
INFO:dh2a_kt.train.tier1:use_graph=False: training with zero hyperedges (graph ablation)
INFO:dh2a_kt.train.tier1:question_graph: registered Q–KC incidence for 51321/53086 items (mean degree=0.97, full_qmatrix=False, control=observed; observed links=51321 across 51321 items)
INFO:dh2a_kt.train.tier1:train_fold: architecture=v4 concepts=265 exercises=53086 hyperedges=0 kinds=['concept_prerequisite'] device=cuda
INFO:dh2a_kt.train.tier1:internal selection split: 18281 train users / 2031 val users (val_frac=0.10)
INFO:dh2a_kt.train.tier1:UserSequenceDataset: 18767 windows (mode=chunked) from 1705071 interactions
INFO:dh2a_kt.train.tier1:UserSequenceDataset: 8978 windows (mode=chunked) from 816951 interactions
INFO:dh2a_kt.train.tier1:UserSequenceDataset: 2085 windows (mode=chunked) from 189580 interactions
INFO:dh2a_kt.train.tier1:clean protocol: repeat-row targets excluded from the loss and from val AUC
INFO:dh2a_kt.train.tier1:epoch=1/30 batch=500/1173 loss=0.5789
INFO:dh2a_kt.train.tier1:epoch=1/30 batch=1000/1173 loss=0.5641
INFO:dh2a_kt.train.tier1:epoch=1/30 loss=0.5608 batches=1173 skipped_nonfinite=0
INFO:dh2a_kt.train.tier1:epoch=1/30 val_auc=0.7370 val_n=187017
INFO:dh2a_kt.train.tier1:epoch=2/30 batch=500/1173 loss=0.5256
INFO:dh2a_kt.train.tier1:epoch=2/30 batch=1000/1173 loss=0.5227
INFO:dh2a_kt.train.tier1:epoch=2/30 loss=0.5220 batches=1173 skipped_nonfinite=0
INFO:dh2a_kt.train.tier1:epoch=2/30 val_auc=0.7586 val_n=187017
INFO:dh2a_kt.train.tier1:epoch=3/30 batch=500/1173 loss=0.5069
INFO:dh2a_kt.train.tier1:epoch=3/30 batch=1000/1173 loss=0.5072
INFO:dh2a_kt.train.tier1:epoch=3/30 loss=0.5064 batches=1173 skipped_nonfinite=0
INFO:dh2a_kt.train.tier1:epoch=3/30 val_auc=0.7635 val_n=187017
INFO:dh2a_kt.train.tier1:epoch=4/30 batch=500/1173 loss=0.4985
INFO:dh2a_kt.train.tier1:epoch=4/30 batch=1000/1173 loss=0.4992
INFO:dh2a_kt.train.tier1:epoch=4/30 loss=0.4994 batches=1173 skipped_nonfinite=0
INFO:dh2a_kt.train.tier1:epoch=4/30 val_auc=0.7665 val_n=187017
INFO:dh2a_kt.train.tier1:epoch=5/30 batch=500/1173 loss=0.4925
INFO:dh2a_kt.train.tier1:epoch=5/30 batch=1000/1173 loss=0.4931
INFO:dh2a_kt.train.tier1:epoch=5/30 loss=0.4941 batches=1173 skipped_nonfinite=0
INFO:dh2a_kt.train.tier1:epoch=5/30 val_auc=0.7667 val_n=187017
INFO:dh2a_kt.train.tier1:epoch=6/30 batch=500/1173 loss=0.4863
INFO:dh2a_kt.train.tier1:epoch=6/30 batch=1000/1173 loss=0.4889
INFO:dh2a_kt.train.tier1:epoch=6/30 loss=0.4895 batches=1173 skipped_nonfinite=0
INFO:dh2a_kt.train.tier1:epoch=6/30 val_auc=0.7681 val_n=187017
INFO:dh2a_kt.train.tier1:epoch=7/30 batch=500/1173 loss=0.4837
INFO:dh2a_kt.train.tier1:epoch=7/30 batch=1000/1173 loss=0.4853
INFO:dh2a_kt.train.tier1:epoch=7/30 loss=0.4859 batches=1173 skipped_nonfinite=0
INFO:dh2a_kt.train.tier1:epoch=7/30 val_auc=0.7683 val_n=187017
INFO:dh2a_kt.train.tier1:epoch=8/30 batch=500/1173 loss=0.4783
INFO:dh2a_kt.train.tier1:epoch=8/30 batch=1000/1173 loss=0.4818
INFO:dh2a_kt.train.tier1:epoch=8/30 loss=0.4820 batches=1173 skipped_nonfinite=0
INFO:dh2a_kt.train.tier1:epoch=8/30 val_auc=0.7668 val_n=187017
INFO:dh2a_kt.train.tier1:epoch=9/30 batch=500/1173 loss=0.4761
INFO:dh2a_kt.train.tier1:epoch=9/30 batch=1000/1173 loss=0.4781
INFO:dh2a_kt.train.tier1:epoch=9/30 loss=0.4779 batches=1173 skipped_nonfinite=0
INFO:dh2a_kt.train.tier1:epoch=9/30 val_auc=0.7656 val_n=187017
INFO:dh2a_kt.train.tier1:epoch=10/30 batch=500/1173 loss=0.4714
INFO:dh2a_kt.train.tier1:epoch=10/30 batch=1000/1173 loss=0.4724
INFO:dh2a_kt.train.tier1:epoch=10/30 loss=0.4730 batches=1173 skipped_nonfinite=0
INFO:dh2a_kt.train.tier1:epoch=10/30 val_auc=0.7646 val_n=187017
INFO:dh2a_kt.train.tier1:epoch=11/30 batch=500/1173 loss=0.4655
INFO:dh2a_kt.train.tier1:epoch=11/30 batch=1000/1173 loss=0.4665
INFO:dh2a_kt.train.tier1:epoch=11/30 loss=0.4677 batches=1173 skipped_nonfinite=0
INFO:dh2a_kt.train.tier1:epoch=11/30 val_auc=0.7649 val_n=187017
INFO:dh2a_kt.train.tier1:epoch=12/30 batch=500/1173 loss=0.4589
INFO:dh2a_kt.train.tier1:epoch=12/30 batch=1000/1173 loss=0.4628
INFO:dh2a_kt.train.tier1:epoch=12/30 loss=0.4633 batches=1173 skipped_nonfinite=0
INFO:dh2a_kt.train.tier1:epoch=12/30 val_auc=0.7624 val_n=187017
INFO:dh2a_kt.train.tier1:early stop at epoch=12 (no val AUC gain for 5 epochs)
INFO:dh2a_kt.train.tier1:restored best epoch=7 train_loss=0.4859 val_auc=0.7683 (of 30)
INFO:dh2a_kt.train.tier1:wrote DH2-KT checkpoint -> D:\TUAN\DH2A-KT\DH2A-KT\results\checkpoints\assist2012_fold0_ladder_assist-ref_time-on-observed_s0.pt
dataset=assist2012 architecture=v4 tag=ladder_assist-ref_time-on-observed_s0 hyperedge_source=from config no_graph=True use_questions=True window_mode=chunked val_frac=0.1 mask_repeats=True seed=0 sequence_encoder=lstm n_attn_layers=2 n_attn_heads=4 time_gap_pad=False recap_attention=False question_kc_agg=False question_graph=True question_incidence_control=observed question_hypergraph=False hint_hypergraph=False full_qmatrix=False time_gap=True time_gap_mode=both time_gap_control=real time_split=False concept_forget=False saw_input=False group_embed=False expert_graph=False memory_dim=16 max_degree=16 graph_transport=0.5 event_pool=mean transport=clique hyperedge_embed=False kind_conditioned=False graph_dropout=0.0 laux=0.0 budget=gkt matched_p0=False batch=16 epochs=30 lr=0.001 max_seq_len=400
NOTE: tuned budget (batch=16, epochs=30); P0 gkt used batch=32, epochs=10; clean protocol (repeat-row targets masked): AUC is NOT comparable to the P0 baselines

[fold 0] loading splits + e_pre...
[fold 0] AUC=0.7645 val_auc=0.7683 n_predictions=805911

Wrote comparison table: D:\TUAN\DH2A-KT\DH2A-KT\results\tables\dh2_kt_ladder_assist-ref_time-on-observed_s0_vs_p0.csv
   dataset fold reference_model   p0_auc  dh2_kt_auc  delta_auc budget_reference  batch_size  epochs comparison_type                                                                                                                                                budget_note  n_predictions  val_auc
assist2012    0             gkt 0.961003    0.764497  -0.196505              gkt          16      30   observational tuned budget (batch=16, epochs=30); P0 gkt used batch=32, epochs=10; clean protocol (repeat-row targets masked): AUC is NOT comparable to the P0 baselines         805911 0.768346
assist2012    0        simplekt 0.967902    0.764497  -0.203405              gkt          16      30   observational tuned budget (batch=16, epochs=30); P0 gkt used batch=32, epochs=10; clean protocol (repeat-row targets masked): AUC is NOT comparable to the P0 baselines         805911 0.768346
assist2012 mean             gkt 0.961003    0.764497  -0.196505              gkt          16      30   observational tuned budget (batch=16, epochs=30); P0 gkt used batch=32, epochs=10; clean protocol (repeat-row targets masked): AUC is NOT comparable to the P0 baselines         805911 0.768346
assist2012 mean        simplekt 0.967902    0.764497  -0.203405              gkt          16      30   observational tuned budget (batch=16, epochs=30); P0 gkt used batch=32, epochs=10; clean protocol (repeat-row targets masked): AUC is NOT comparable to the P0 baselines         805911 0.768346
