dataset=assist2012_sec architecture=v4 tag=ladder_assist-sec_t-zero_s0 hyperedge_source=from config no_graph=False use_questions=True window_mode=chunked val_frac=0.1 mask_repeats=True seed=0 sequence_encoder=lstm n_attn_layers=2 n_attn_heads=4 time_gap_pad=False recap_attention=False question_kc_agg=False question_graph=True question_incidence_control=zero question_hypergraph=False hint_hypergraph=False full_qmatrix=False time_gap=True time_gap_mode=both time_gap_control=zero time_split=False concept_forget=False saw_input=False group_embed=False expert_graph=False memory_dim=16 max_degree=16 graph_transport=0.5 event_pool=mean transport=clique hyperedge_embed=False kind_conditioned=False graph_dropout=0.0 laux=0.0 budget=gkt matched_p0=False batch=32 epochs=10 lr=0.001 max_seq_len=400
NOTE: clean protocol (repeat-row targets masked): AUC is NOT comparable to the P0 baselines
INFO:src.io_utils:Loading interactions from D:\TUAN\DH2A-KT\DH2A-KT\external\p0_leakage_audit\data\processed\assist2012_sec.parquet
INFO:src.io_utils:Loaded interactions shape=(2711602, 5)

[fold 0] loading splits + e_pre...
INFO:src.split_checker:Creating learner split shape=(2711602, 6) ratios=(0.7, 0.1, 0.2) seed=42
INFO:src.split_checker:Created split sizes={'train': 1894651, 'valid': 268745, 'test': 548206}
INFO:dh2a_kt.train.tier1:seed=0 (weight init and batch order)
INFO:dh2a_kt.train.tier1:Building concept-prerequisite hyperedges source=chain fold=0
INFO:dh2a_kt.hyperedge.construction:Built 220893 concept-prerequisite hyperedges (fold=0)
INFO:dh2a_kt.train.tier1:question_graph: registered Q–KC incidence for 0/53086 items (mean degree=0.00, full_qmatrix=False, control=zero; observed links=51321 across 51321 items)
INFO:dh2a_kt.train.tier1:train_fold: architecture=v4 concepts=265 exercises=53086 hyperedges=220893 kinds=['concept_prerequisite'] device=cuda
INFO:dh2a_kt.train.tier1:internal selection split: 18281 train users / 2031 val users (val_frac=0.10)
INFO:dh2a_kt.train.tier1:UserSequenceDataset: 18767 windows (mode=chunked) from 1705071 interactions
INFO:dh2a_kt.train.tier1:UserSequenceDataset: 8978 windows (mode=chunked) from 816951 interactions
INFO:dh2a_kt.train.tier1:UserSequenceDataset: 2085 windows (mode=chunked) from 189580 interactions
INFO:dh2a_kt.train.tier1:clean protocol: repeat-row targets excluded from the loss and from val AUC
INFO:dh2a_kt.train.tier1:epoch=1/10 batch=500/587 loss=0.5570
INFO:dh2a_kt.train.tier1:epoch=1/10 loss=0.5542 batches=587 skipped_nonfinite=0
INFO:dh2a_kt.train.tier1:epoch=1/10 val_auc=0.7430 val_n=187431
INFO:dh2a_kt.train.tier1:epoch=2/10 batch=500/587 loss=0.5193
INFO:dh2a_kt.train.tier1:epoch=2/10 loss=0.5184 batches=587 skipped_nonfinite=0
INFO:dh2a_kt.train.tier1:epoch=2/10 val_auc=0.7657 val_n=187431
INFO:dh2a_kt.train.tier1:epoch=3/10 batch=500/587 loss=0.5009
INFO:dh2a_kt.train.tier1:epoch=3/10 loss=0.5001 batches=587 skipped_nonfinite=0
INFO:dh2a_kt.train.tier1:epoch=3/10 val_auc=0.7735 val_n=187431
INFO:dh2a_kt.train.tier1:epoch=4/10 batch=500/587 loss=0.4901
INFO:dh2a_kt.train.tier1:epoch=4/10 loss=0.4903 batches=587 skipped_nonfinite=0
INFO:dh2a_kt.train.tier1:epoch=4/10 val_auc=0.7770 val_n=187431
INFO:dh2a_kt.train.tier1:epoch=5/10 batch=500/587 loss=0.4824
INFO:dh2a_kt.train.tier1:epoch=5/10 loss=0.4831 batches=587 skipped_nonfinite=0
INFO:dh2a_kt.train.tier1:epoch=5/10 val_auc=0.7782 val_n=187431
INFO:dh2a_kt.train.tier1:epoch=6/10 batch=500/587 loss=0.4768
INFO:dh2a_kt.train.tier1:epoch=6/10 loss=0.4775 batches=587 skipped_nonfinite=0
INFO:dh2a_kt.train.tier1:epoch=6/10 val_auc=0.7778 val_n=187431
INFO:dh2a_kt.train.tier1:epoch=7/10 batch=500/587 loss=0.4732
INFO:dh2a_kt.train.tier1:epoch=7/10 loss=0.4735 batches=587 skipped_nonfinite=0
INFO:dh2a_kt.train.tier1:epoch=7/10 val_auc=0.7774 val_n=187431
INFO:dh2a_kt.train.tier1:epoch=8/10 batch=500/587 loss=0.4681
INFO:dh2a_kt.train.tier1:epoch=8/10 loss=0.4684 batches=587 skipped_nonfinite=0
INFO:dh2a_kt.train.tier1:epoch=8/10 val_auc=0.7759 val_n=187431
INFO:dh2a_kt.train.tier1:epoch=9/10 batch=500/587 loss=0.4641
INFO:dh2a_kt.train.tier1:epoch=9/10 loss=0.4640 batches=587 skipped_nonfinite=0
INFO:dh2a_kt.train.tier1:epoch=9/10 val_auc=0.7756 val_n=187431
INFO:dh2a_kt.train.tier1:epoch=10/10 batch=500/587 loss=0.4591
INFO:dh2a_kt.train.tier1:epoch=10/10 loss=0.4598 batches=587 skipped_nonfinite=0
INFO:dh2a_kt.train.tier1:epoch=10/10 val_auc=0.7738 val_n=187431
INFO:dh2a_kt.train.tier1:restored best epoch=5 train_loss=0.4831 val_auc=0.7782 (of 10)
INFO:dh2a_kt.train.tier1:wrote DH2-KT checkpoint -> D:\TUAN\DH2A-KT\DH2A-KT\results\checkpoints\assist2012_sec_fold0_ladder_assist-sec_t-zero_s0.pt
[fold 0] AUC=0.7761 val_auc=0.7782 n_predictions=807716

Wrote comparison table: D:\TUAN\DH2A-KT\DH2A-KT\results\tables\dh2_kt_ladder_assist-sec_t-zero_s0_vs_p0.csv
       dataset fold reference_model  p0_auc  dh2_kt_auc  delta_auc budget_reference  batch_size  epochs comparison_type                                                                           budget_note  n_predictions  val_auc
assist2012_sec    0            none     NaN    0.776102        NaN              gkt          32      10   observational clean protocol (repeat-row targets masked): AUC is NOT comparable to the P0 baselines         807716 0.778155
assist2012_sec mean            none     NaN    0.776102        NaN              gkt          32      10   observational clean protocol (repeat-row targets masked): AUC is NOT comparable to the P0 baselines         807716 0.778155
