INFO:src.io_utils:Loading interactions from D:\TUAN\DH2A-KT\DH2A-KT\external\p0_leakage_audit\data\processed\assist2012.parquet
INFO:src.io_utils:Loaded interactions shape=(2711602, 5)
INFO:src.split_checker:Creating learner split shape=(2711602, 6) ratios=(0.7, 0.1, 0.2) seed=42
INFO:src.split_checker:Created split sizes={'train': 1894651, 'valid': 268745, 'test': 548206}
INFO:dh2a_kt.train.tier1:seed=1234 (weight init and batch order)
INFO:dh2a_kt.train.tier1:Building concept-prerequisite hyperedges source=chain fold=0
INFO:dh2a_kt.hyperedge.construction:Built 648408 concept-prerequisite hyperedges (fold=0)
INFO:dh2a_kt.train.tier1:use_graph=False: training with zero hyperedges (graph ablation)
INFO:dh2a_kt.train.tier1:question_graph: registered Q–KC incidence for 0/53086 items (mean degree=0.00, full_qmatrix=False, control=zero; observed links=51321 across 51321 items)
INFO:dh2a_kt.train.tier1:train_fold: architecture=v4 concepts=265 exercises=53086 hyperedges=0 kinds=['concept_prerequisite'] device=cuda
INFO:dh2a_kt.train.tier1:internal selection split: 18281 train users / 2031 val users (val_frac=0.10)
INFO:dh2a_kt.train.tier1:UserSequenceDataset: 18767 windows (mode=chunked) from 1705071 interactions
INFO:dh2a_kt.train.tier1:UserSequenceDataset: 8978 windows (mode=chunked) from 816951 interactions
INFO:dh2a_kt.train.tier1:UserSequenceDataset: 2085 windows (mode=chunked) from 189580 interactions
INFO:dh2a_kt.train.tier1:clean protocol: repeat-row targets excluded from the loss and from val AUC
INFO:dh2a_kt.train.tier1:epoch=1/30 batch=500/1173 loss=0.5776
INFO:dh2a_kt.train.tier1:epoch=1/30 batch=1000/1173 loss=0.5640
INFO:dh2a_kt.train.tier1:epoch=1/30 loss=0.5613 batches=1173 skipped_nonfinite=0
INFO:dh2a_kt.train.tier1:epoch=1/30 val_auc=0.7337 val_n=187017
INFO:dh2a_kt.train.tier1:epoch=2/30 batch=500/1173 loss=0.5274
INFO:dh2a_kt.train.tier1:epoch=2/30 batch=1000/1173 loss=0.5249
INFO:dh2a_kt.train.tier1:epoch=2/30 loss=0.5243 batches=1173 skipped_nonfinite=0
INFO:dh2a_kt.train.tier1:epoch=2/30 val_auc=0.7566 val_n=187017
INFO:dh2a_kt.train.tier1:epoch=3/30 batch=500/1173 loss=0.5075
INFO:dh2a_kt.train.tier1:epoch=3/30 batch=1000/1173 loss=0.5070
INFO:dh2a_kt.train.tier1:epoch=3/30 loss=0.5070 batches=1173 skipped_nonfinite=0
INFO:dh2a_kt.train.tier1:epoch=3/30 val_auc=0.7627 val_n=187017
INFO:dh2a_kt.train.tier1:epoch=4/30 batch=500/1173 loss=0.4939
INFO:dh2a_kt.train.tier1:epoch=4/30 batch=1000/1173 loss=0.4966
INFO:dh2a_kt.train.tier1:epoch=4/30 loss=0.4976 batches=1173 skipped_nonfinite=0
INFO:dh2a_kt.train.tier1:epoch=4/30 val_auc=0.7633 val_n=187017
INFO:dh2a_kt.train.tier1:epoch=5/30 batch=500/1173 loss=0.4905
INFO:dh2a_kt.train.tier1:epoch=5/30 batch=1000/1173 loss=0.4921
INFO:dh2a_kt.train.tier1:epoch=5/30 loss=0.4921 batches=1173 skipped_nonfinite=0
INFO:dh2a_kt.train.tier1:epoch=5/30 val_auc=0.7655 val_n=187017
INFO:dh2a_kt.train.tier1:epoch=6/30 batch=500/1173 loss=0.4842
INFO:dh2a_kt.train.tier1:epoch=6/30 batch=1000/1173 loss=0.4861
INFO:dh2a_kt.train.tier1:epoch=6/30 loss=0.4870 batches=1173 skipped_nonfinite=0
INFO:dh2a_kt.train.tier1:epoch=6/30 val_auc=0.7652 val_n=187017
INFO:dh2a_kt.train.tier1:epoch=7/30 batch=500/1173 loss=0.4791
INFO:dh2a_kt.train.tier1:epoch=7/30 batch=1000/1173 loss=0.4818
INFO:dh2a_kt.train.tier1:epoch=7/30 loss=0.4825 batches=1173 skipped_nonfinite=0
INFO:dh2a_kt.train.tier1:epoch=7/30 val_auc=0.7641 val_n=187017
INFO:dh2a_kt.train.tier1:epoch=8/30 batch=500/1173 loss=0.4726
INFO:dh2a_kt.train.tier1:epoch=8/30 batch=1000/1173 loss=0.4753
INFO:dh2a_kt.train.tier1:epoch=8/30 loss=0.4762 batches=1173 skipped_nonfinite=0
INFO:dh2a_kt.train.tier1:epoch=8/30 val_auc=0.7624 val_n=187017
INFO:dh2a_kt.train.tier1:epoch=9/30 batch=500/1173 loss=0.4695
INFO:dh2a_kt.train.tier1:epoch=9/30 batch=1000/1173 loss=0.4718
INFO:dh2a_kt.train.tier1:epoch=9/30 loss=0.4720 batches=1173 skipped_nonfinite=0
INFO:dh2a_kt.train.tier1:epoch=9/30 val_auc=0.7596 val_n=187017
INFO:dh2a_kt.train.tier1:epoch=10/30 batch=500/1173 loss=0.4618
INFO:dh2a_kt.train.tier1:epoch=10/30 batch=1000/1173 loss=0.4644
INFO:dh2a_kt.train.tier1:epoch=10/30 loss=0.4658 batches=1173 skipped_nonfinite=0
INFO:dh2a_kt.train.tier1:epoch=10/30 val_auc=0.7586 val_n=187017
INFO:dh2a_kt.train.tier1:early stop at epoch=10 (no val AUC gain for 5 epochs)
INFO:dh2a_kt.train.tier1:restored best epoch=5 train_loss=0.4921 val_auc=0.7655 (of 30)
INFO:dh2a_kt.train.tier1:wrote DH2-KT checkpoint -> D:\TUAN\DH2A-KT\DH2A-KT\results\checkpoints\assist2012_fold0_ladder_assist-ref_incidence-off_s1234.pt
dataset=assist2012 architecture=v4 tag=ladder_assist-ref_incidence-off_s1234 hyperedge_source=from config no_graph=True use_questions=True window_mode=chunked val_frac=0.1 mask_repeats=True seed=1234 sequence_encoder=lstm n_attn_layers=2 n_attn_heads=4 time_gap_pad=False recap_attention=False question_kc_agg=False question_graph=True question_incidence_control=zero question_hypergraph=False hint_hypergraph=False full_qmatrix=False time_gap=False time_gap_mode=both time_gap_control=real time_split=False concept_forget=False saw_input=False group_embed=False expert_graph=False memory_dim=16 max_degree=16 graph_transport=0.5 event_pool=mean transport=clique hyperedge_embed=False kind_conditioned=False graph_dropout=0.0 laux=0.0 budget=gkt matched_p0=False batch=16 epochs=30 lr=0.001 max_seq_len=400
NOTE: tuned budget (batch=16, epochs=30); P0 gkt used batch=32, epochs=10; clean protocol (repeat-row targets masked): AUC is NOT comparable to the P0 baselines

[fold 0] loading splits + e_pre...
[fold 0] AUC=0.7617 val_auc=0.7655 n_predictions=805911

Wrote comparison table: D:\TUAN\DH2A-KT\DH2A-KT\results\tables\dh2_kt_ladder_assist-ref_incidence-off_s1234_vs_p0.csv
   dataset fold reference_model   p0_auc  dh2_kt_auc  delta_auc budget_reference  batch_size  epochs comparison_type                                                                                                                                                budget_note  n_predictions  val_auc
assist2012    0             gkt 0.961003     0.76165  -0.199353              gkt          16      30   observational tuned budget (batch=16, epochs=30); P0 gkt used batch=32, epochs=10; clean protocol (repeat-row targets masked): AUC is NOT comparable to the P0 baselines         805911 0.765479
assist2012    0        simplekt 0.967902     0.76165  -0.206252              gkt          16      30   observational tuned budget (batch=16, epochs=30); P0 gkt used batch=32, epochs=10; clean protocol (repeat-row targets masked): AUC is NOT comparable to the P0 baselines         805911 0.765479
assist2012 mean             gkt 0.961003     0.76165  -0.199353              gkt          16      30   observational tuned budget (batch=16, epochs=30); P0 gkt used batch=32, epochs=10; clean protocol (repeat-row targets masked): AUC is NOT comparable to the P0 baselines         805911 0.765479
assist2012 mean        simplekt 0.967902     0.76165  -0.206252              gkt          16      30   observational tuned budget (batch=16, epochs=30); P0 gkt used batch=32, epochs=10; clean protocol (repeat-row targets masked): AUC is NOT comparable to the P0 baselines         805911 0.765479
