dataset=assist2012_sec architecture=v4 tag=ladder_assist-sec_incidence-on_s42 hyperedge_source=from config no_graph=False use_questions=True window_mode=chunked val_frac=0.1 mask_repeats=True seed=42 sequence_encoder=lstm n_attn_layers=2 n_attn_heads=4 time_gap_pad=False recap_attention=False question_kc_agg=False question_graph=True question_incidence_control=observed question_hypergraph=False hint_hypergraph=False full_qmatrix=False time_gap=False time_gap_mode=both time_gap_control=real time_split=False concept_forget=False saw_input=False group_embed=False expert_graph=False memory_dim=16 max_degree=16 graph_transport=0.5 event_pool=mean transport=clique hyperedge_embed=False kind_conditioned=False graph_dropout=0.0 laux=0.0 budget=gkt matched_p0=False batch=32 epochs=10 lr=0.001 max_seq_len=400
NOTE: clean protocol (repeat-row targets masked): AUC is NOT comparable to the P0 baselines
INFO:src.io_utils:Loading interactions from D:\TUAN\DH2A-KT\DH2A-KT\external\p0_leakage_audit\data\processed\assist2012_sec.parquet
INFO:src.io_utils:Loaded interactions shape=(2711602, 5)

[fold 0] loading splits + e_pre...
INFO:src.split_checker:Creating learner split shape=(2711602, 6) ratios=(0.7, 0.1, 0.2) seed=42
INFO:src.split_checker:Created split sizes={'train': 1894651, 'valid': 268745, 'test': 548206}
INFO:dh2a_kt.train.tier1:seed=42 (weight init and batch order)
INFO:dh2a_kt.train.tier1:Building concept-prerequisite hyperedges source=chain fold=0
INFO:dh2a_kt.hyperedge.construction:Built 220893 concept-prerequisite hyperedges (fold=0)
INFO:dh2a_kt.train.tier1:question_graph: registered Q–KC incidence for 51321/53086 items (mean degree=0.97, full_qmatrix=False, control=observed; observed links=51321 across 51321 items)
INFO:dh2a_kt.train.tier1:train_fold: architecture=v4 concepts=265 exercises=53086 hyperedges=220893 kinds=['concept_prerequisite'] device=cuda
INFO:dh2a_kt.train.tier1:internal selection split: 18281 train users / 2031 val users (val_frac=0.10)
INFO:dh2a_kt.train.tier1:UserSequenceDataset: 18767 windows (mode=chunked) from 1705071 interactions
INFO:dh2a_kt.train.tier1:UserSequenceDataset: 8978 windows (mode=chunked) from 816951 interactions
INFO:dh2a_kt.train.tier1:UserSequenceDataset: 2085 windows (mode=chunked) from 189580 interactions
INFO:dh2a_kt.train.tier1:clean protocol: repeat-row targets excluded from the loss and from val AUC
INFO:dh2a_kt.train.tier1:epoch=1/10 batch=500/587 loss=0.5575
INFO:dh2a_kt.train.tier1:epoch=1/10 loss=0.5546 batches=587 skipped_nonfinite=0
INFO:dh2a_kt.train.tier1:epoch=1/10 val_auc=0.7422 val_n=187431
INFO:dh2a_kt.train.tier1:epoch=2/10 batch=500/587 loss=0.5199
INFO:dh2a_kt.train.tier1:epoch=2/10 loss=0.5189 batches=587 skipped_nonfinite=0
INFO:dh2a_kt.train.tier1:epoch=2/10 val_auc=0.7666 val_n=187431
INFO:dh2a_kt.train.tier1:epoch=3/10 batch=500/587 loss=0.5018
INFO:dh2a_kt.train.tier1:epoch=3/10 loss=0.5003 batches=587 skipped_nonfinite=0
INFO:dh2a_kt.train.tier1:epoch=3/10 val_auc=0.7745 val_n=187431
INFO:dh2a_kt.train.tier1:epoch=4/10 batch=500/587 loss=0.4901
INFO:dh2a_kt.train.tier1:epoch=4/10 loss=0.4901 batches=587 skipped_nonfinite=0
INFO:dh2a_kt.train.tier1:epoch=4/10 val_auc=0.7768 val_n=187431
INFO:dh2a_kt.train.tier1:epoch=5/10 batch=500/587 loss=0.4846
INFO:dh2a_kt.train.tier1:epoch=5/10 loss=0.4851 batches=587 skipped_nonfinite=0
INFO:dh2a_kt.train.tier1:epoch=5/10 val_auc=0.7795 val_n=187431
INFO:dh2a_kt.train.tier1:epoch=6/10 batch=500/587 loss=0.4796
INFO:dh2a_kt.train.tier1:epoch=6/10 loss=0.4803 batches=587 skipped_nonfinite=0
INFO:dh2a_kt.train.tier1:epoch=6/10 val_auc=0.7795 val_n=187431
INFO:dh2a_kt.train.tier1:epoch=7/10 batch=500/587 loss=0.4763
INFO:dh2a_kt.train.tier1:epoch=7/10 loss=0.4765 batches=587 skipped_nonfinite=0
INFO:dh2a_kt.train.tier1:epoch=7/10 val_auc=0.7795 val_n=187431
INFO:dh2a_kt.train.tier1:epoch=8/10 batch=500/587 loss=0.4727
INFO:dh2a_kt.train.tier1:epoch=8/10 loss=0.4732 batches=587 skipped_nonfinite=0
INFO:dh2a_kt.train.tier1:epoch=8/10 val_auc=0.7794 val_n=187431
INFO:dh2a_kt.train.tier1:epoch=9/10 batch=500/587 loss=0.4687
INFO:dh2a_kt.train.tier1:epoch=9/10 loss=0.4689 batches=587 skipped_nonfinite=0
INFO:dh2a_kt.train.tier1:epoch=9/10 val_auc=0.7783 val_n=187431
INFO:dh2a_kt.train.tier1:epoch=10/10 batch=500/587 loss=0.4650
INFO:dh2a_kt.train.tier1:epoch=10/10 loss=0.4652 batches=587 skipped_nonfinite=0
INFO:dh2a_kt.train.tier1:epoch=10/10 val_auc=0.7766 val_n=187431
INFO:dh2a_kt.train.tier1:restored best epoch=7 train_loss=0.4765 val_auc=0.7795 (of 10)
INFO:dh2a_kt.train.tier1:wrote DH2-KT checkpoint -> D:\TUAN\DH2A-KT\DH2A-KT\results\checkpoints\assist2012_sec_fold0_ladder_assist-sec_incidence-on_s42.pt
[fold 0] AUC=0.7772 val_auc=0.7795 n_predictions=807716

Wrote comparison table: D:\TUAN\DH2A-KT\DH2A-KT\results\tables\dh2_kt_ladder_assist-sec_incidence-on_s42_vs_p0.csv
       dataset fold reference_model  p0_auc  dh2_kt_auc  delta_auc budget_reference  batch_size  epochs comparison_type                                                                           budget_note  n_predictions  val_auc
assist2012_sec    0            none     NaN    0.777158        NaN              gkt          32      10   observational clean protocol (repeat-row targets masked): AUC is NOT comparable to the P0 baselines         807716  0.77955
assist2012_sec mean            none     NaN    0.777158        NaN              gkt          32      10   observational clean protocol (repeat-row targets masked): AUC is NOT comparable to the P0 baselines         807716  0.77955
