dataset=assist2012_sec architecture=v4 tag=ladder_assist-sec-fold1_t-zero_s0 hyperedge_source=from config no_graph=True use_questions=True window_mode=chunked val_frac=0.1 mask_repeats=True seed=0 sequence_encoder=lstm n_attn_layers=2 n_attn_heads=4 time_gap_pad=False recap_attention=False question_kc_agg=False question_graph=True question_incidence_control=zero question_hypergraph=False hint_hypergraph=False full_qmatrix=False time_gap=True time_gap_mode=both time_gap_control=zero time_split=False concept_forget=False saw_input=False group_embed=False expert_graph=False memory_dim=16 max_degree=16 graph_transport=0.5 event_pool=mean transport=clique hyperedge_embed=False kind_conditioned=False graph_dropout=0.0 laux=0.0 budget=gkt matched_p0=False batch=16 epochs=30 lr=0.001 max_seq_len=400
NOTE: tuned budget (batch=16, epochs=30); P0 gkt used batch=32, epochs=10; clean protocol (repeat-row targets masked): AUC is NOT comparable to the P0 baselines
INFO:src.io_utils:Loading interactions from D:\TUAN\DH2A-KT\DH2A-KT\external\p0_leakage_audit\data\processed\assist2012_sec.parquet
INFO:src.io_utils:Loaded interactions shape=(2711602, 5)

[fold 1] loading splits + e_pre...
INFO:src.split_checker:Creating learner split shape=(2711602, 6) ratios=(0.7, 0.1, 0.2) seed=42
INFO:src.split_checker:Created split sizes={'train': 1894651, 'valid': 268745, 'test': 548206}
INFO:src.split_checker:Creating learner split shape=(2711602, 6) ratios=(0.7, 0.1, 0.2) seed=43
INFO:src.split_checker:Created split sizes={'train': 1904881, 'valid': 261340, 'test': 545381}
INFO:dh2a_kt.train.tier1:seed=0 (weight init and batch order)
INFO:dh2a_kt.train.tier1:Building concept-prerequisite hyperedges source=chain fold=1
INFO:dh2a_kt.hyperedge.construction:Built 179750 concept-prerequisite hyperedges (fold=1)
INFO:dh2a_kt.train.tier1:use_graph=False: training with zero hyperedges (graph ablation)
INFO:dh2a_kt.train.tier1:question_graph: registered Q–KC incidence for 0/53086 items (mean degree=0.00, full_qmatrix=False, control=zero; observed links=51699 across 51699 items)
INFO:dh2a_kt.train.tier1:train_fold: architecture=v4 concepts=265 exercises=53086 hyperedges=0 kinds=['concept_prerequisite'] device=cuda
INFO:dh2a_kt.train.tier1:internal selection split: 18281 train users / 2031 val users (val_frac=0.10)
INFO:dh2a_kt.train.tier1:UserSequenceDataset: 18858 windows (mode=chunked) from 1714520 interactions
INFO:dh2a_kt.train.tier1:UserSequenceDataset: 8893 windows (mode=chunked) from 806721 interactions
INFO:dh2a_kt.train.tier1:UserSequenceDataset: 2079 windows (mode=chunked) from 190361 interactions
INFO:dh2a_kt.train.tier1:clean protocol: repeat-row targets excluded from the loss and from val AUC
INFO:dh2a_kt.train.tier1:epoch=1/30 batch=500/1179 loss=0.5694
INFO:dh2a_kt.train.tier1:epoch=1/30 batch=1000/1179 loss=0.5554
INFO:dh2a_kt.train.tier1:epoch=1/30 loss=0.5522 batches=1179 skipped_nonfinite=0
INFO:dh2a_kt.train.tier1:epoch=1/30 val_auc=0.7556 val_n=188215
INFO:dh2a_kt.train.tier1:epoch=2/30 batch=500/1179 loss=0.5162
INFO:dh2a_kt.train.tier1:epoch=2/30 batch=1000/1179 loss=0.5160
INFO:dh2a_kt.train.tier1:epoch=2/30 loss=0.5147 batches=1179 skipped_nonfinite=0
INFO:dh2a_kt.train.tier1:epoch=2/30 val_auc=0.7730 val_n=188215
INFO:dh2a_kt.train.tier1:epoch=3/30 batch=500/1179 loss=0.4963
INFO:dh2a_kt.train.tier1:epoch=3/30 batch=1000/1179 loss=0.4974
INFO:dh2a_kt.train.tier1:epoch=3/30 loss=0.4972 batches=1179 skipped_nonfinite=0
INFO:dh2a_kt.train.tier1:epoch=3/30 val_auc=0.7773 val_n=188215
INFO:dh2a_kt.train.tier1:epoch=4/30 batch=500/1179 loss=0.4866
INFO:dh2a_kt.train.tier1:epoch=4/30 batch=1000/1179 loss=0.4878
INFO:dh2a_kt.train.tier1:epoch=4/30 loss=0.4887 batches=1179 skipped_nonfinite=0
INFO:dh2a_kt.train.tier1:epoch=4/30 val_auc=0.7809 val_n=188215
INFO:dh2a_kt.train.tier1:epoch=5/30 batch=500/1179 loss=0.4796
INFO:dh2a_kt.train.tier1:epoch=5/30 batch=1000/1179 loss=0.4815
INFO:dh2a_kt.train.tier1:epoch=5/30 loss=0.4824 batches=1179 skipped_nonfinite=0
INFO:dh2a_kt.train.tier1:epoch=5/30 val_auc=0.7802 val_n=188215
INFO:dh2a_kt.train.tier1:epoch=6/30 batch=500/1179 loss=0.4729
INFO:dh2a_kt.train.tier1:epoch=6/30 batch=1000/1179 loss=0.4753
INFO:dh2a_kt.train.tier1:epoch=6/30 loss=0.4762 batches=1179 skipped_nonfinite=0
INFO:dh2a_kt.train.tier1:epoch=6/30 val_auc=0.7801 val_n=188215
INFO:dh2a_kt.train.tier1:epoch=7/30 batch=500/1179 loss=0.4703
INFO:dh2a_kt.train.tier1:epoch=7/30 batch=1000/1179 loss=0.4713
INFO:dh2a_kt.train.tier1:epoch=7/30 loss=0.4713 batches=1179 skipped_nonfinite=0
INFO:dh2a_kt.train.tier1:epoch=7/30 val_auc=0.7786 val_n=188215
INFO:dh2a_kt.train.tier1:epoch=8/30 batch=500/1179 loss=0.4624
INFO:dh2a_kt.train.tier1:epoch=8/30 batch=1000/1179 loss=0.4640
INFO:dh2a_kt.train.tier1:epoch=8/30 loss=0.4659 batches=1179 skipped_nonfinite=0
INFO:dh2a_kt.train.tier1:epoch=8/30 val_auc=0.7775 val_n=188215
INFO:dh2a_kt.train.tier1:epoch=9/30 batch=500/1179 loss=0.4548
INFO:dh2a_kt.train.tier1:epoch=9/30 batch=1000/1179 loss=0.4588
INFO:dh2a_kt.train.tier1:epoch=9/30 loss=0.4601 batches=1179 skipped_nonfinite=0
INFO:dh2a_kt.train.tier1:epoch=9/30 val_auc=0.7753 val_n=188215
INFO:dh2a_kt.train.tier1:early stop at epoch=9 (no val AUC gain for 5 epochs)
INFO:dh2a_kt.train.tier1:restored best epoch=4 train_loss=0.4887 val_auc=0.7809 (of 30)
INFO:dh2a_kt.train.tier1:wrote DH2-KT checkpoint -> D:\TUAN\DH2A-KT\DH2A-KT\results\checkpoints\assist2012_sec_fold1_ladder_assist-sec-fold1_t-zero_s0.pt
[fold 1] AUC=0.7729 val_auc=0.7809 n_predictions=797522

Wrote comparison table: D:\TUAN\DH2A-KT\DH2A-KT\results\tables\dh2_kt_ladder_assist-sec-fold1_t-zero_s0_vs_p0.csv
       dataset fold reference_model  p0_auc  dh2_kt_auc  delta_auc budget_reference  batch_size  epochs comparison_type                                                                                                                                                budget_note  n_predictions  val_auc
assist2012_sec    1            none     NaN    0.772941        NaN              gkt          16      30   observational tuned budget (batch=16, epochs=30); P0 gkt used batch=32, epochs=10; clean protocol (repeat-row targets masked): AUC is NOT comparable to the P0 baselines         797522 0.780939
assist2012_sec mean            none     NaN    0.772941        NaN              gkt          16      30   observational tuned budget (batch=16, epochs=30); P0 gkt used batch=32, epochs=10; clean protocol (repeat-row targets masked): AUC is NOT comparable to the P0 baselines         797522 0.780939
