INFO:src.io_utils:Loading interactions from D:\TUAN\DH2A-KT\DH2A-KT\external\p0_leakage_audit\data\processed\xes3g5m.parquet
INFO:src.io_utils:Loaded interactions shape=(6413353, 5)
INFO:src.split_checker:Creating learner split shape=(6413353, 6) ratios=(0.7, 0.1, 0.2) seed=42
INFO:src.split_checker:Created split sizes={'train': 4490513, 'valid': 640917, 'test': 1281923}
INFO:dh2a_kt.train.tier1:seed=2024 (weight init and batch order)
INFO:dh2a_kt.train.tier1:Building concept-prerequisite hyperedges source=chain fold=0
INFO:dh2a_kt.hyperedge.construction:Built 446305 concept-prerequisite hyperedges (fold=0)
INFO:dh2a_kt.train.tier1:use_graph=False: training with zero hyperedges (graph ablation)
INFO:dh2a_kt.train.tier1:question_graph: registered Q–KC incidence for 0/7652 items (mean degree=0.00, full_qmatrix=False, control=zero; observed links=8848 across 7602 items)
INFO:dh2a_kt.train.tier1:train_fold: architecture=v4 concepts=865 exercises=7652 hyperedges=0 kinds=['concept_prerequisite'] device=cuda
INFO:dh2a_kt.train.tier1:internal selection split: 11381 train users / 1265 val users (val_frac=0.10)
INFO:dh2a_kt.train.tier1:UserSequenceDataset: 14601 windows (mode=chunked) from 4041573 interactions
INFO:dh2a_kt.train.tier1:UserSequenceDataset: 6954 windows (mode=chunked) from 1922840 interactions
INFO:dh2a_kt.train.tier1:UserSequenceDataset: 1627 windows (mode=chunked) from 448940 interactions
INFO:dh2a_kt.train.tier1:clean protocol: repeat-row targets excluded from the loss and from val AUC
INFO:dh2a_kt.train.tier1:epoch=1/30 batch=500/913 loss=0.4693
INFO:dh2a_kt.train.tier1:epoch=1/30 loss=0.4471 batches=913 skipped_nonfinite=0
INFO:dh2a_kt.train.tier1:epoch=1/30 val_auc=0.7972 val_n=382836
INFO:dh2a_kt.train.tier1:epoch=2/30 batch=500/913 loss=0.4086
INFO:dh2a_kt.train.tier1:epoch=2/30 loss=0.4068 batches=913 skipped_nonfinite=0
INFO:dh2a_kt.train.tier1:epoch=2/30 val_auc=0.8054 val_n=382836
INFO:dh2a_kt.train.tier1:epoch=3/30 batch=500/913 loss=0.4011
INFO:dh2a_kt.train.tier1:epoch=3/30 loss=0.3996 batches=913 skipped_nonfinite=0
INFO:dh2a_kt.train.tier1:epoch=3/30 val_auc=0.8117 val_n=382836
INFO:dh2a_kt.train.tier1:epoch=4/30 batch=500/913 loss=0.3959
INFO:dh2a_kt.train.tier1:epoch=4/30 loss=0.3956 batches=913 skipped_nonfinite=0
INFO:dh2a_kt.train.tier1:epoch=4/30 val_auc=0.8147 val_n=382836
INFO:dh2a_kt.train.tier1:epoch=5/30 batch=500/913 loss=0.3909
INFO:dh2a_kt.train.tier1:epoch=5/30 loss=0.3933 batches=913 skipped_nonfinite=0
INFO:dh2a_kt.train.tier1:epoch=5/30 val_auc=0.8132 val_n=382836
INFO:dh2a_kt.train.tier1:epoch=6/30 batch=500/913 loss=0.3907
INFO:dh2a_kt.train.tier1:epoch=6/30 loss=0.3909 batches=913 skipped_nonfinite=0
INFO:dh2a_kt.train.tier1:epoch=6/30 val_auc=0.8162 val_n=382836
INFO:dh2a_kt.train.tier1:epoch=7/30 batch=500/913 loss=0.3889
INFO:dh2a_kt.train.tier1:epoch=7/30 loss=0.3886 batches=913 skipped_nonfinite=0
INFO:dh2a_kt.train.tier1:epoch=7/30 val_auc=0.8195 val_n=382836
INFO:dh2a_kt.train.tier1:epoch=8/30 batch=500/913 loss=0.3884
INFO:dh2a_kt.train.tier1:epoch=8/30 loss=0.3868 batches=913 skipped_nonfinite=0
INFO:dh2a_kt.train.tier1:epoch=8/30 val_auc=0.8183 val_n=382836
INFO:dh2a_kt.train.tier1:epoch=9/30 batch=500/913 loss=0.3854
INFO:dh2a_kt.train.tier1:epoch=9/30 loss=0.3855 batches=913 skipped_nonfinite=0
INFO:dh2a_kt.train.tier1:epoch=9/30 val_auc=0.8207 val_n=382836
INFO:dh2a_kt.train.tier1:epoch=10/30 batch=500/913 loss=0.3836
INFO:dh2a_kt.train.tier1:epoch=10/30 loss=0.3839 batches=913 skipped_nonfinite=0
INFO:dh2a_kt.train.tier1:epoch=10/30 val_auc=0.8216 val_n=382836
INFO:dh2a_kt.train.tier1:epoch=11/30 batch=500/913 loss=0.3803
INFO:dh2a_kt.train.tier1:epoch=11/30 loss=0.3827 batches=913 skipped_nonfinite=0
INFO:dh2a_kt.train.tier1:epoch=11/30 val_auc=0.8225 val_n=382836
INFO:dh2a_kt.train.tier1:epoch=12/30 batch=500/913 loss=0.3805
INFO:dh2a_kt.train.tier1:epoch=12/30 loss=0.3818 batches=913 skipped_nonfinite=0
INFO:dh2a_kt.train.tier1:epoch=12/30 val_auc=0.8225 val_n=382836
INFO:dh2a_kt.train.tier1:epoch=13/30 batch=500/913 loss=0.3830
INFO:dh2a_kt.train.tier1:epoch=13/30 loss=0.3807 batches=913 skipped_nonfinite=0
INFO:dh2a_kt.train.tier1:epoch=13/30 val_auc=0.8233 val_n=382836
INFO:dh2a_kt.train.tier1:epoch=14/30 batch=500/913 loss=0.3809
INFO:dh2a_kt.train.tier1:epoch=14/30 loss=0.3799 batches=913 skipped_nonfinite=0
INFO:dh2a_kt.train.tier1:epoch=14/30 val_auc=0.8238 val_n=382836
INFO:dh2a_kt.train.tier1:epoch=15/30 batch=500/913 loss=0.3789
INFO:dh2a_kt.train.tier1:epoch=15/30 loss=0.3790 batches=913 skipped_nonfinite=0
INFO:dh2a_kt.train.tier1:epoch=15/30 val_auc=0.8243 val_n=382836
INFO:dh2a_kt.train.tier1:epoch=16/30 batch=500/913 loss=0.3794
INFO:dh2a_kt.train.tier1:epoch=16/30 loss=0.3782 batches=913 skipped_nonfinite=0
INFO:dh2a_kt.train.tier1:epoch=16/30 val_auc=0.8228 val_n=382836
INFO:dh2a_kt.train.tier1:epoch=17/30 batch=500/913 loss=0.3785
INFO:dh2a_kt.train.tier1:epoch=17/30 loss=0.3776 batches=913 skipped_nonfinite=0
INFO:dh2a_kt.train.tier1:epoch=17/30 val_auc=0.8236 val_n=382836
INFO:dh2a_kt.train.tier1:epoch=18/30 batch=500/913 loss=0.3757
INFO:dh2a_kt.train.tier1:epoch=18/30 loss=0.3770 batches=913 skipped_nonfinite=0
INFO:dh2a_kt.train.tier1:epoch=18/30 val_auc=0.8240 val_n=382836
INFO:dh2a_kt.train.tier1:epoch=19/30 batch=500/913 loss=0.3734
INFO:dh2a_kt.train.tier1:epoch=19/30 loss=0.3765 batches=913 skipped_nonfinite=0
INFO:dh2a_kt.train.tier1:epoch=19/30 val_auc=0.8249 val_n=382836
INFO:dh2a_kt.train.tier1:epoch=20/30 batch=500/913 loss=0.3755
INFO:dh2a_kt.train.tier1:epoch=20/30 loss=0.3760 batches=913 skipped_nonfinite=0
INFO:dh2a_kt.train.tier1:epoch=20/30 val_auc=0.8234 val_n=382836
INFO:dh2a_kt.train.tier1:epoch=21/30 batch=500/913 loss=0.3744
INFO:dh2a_kt.train.tier1:epoch=21/30 loss=0.3754 batches=913 skipped_nonfinite=0
INFO:dh2a_kt.train.tier1:epoch=21/30 val_auc=0.8249 val_n=382836
INFO:dh2a_kt.train.tier1:epoch=22/30 batch=500/913 loss=0.3731
INFO:dh2a_kt.train.tier1:epoch=22/30 loss=0.3747 batches=913 skipped_nonfinite=0
INFO:dh2a_kt.train.tier1:epoch=22/30 val_auc=0.8242 val_n=382836
INFO:dh2a_kt.train.tier1:epoch=23/30 batch=500/913 loss=0.3742
INFO:dh2a_kt.train.tier1:epoch=23/30 loss=0.3739 batches=913 skipped_nonfinite=0
INFO:dh2a_kt.train.tier1:epoch=23/30 val_auc=0.8240 val_n=382836
INFO:dh2a_kt.train.tier1:epoch=24/30 batch=500/913 loss=0.3731
INFO:dh2a_kt.train.tier1:epoch=24/30 loss=0.3736 batches=913 skipped_nonfinite=0
INFO:dh2a_kt.train.tier1:epoch=24/30 val_auc=0.8248 val_n=382836
INFO:dh2a_kt.train.tier1:early stop at epoch=24 (no val AUC gain for 5 epochs)
INFO:dh2a_kt.train.tier1:restored best epoch=19 train_loss=0.3765 val_auc=0.8249 (of 30)
INFO:dh2a_kt.train.tier1:wrote DH2-KT checkpoint -> D:\TUAN\DH2A-KT\DH2A-KT\results\checkpoints\xes3g5m_fold0_ladder_backbone-attn_t-misaligned_s2024.pt
dataset=xes3g5m architecture=v4 tag=ladder_backbone-attn_t-misaligned_s2024 hyperedge_source=from config no_graph=True use_questions=True window_mode=chunked val_frac=0.1 mask_repeats=True seed=2024 sequence_encoder=attention n_attn_layers=2 n_attn_heads=4 time_gap_pad=False recap_attention=False question_kc_agg=False question_graph=True question_incidence_control=zero question_hypergraph=False hint_hypergraph=False full_qmatrix=False time_gap=True time_gap_mode=both time_gap_control=misaligned time_split=False concept_forget=False saw_input=False group_embed=False expert_graph=False memory_dim=16 max_degree=16 graph_transport=0.5 event_pool=mean transport=clique hyperedge_embed=False kind_conditioned=False graph_dropout=0.0 laux=0.0 budget=gkt matched_p0=False batch=16 epochs=30 lr=0.001 max_seq_len=400
NOTE: tuned budget (batch=16, epochs=30); P0 gkt used batch=4, epochs=10; clean protocol (repeat-row targets masked): AUC is NOT comparable to the P0 baselines

[fold 0] loading splits + e_pre...
[fold 0] AUC=0.8260 val_auc=0.8249 n_predictions=1640242

Wrote comparison table: D:\TUAN\DH2A-KT\DH2A-KT\results\tables\dh2_kt_ladder_backbone-attn_t-misaligned_s2024_vs_p0.csv
dataset fold reference_model   p0_auc  dh2_kt_auc  delta_auc budget_reference  batch_size  epochs comparison_type                                                                                                                                               budget_note  n_predictions  val_auc
xes3g5m    0             gkt 0.833644    0.825988  -0.007656              gkt          16      30   observational tuned budget (batch=16, epochs=30); P0 gkt used batch=4, epochs=10; clean protocol (repeat-row targets masked): AUC is NOT comparable to the P0 baselines        1640242 0.824929
xes3g5m    0        simplekt 0.874720    0.825988  -0.048732              gkt          16      30   observational tuned budget (batch=16, epochs=30); P0 gkt used batch=4, epochs=10; clean protocol (repeat-row targets masked): AUC is NOT comparable to the P0 baselines        1640242 0.824929
xes3g5m mean             gkt 0.833644    0.825988  -0.007656              gkt          16      30   observational tuned budget (batch=16, epochs=30); P0 gkt used batch=4, epochs=10; clean protocol (repeat-row targets masked): AUC is NOT comparable to the P0 baselines        1640242 0.824929
xes3g5m mean        simplekt 0.874720    0.825988  -0.048732              gkt          16      30   observational tuned budget (batch=16, epochs=30); P0 gkt used batch=4, epochs=10; clean protocol (repeat-row targets masked): AUC is NOT comparable to the P0 baselines        1640242 0.824929
