INFO:src.io_utils:Loading interactions from D:\TUAN\DH2A-KT\DH2A-KT\external\p0_leakage_audit\data\processed\junyi.parquet
INFO:src.io_utils:Loaded interactions shape=(25925992, 5)
INFO:src.split_checker:Creating learner split shape=(25925992, 6) ratios=(0.7, 0.1, 0.2) seed=42
INFO:src.split_checker:Created split sizes={'train': 18188758, 'valid': 2569639, 'test': 5167595}
INFO:dh2a_kt.train.tier1:seed=42 (weight init and batch order)
INFO:dh2a_kt.train.tier1:Building concept-prerequisite hyperedges source=chain fold=0
INFO:dh2a_kt.hyperedge.construction:Built 700570 concept-prerequisite hyperedges (fold=0)
INFO:dh2a_kt.train.tier1:use_graph=False: training with zero hyperedges (graph ablation)
INFO:dh2a_kt.train.tier1:question_graph: registered Q–KC incidence for 0/722 items (mean degree=0.00, full_qmatrix=False, control=zero; observed links=720 across 720 items)
INFO:dh2a_kt.train.tier1:train_fold: architecture=v4 concepts=722 exercises=722 hyperedges=0 kinds=['concept_prerequisite'] device=cuda
INFO:dh2a_kt.train.tier1:internal selection split: 155992 train users / 17332 val users (val_frac=0.10)
INFO:dh2a_kt.train.tier1:UserSequenceDataset: 153805 windows (mode=chunked) from 16398869 interactions
INFO:dh2a_kt.train.tier1:UserSequenceDataset: 73385 windows (mode=chunked) from 7737234 interactions
INFO:dh2a_kt.train.tier1:UserSequenceDataset: 17064 windows (mode=chunked) from 1789889 interactions
INFO:dh2a_kt.train.tier1:clean protocol: repeat-row targets excluded from the loss and from val AUC
INFO:dh2a_kt.train.tier1:epoch=1/30 batch=500/9613 loss=0.4130
INFO:dh2a_kt.train.tier1:epoch=1/30 batch=1000/9613 loss=0.4018
INFO:dh2a_kt.train.tier1:epoch=1/30 batch=1500/9613 loss=0.3945
INFO:dh2a_kt.train.tier1:epoch=1/30 batch=2000/9613 loss=0.3899
INFO:dh2a_kt.train.tier1:epoch=1/30 batch=2500/9613 loss=0.3877
INFO:dh2a_kt.train.tier1:epoch=1/30 batch=3000/9613 loss=0.3856
INFO:dh2a_kt.train.tier1:epoch=1/30 batch=3500/9613 loss=0.3838
INFO:dh2a_kt.train.tier1:epoch=1/30 batch=4000/9613 loss=0.3825
INFO:dh2a_kt.train.tier1:epoch=1/30 batch=4500/9613 loss=0.3812
INFO:dh2a_kt.train.tier1:epoch=1/30 batch=5000/9613 loss=0.3800
INFO:dh2a_kt.train.tier1:epoch=1/30 batch=5500/9613 loss=0.3793
INFO:dh2a_kt.train.tier1:epoch=1/30 batch=6000/9613 loss=0.3785
INFO:dh2a_kt.train.tier1:epoch=1/30 batch=6500/9613 loss=0.3779
INFO:dh2a_kt.train.tier1:epoch=1/30 batch=7000/9613 loss=0.3775
INFO:dh2a_kt.train.tier1:epoch=1/30 batch=7500/9613 loss=0.3772
INFO:dh2a_kt.train.tier1:epoch=1/30 batch=8000/9613 loss=0.3768
INFO:dh2a_kt.train.tier1:epoch=1/30 batch=8500/9613 loss=0.3762
INFO:dh2a_kt.train.tier1:epoch=1/30 batch=9000/9613 loss=0.3758
INFO:dh2a_kt.train.tier1:epoch=1/30 batch=9500/9613 loss=0.3755
INFO:dh2a_kt.train.tier1:epoch=1/30 loss=0.3754 batches=9613 skipped_nonfinite=0
INFO:dh2a_kt.train.tier1:epoch=1/30 val_auc=0.7937 val_n=1770055
INFO:dh2a_kt.train.tier1:epoch=2/30 batch=500/9613 loss=0.3690
INFO:dh2a_kt.train.tier1:epoch=2/30 batch=1000/9613 loss=0.3666
INFO:dh2a_kt.train.tier1:epoch=2/30 batch=1500/9613 loss=0.3656
INFO:dh2a_kt.train.tier1:epoch=2/30 batch=2000/9613 loss=0.3662
INFO:dh2a_kt.train.tier1:epoch=2/30 batch=2500/9613 loss=0.3663
INFO:dh2a_kt.train.tier1:epoch=2/30 batch=3000/9613 loss=0.3663
INFO:dh2a_kt.train.tier1:epoch=2/30 batch=3500/9613 loss=0.3663
INFO:dh2a_kt.train.tier1:epoch=2/30 batch=4000/9613 loss=0.3664
INFO:dh2a_kt.train.tier1:epoch=2/30 batch=4500/9613 loss=0.3664
INFO:dh2a_kt.train.tier1:epoch=2/30 batch=5000/9613 loss=0.3661
INFO:dh2a_kt.train.tier1:epoch=2/30 batch=5500/9613 loss=0.3663
INFO:dh2a_kt.train.tier1:epoch=2/30 batch=6000/9613 loss=0.3664
INFO:dh2a_kt.train.tier1:epoch=2/30 batch=6500/9613 loss=0.3664
INFO:dh2a_kt.train.tier1:epoch=2/30 batch=7000/9613 loss=0.3663
INFO:dh2a_kt.train.tier1:epoch=2/30 batch=7500/9613 loss=0.3664
INFO:dh2a_kt.train.tier1:epoch=2/30 batch=8000/9613 loss=0.3664
INFO:dh2a_kt.train.tier1:epoch=2/30 batch=8500/9613 loss=0.3661
INFO:dh2a_kt.train.tier1:epoch=2/30 batch=9000/9613 loss=0.3659
INFO:dh2a_kt.train.tier1:epoch=2/30 batch=9500/9613 loss=0.3657
INFO:dh2a_kt.train.tier1:epoch=2/30 loss=0.3657 batches=9613 skipped_nonfinite=0
INFO:dh2a_kt.train.tier1:epoch=2/30 val_auc=0.7969 val_n=1770055
INFO:dh2a_kt.train.tier1:epoch=3/30 batch=500/9613 loss=0.3645
INFO:dh2a_kt.train.tier1:epoch=3/30 batch=1000/9613 loss=0.3650
INFO:dh2a_kt.train.tier1:epoch=3/30 batch=1500/9613 loss=0.3649
INFO:dh2a_kt.train.tier1:epoch=3/30 batch=2000/9613 loss=0.3636
INFO:dh2a_kt.train.tier1:epoch=3/30 batch=2500/9613 loss=0.3631
INFO:dh2a_kt.train.tier1:epoch=3/30 batch=3000/9613 loss=0.3630
INFO:dh2a_kt.train.tier1:epoch=3/30 batch=3500/9613 loss=0.3625
INFO:dh2a_kt.train.tier1:epoch=3/30 batch=4000/9613 loss=0.3625
INFO:dh2a_kt.train.tier1:epoch=3/30 batch=4500/9613 loss=0.3622
INFO:dh2a_kt.train.tier1:epoch=3/30 batch=5000/9613 loss=0.3625
INFO:dh2a_kt.train.tier1:epoch=3/30 batch=5500/9613 loss=0.3624
INFO:dh2a_kt.train.tier1:epoch=3/30 batch=6000/9613 loss=0.3625
INFO:dh2a_kt.train.tier1:epoch=3/30 batch=6500/9613 loss=0.3625
INFO:dh2a_kt.train.tier1:epoch=3/30 batch=7000/9613 loss=0.3627
INFO:dh2a_kt.train.tier1:epoch=3/30 batch=7500/9613 loss=0.3627
INFO:dh2a_kt.train.tier1:epoch=3/30 batch=8000/9613 loss=0.3627
INFO:dh2a_kt.train.tier1:epoch=3/30 batch=8500/9613 loss=0.3628
INFO:dh2a_kt.train.tier1:epoch=3/30 batch=9000/9613 loss=0.3628
INFO:dh2a_kt.train.tier1:epoch=3/30 batch=9500/9613 loss=0.3630
INFO:dh2a_kt.train.tier1:epoch=3/30 loss=0.3630 batches=9613 skipped_nonfinite=0
INFO:dh2a_kt.train.tier1:epoch=3/30 val_auc=0.7995 val_n=1770055
INFO:dh2a_kt.train.tier1:epoch=4/30 batch=500/9613 loss=0.3601
INFO:dh2a_kt.train.tier1:epoch=4/30 batch=1000/9613 loss=0.3608
INFO:dh2a_kt.train.tier1:epoch=4/30 batch=1500/9613 loss=0.3612
INFO:dh2a_kt.train.tier1:epoch=4/30 batch=2000/9613 loss=0.3619
INFO:dh2a_kt.train.tier1:epoch=4/30 batch=2500/9613 loss=0.3620
INFO:dh2a_kt.train.tier1:epoch=4/30 batch=3000/9613 loss=0.3617
INFO:dh2a_kt.train.tier1:epoch=4/30 batch=3500/9613 loss=0.3619
INFO:dh2a_kt.train.tier1:epoch=4/30 batch=4000/9613 loss=0.3622
INFO:dh2a_kt.train.tier1:epoch=4/30 batch=4500/9613 loss=0.3621
INFO:dh2a_kt.train.tier1:epoch=4/30 batch=5000/9613 loss=0.3623
INFO:dh2a_kt.train.tier1:epoch=4/30 batch=5500/9613 loss=0.3624
INFO:dh2a_kt.train.tier1:epoch=4/30 batch=6000/9613 loss=0.3620
INFO:dh2a_kt.train.tier1:epoch=4/30 batch=6500/9613 loss=0.3618
INFO:dh2a_kt.train.tier1:epoch=4/30 batch=7000/9613 loss=0.3618
INFO:dh2a_kt.train.tier1:epoch=4/30 batch=7500/9613 loss=0.3616
INFO:dh2a_kt.train.tier1:epoch=4/30 batch=8000/9613 loss=0.3617
INFO:dh2a_kt.train.tier1:epoch=4/30 batch=8500/9613 loss=0.3617
INFO:dh2a_kt.train.tier1:epoch=4/30 batch=9000/9613 loss=0.3616
INFO:dh2a_kt.train.tier1:epoch=4/30 batch=9500/9613 loss=0.3616
INFO:dh2a_kt.train.tier1:epoch=4/30 loss=0.3616 batches=9613 skipped_nonfinite=0
INFO:dh2a_kt.train.tier1:epoch=4/30 val_auc=0.8002 val_n=1770055
INFO:dh2a_kt.train.tier1:epoch=5/30 batch=500/9613 loss=0.3619
INFO:dh2a_kt.train.tier1:epoch=5/30 batch=1000/9613 loss=0.3588
INFO:dh2a_kt.train.tier1:epoch=5/30 batch=1500/9613 loss=0.3605
INFO:dh2a_kt.train.tier1:epoch=5/30 batch=2000/9613 loss=0.3609
INFO:dh2a_kt.train.tier1:epoch=5/30 batch=2500/9613 loss=0.3600
INFO:dh2a_kt.train.tier1:epoch=5/30 batch=3000/9613 loss=0.3604
INFO:dh2a_kt.train.tier1:epoch=5/30 batch=3500/9613 loss=0.3603
INFO:dh2a_kt.train.tier1:epoch=5/30 batch=4000/9613 loss=0.3604
INFO:dh2a_kt.train.tier1:epoch=5/30 batch=4500/9613 loss=0.3601
INFO:dh2a_kt.train.tier1:epoch=5/30 batch=5000/9613 loss=0.3601
INFO:dh2a_kt.train.tier1:epoch=5/30 batch=5500/9613 loss=0.3606
INFO:dh2a_kt.train.tier1:epoch=5/30 batch=6000/9613 loss=0.3605
INFO:dh2a_kt.train.tier1:epoch=5/30 batch=6500/9613 loss=0.3605
INFO:dh2a_kt.train.tier1:epoch=5/30 batch=7000/9613 loss=0.3606
INFO:dh2a_kt.train.tier1:epoch=5/30 batch=7500/9613 loss=0.3608
INFO:dh2a_kt.train.tier1:epoch=5/30 batch=8000/9613 loss=0.3606
INFO:dh2a_kt.train.tier1:epoch=5/30 batch=8500/9613 loss=0.3605
INFO:dh2a_kt.train.tier1:epoch=5/30 batch=9000/9613 loss=0.3605
INFO:dh2a_kt.train.tier1:epoch=5/30 batch=9500/9613 loss=0.3604
INFO:dh2a_kt.train.tier1:epoch=5/30 loss=0.3604 batches=9613 skipped_nonfinite=0
INFO:dh2a_kt.train.tier1:epoch=5/30 val_auc=0.8009 val_n=1770055
INFO:dh2a_kt.train.tier1:epoch=6/30 batch=500/9613 loss=0.3589
INFO:dh2a_kt.train.tier1:epoch=6/30 batch=1000/9613 loss=0.3606
INFO:dh2a_kt.train.tier1:epoch=6/30 batch=1500/9613 loss=0.3590
INFO:dh2a_kt.train.tier1:epoch=6/30 batch=2000/9613 loss=0.3592
INFO:dh2a_kt.train.tier1:epoch=6/30 batch=2500/9613 loss=0.3598
INFO:dh2a_kt.train.tier1:epoch=6/30 batch=3000/9613 loss=0.3598
INFO:dh2a_kt.train.tier1:epoch=6/30 batch=3500/9613 loss=0.3598
INFO:dh2a_kt.train.tier1:epoch=6/30 batch=4000/9613 loss=0.3595
INFO:dh2a_kt.train.tier1:epoch=6/30 batch=4500/9613 loss=0.3593
INFO:dh2a_kt.train.tier1:epoch=6/30 batch=5000/9613 loss=0.3592
INFO:dh2a_kt.train.tier1:epoch=6/30 batch=5500/9613 loss=0.3591
INFO:dh2a_kt.train.tier1:epoch=6/30 batch=6000/9613 loss=0.3591
INFO:dh2a_kt.train.tier1:epoch=6/30 batch=6500/9613 loss=0.3592
INFO:dh2a_kt.train.tier1:epoch=6/30 batch=7000/9613 loss=0.3592
INFO:dh2a_kt.train.tier1:epoch=6/30 batch=7500/9613 loss=0.3591
INFO:dh2a_kt.train.tier1:epoch=6/30 batch=8000/9613 loss=0.3593
INFO:dh2a_kt.train.tier1:epoch=6/30 batch=8500/9613 loss=0.3592
INFO:dh2a_kt.train.tier1:epoch=6/30 batch=9000/9613 loss=0.3592
INFO:dh2a_kt.train.tier1:epoch=6/30 batch=9500/9613 loss=0.3594
INFO:dh2a_kt.train.tier1:epoch=6/30 loss=0.3594 batches=9613 skipped_nonfinite=0
INFO:dh2a_kt.train.tier1:epoch=6/30 val_auc=0.8019 val_n=1770055
INFO:dh2a_kt.train.tier1:epoch=7/30 batch=500/9613 loss=0.3624
INFO:dh2a_kt.train.tier1:epoch=7/30 batch=1000/9613 loss=0.3615
INFO:dh2a_kt.train.tier1:epoch=7/30 batch=1500/9613 loss=0.3598
INFO:dh2a_kt.train.tier1:epoch=7/30 batch=2000/9613 loss=0.3595
INFO:dh2a_kt.train.tier1:epoch=7/30 batch=2500/9613 loss=0.3587
INFO:dh2a_kt.train.tier1:epoch=7/30 batch=3000/9613 loss=0.3589
INFO:dh2a_kt.train.tier1:epoch=7/30 batch=3500/9613 loss=0.3590
INFO:dh2a_kt.train.tier1:epoch=7/30 batch=4000/9613 loss=0.3588
INFO:dh2a_kt.train.tier1:epoch=7/30 batch=4500/9613 loss=0.3590
INFO:dh2a_kt.train.tier1:epoch=7/30 batch=5000/9613 loss=0.3589
INFO:dh2a_kt.train.tier1:epoch=7/30 batch=5500/9613 loss=0.3589
INFO:dh2a_kt.train.tier1:epoch=7/30 batch=6000/9613 loss=0.3590
INFO:dh2a_kt.train.tier1:epoch=7/30 batch=6500/9613 loss=0.3590
INFO:dh2a_kt.train.tier1:epoch=7/30 batch=7000/9613 loss=0.3592
INFO:dh2a_kt.train.tier1:epoch=7/30 batch=7500/9613 loss=0.3591
INFO:dh2a_kt.train.tier1:epoch=7/30 batch=8000/9613 loss=0.3591
INFO:dh2a_kt.train.tier1:epoch=7/30 batch=8500/9613 loss=0.3591
INFO:dh2a_kt.train.tier1:epoch=7/30 batch=9000/9613 loss=0.3590
INFO:dh2a_kt.train.tier1:epoch=7/30 batch=9500/9613 loss=0.3589
INFO:dh2a_kt.train.tier1:epoch=7/30 loss=0.3589 batches=9613 skipped_nonfinite=0
INFO:dh2a_kt.train.tier1:epoch=7/30 val_auc=0.8022 val_n=1770055
INFO:dh2a_kt.train.tier1:epoch=8/30 batch=500/9613 loss=0.3598
INFO:dh2a_kt.train.tier1:epoch=8/30 batch=1000/9613 loss=0.3591
INFO:dh2a_kt.train.tier1:epoch=8/30 batch=1500/9613 loss=0.3588
INFO:dh2a_kt.train.tier1:epoch=8/30 batch=2000/9613 loss=0.3587
INFO:dh2a_kt.train.tier1:epoch=8/30 batch=2500/9613 loss=0.3579
INFO:dh2a_kt.train.tier1:epoch=8/30 batch=3000/9613 loss=0.3585
INFO:dh2a_kt.train.tier1:epoch=8/30 batch=3500/9613 loss=0.3591
INFO:dh2a_kt.train.tier1:epoch=8/30 batch=4000/9613 loss=0.3596
INFO:dh2a_kt.train.tier1:epoch=8/30 batch=4500/9613 loss=0.3595
INFO:dh2a_kt.train.tier1:epoch=8/30 batch=5000/9613 loss=0.3593
INFO:dh2a_kt.train.tier1:epoch=8/30 batch=5500/9613 loss=0.3593
INFO:dh2a_kt.train.tier1:epoch=8/30 batch=6000/9613 loss=0.3591
INFO:dh2a_kt.train.tier1:epoch=8/30 batch=6500/9613 loss=0.3589
INFO:dh2a_kt.train.tier1:epoch=8/30 batch=7000/9613 loss=0.3591
INFO:dh2a_kt.train.tier1:epoch=8/30 batch=7500/9613 loss=0.3591
INFO:dh2a_kt.train.tier1:epoch=8/30 batch=8000/9613 loss=0.3588
INFO:dh2a_kt.train.tier1:epoch=8/30 batch=8500/9613 loss=0.3588
INFO:dh2a_kt.train.tier1:epoch=8/30 batch=9000/9613 loss=0.3587
INFO:dh2a_kt.train.tier1:epoch=8/30 batch=9500/9613 loss=0.3588
INFO:dh2a_kt.train.tier1:epoch=8/30 loss=0.3587 batches=9613 skipped_nonfinite=0
INFO:dh2a_kt.train.tier1:epoch=8/30 val_auc=0.8023 val_n=1770055
INFO:dh2a_kt.train.tier1:epoch=9/30 batch=500/9613 loss=0.3591
INFO:dh2a_kt.train.tier1:epoch=9/30 batch=1000/9613 loss=0.3586
INFO:dh2a_kt.train.tier1:epoch=9/30 batch=1500/9613 loss=0.3581
INFO:dh2a_kt.train.tier1:epoch=9/30 batch=2000/9613 loss=0.3573
INFO:dh2a_kt.train.tier1:epoch=9/30 batch=2500/9613 loss=0.3575
INFO:dh2a_kt.train.tier1:epoch=9/30 batch=3000/9613 loss=0.3578
INFO:dh2a_kt.train.tier1:epoch=9/30 batch=3500/9613 loss=0.3572
INFO:dh2a_kt.train.tier1:epoch=9/30 batch=4000/9613 loss=0.3576
INFO:dh2a_kt.train.tier1:epoch=9/30 batch=4500/9613 loss=0.3576
INFO:dh2a_kt.train.tier1:epoch=9/30 batch=5000/9613 loss=0.3576
INFO:dh2a_kt.train.tier1:epoch=9/30 batch=5500/9613 loss=0.3576
INFO:dh2a_kt.train.tier1:epoch=9/30 batch=6000/9613 loss=0.3578
INFO:dh2a_kt.train.tier1:epoch=9/30 batch=6500/9613 loss=0.3579
INFO:dh2a_kt.train.tier1:epoch=9/30 batch=7000/9613 loss=0.3578
INFO:dh2a_kt.train.tier1:epoch=9/30 batch=7500/9613 loss=0.3576
INFO:dh2a_kt.train.tier1:epoch=9/30 batch=8000/9613 loss=0.3575
INFO:dh2a_kt.train.tier1:epoch=9/30 batch=8500/9613 loss=0.3576
INFO:dh2a_kt.train.tier1:epoch=9/30 batch=9000/9613 loss=0.3577
INFO:dh2a_kt.train.tier1:epoch=9/30 batch=9500/9613 loss=0.3579
INFO:dh2a_kt.train.tier1:epoch=9/30 loss=0.3579 batches=9613 skipped_nonfinite=0
INFO:dh2a_kt.train.tier1:epoch=9/30 val_auc=0.8025 val_n=1770055
INFO:dh2a_kt.train.tier1:epoch=10/30 batch=500/9613 loss=0.3531
INFO:dh2a_kt.train.tier1:epoch=10/30 batch=1000/9613 loss=0.3592
INFO:dh2a_kt.train.tier1:epoch=10/30 batch=1500/9613 loss=0.3582
INFO:dh2a_kt.train.tier1:epoch=10/30 batch=2000/9613 loss=0.3591
INFO:dh2a_kt.train.tier1:epoch=10/30 batch=2500/9613 loss=0.3589
INFO:dh2a_kt.train.tier1:epoch=10/30 batch=3000/9613 loss=0.3588
INFO:dh2a_kt.train.tier1:epoch=10/30 batch=3500/9613 loss=0.3582
INFO:dh2a_kt.train.tier1:epoch=10/30 batch=4000/9613 loss=0.3579
INFO:dh2a_kt.train.tier1:epoch=10/30 batch=4500/9613 loss=0.3578
INFO:dh2a_kt.train.tier1:epoch=10/30 batch=5000/9613 loss=0.3578
INFO:dh2a_kt.train.tier1:epoch=10/30 batch=5500/9613 loss=0.3579
INFO:dh2a_kt.train.tier1:epoch=10/30 batch=6000/9613 loss=0.3583
INFO:dh2a_kt.train.tier1:epoch=10/30 batch=6500/9613 loss=0.3586
INFO:dh2a_kt.train.tier1:epoch=10/30 batch=7000/9613 loss=0.3585
INFO:dh2a_kt.train.tier1:epoch=10/30 batch=7500/9613 loss=0.3583
INFO:dh2a_kt.train.tier1:epoch=10/30 batch=8000/9613 loss=0.3581
INFO:dh2a_kt.train.tier1:epoch=10/30 batch=8500/9613 loss=0.3579
INFO:dh2a_kt.train.tier1:epoch=10/30 batch=9000/9613 loss=0.3580
INFO:dh2a_kt.train.tier1:epoch=10/30 batch=9500/9613 loss=0.3579
INFO:dh2a_kt.train.tier1:epoch=10/30 loss=0.3578 batches=9613 skipped_nonfinite=0
INFO:dh2a_kt.train.tier1:epoch=10/30 val_auc=0.8030 val_n=1770055
INFO:dh2a_kt.train.tier1:epoch=11/30 batch=500/9613 loss=0.3568
INFO:dh2a_kt.train.tier1:epoch=11/30 batch=1000/9613 loss=0.3566
INFO:dh2a_kt.train.tier1:epoch=11/30 batch=1500/9613 loss=0.3569
INFO:dh2a_kt.train.tier1:epoch=11/30 batch=2000/9613 loss=0.3576
INFO:dh2a_kt.train.tier1:epoch=11/30 batch=2500/9613 loss=0.3575
INFO:dh2a_kt.train.tier1:epoch=11/30 batch=3000/9613 loss=0.3568
INFO:dh2a_kt.train.tier1:epoch=11/30 batch=3500/9613 loss=0.3568
INFO:dh2a_kt.train.tier1:epoch=11/30 batch=4000/9613 loss=0.3568
INFO:dh2a_kt.train.tier1:epoch=11/30 batch=4500/9613 loss=0.3571
INFO:dh2a_kt.train.tier1:epoch=11/30 batch=5000/9613 loss=0.3568
INFO:dh2a_kt.train.tier1:epoch=11/30 batch=5500/9613 loss=0.3567
INFO:dh2a_kt.train.tier1:epoch=11/30 batch=6000/9613 loss=0.3569
INFO:dh2a_kt.train.tier1:epoch=11/30 batch=6500/9613 loss=0.3570
INFO:dh2a_kt.train.tier1:epoch=11/30 batch=7000/9613 loss=0.3571
INFO:dh2a_kt.train.tier1:epoch=11/30 batch=7500/9613 loss=0.3572
INFO:dh2a_kt.train.tier1:epoch=11/30 batch=8000/9613 loss=0.3573
INFO:dh2a_kt.train.tier1:epoch=11/30 batch=8500/9613 loss=0.3573
INFO:dh2a_kt.train.tier1:epoch=11/30 batch=9000/9613 loss=0.3573
INFO:dh2a_kt.train.tier1:epoch=11/30 batch=9500/9613 loss=0.3576
INFO:dh2a_kt.train.tier1:epoch=11/30 loss=0.3576 batches=9613 skipped_nonfinite=0
INFO:dh2a_kt.train.tier1:epoch=11/30 val_auc=0.8028 val_n=1770055
INFO:dh2a_kt.train.tier1:epoch=12/30 batch=500/9613 loss=0.3587
INFO:dh2a_kt.train.tier1:epoch=12/30 batch=1000/9613 loss=0.3587
INFO:dh2a_kt.train.tier1:epoch=12/30 batch=1500/9613 loss=0.3589
INFO:dh2a_kt.train.tier1:epoch=12/30 batch=2000/9613 loss=0.3582
INFO:dh2a_kt.train.tier1:epoch=12/30 batch=2500/9613 loss=0.3583
INFO:dh2a_kt.train.tier1:epoch=12/30 batch=3000/9613 loss=0.3577
INFO:dh2a_kt.train.tier1:epoch=12/30 batch=3500/9613 loss=0.3576
INFO:dh2a_kt.train.tier1:epoch=12/30 batch=4000/9613 loss=0.3573
INFO:dh2a_kt.train.tier1:epoch=12/30 batch=4500/9613 loss=0.3570
INFO:dh2a_kt.train.tier1:epoch=12/30 batch=5000/9613 loss=0.3572
INFO:dh2a_kt.train.tier1:epoch=12/30 batch=5500/9613 loss=0.3572
INFO:dh2a_kt.train.tier1:epoch=12/30 batch=6000/9613 loss=0.3574
INFO:dh2a_kt.train.tier1:epoch=12/30 batch=6500/9613 loss=0.3574
INFO:dh2a_kt.train.tier1:epoch=12/30 batch=7000/9613 loss=0.3574
INFO:dh2a_kt.train.tier1:epoch=12/30 batch=7500/9613 loss=0.3574
INFO:dh2a_kt.train.tier1:epoch=12/30 batch=8000/9613 loss=0.3574
INFO:dh2a_kt.train.tier1:epoch=12/30 batch=8500/9613 loss=0.3574
INFO:dh2a_kt.train.tier1:epoch=12/30 batch=9000/9613 loss=0.3574
INFO:dh2a_kt.train.tier1:epoch=12/30 batch=9500/9613 loss=0.3573
INFO:dh2a_kt.train.tier1:epoch=12/30 loss=0.3573 batches=9613 skipped_nonfinite=0
INFO:dh2a_kt.train.tier1:epoch=12/30 val_auc=0.8032 val_n=1770055
INFO:dh2a_kt.train.tier1:epoch=13/30 batch=500/9613 loss=0.3575
INFO:dh2a_kt.train.tier1:epoch=13/30 batch=1000/9613 loss=0.3564
INFO:dh2a_kt.train.tier1:epoch=13/30 batch=1500/9613 loss=0.3564
INFO:dh2a_kt.train.tier1:epoch=13/30 batch=2000/9613 loss=0.3566
INFO:dh2a_kt.train.tier1:epoch=13/30 batch=2500/9613 loss=0.3560
INFO:dh2a_kt.train.tier1:epoch=13/30 batch=3000/9613 loss=0.3558
INFO:dh2a_kt.train.tier1:epoch=13/30 batch=3500/9613 loss=0.3559
INFO:dh2a_kt.train.tier1:epoch=13/30 batch=4000/9613 loss=0.3563
INFO:dh2a_kt.train.tier1:epoch=13/30 batch=4500/9613 loss=0.3565
INFO:dh2a_kt.train.tier1:epoch=13/30 batch=5000/9613 loss=0.3568
INFO:dh2a_kt.train.tier1:epoch=13/30 batch=5500/9613 loss=0.3565
INFO:dh2a_kt.train.tier1:epoch=13/30 batch=6000/9613 loss=0.3566
INFO:dh2a_kt.train.tier1:epoch=13/30 batch=6500/9613 loss=0.3566
INFO:dh2a_kt.train.tier1:epoch=13/30 batch=7000/9613 loss=0.3564
INFO:dh2a_kt.train.tier1:epoch=13/30 batch=7500/9613 loss=0.3565
INFO:dh2a_kt.train.tier1:epoch=13/30 batch=8000/9613 loss=0.3566
INFO:dh2a_kt.train.tier1:epoch=13/30 batch=8500/9613 loss=0.3565
INFO:dh2a_kt.train.tier1:epoch=13/30 batch=9000/9613 loss=0.3565
INFO:dh2a_kt.train.tier1:epoch=13/30 batch=9500/9613 loss=0.3568
INFO:dh2a_kt.train.tier1:epoch=13/30 loss=0.3568 batches=9613 skipped_nonfinite=0
INFO:dh2a_kt.train.tier1:epoch=13/30 val_auc=0.8029 val_n=1770055
INFO:dh2a_kt.train.tier1:epoch=14/30 batch=500/9613 loss=0.3563
INFO:dh2a_kt.train.tier1:epoch=14/30 batch=1000/9613 loss=0.3569
INFO:dh2a_kt.train.tier1:epoch=14/30 batch=1500/9613 loss=0.3566
INFO:dh2a_kt.train.tier1:epoch=14/30 batch=2000/9613 loss=0.3566
INFO:dh2a_kt.train.tier1:epoch=14/30 batch=2500/9613 loss=0.3566
INFO:dh2a_kt.train.tier1:epoch=14/30 batch=3000/9613 loss=0.3565
INFO:dh2a_kt.train.tier1:epoch=14/30 batch=3500/9613 loss=0.3566
INFO:dh2a_kt.train.tier1:epoch=14/30 batch=4000/9613 loss=0.3563
INFO:dh2a_kt.train.tier1:epoch=14/30 batch=4500/9613 loss=0.3568
INFO:dh2a_kt.train.tier1:epoch=14/30 batch=5000/9613 loss=0.3569
INFO:dh2a_kt.train.tier1:epoch=14/30 batch=5500/9613 loss=0.3570
INFO:dh2a_kt.train.tier1:epoch=14/30 batch=6000/9613 loss=0.3568
INFO:dh2a_kt.train.tier1:epoch=14/30 batch=6500/9613 loss=0.3567
INFO:dh2a_kt.train.tier1:epoch=14/30 batch=7000/9613 loss=0.3569
INFO:dh2a_kt.train.tier1:epoch=14/30 batch=7500/9613 loss=0.3568
INFO:dh2a_kt.train.tier1:epoch=14/30 batch=8000/9613 loss=0.3567
INFO:dh2a_kt.train.tier1:epoch=14/30 batch=8500/9613 loss=0.3567
INFO:dh2a_kt.train.tier1:epoch=14/30 batch=9000/9613 loss=0.3566
INFO:dh2a_kt.train.tier1:epoch=14/30 batch=9500/9613 loss=0.3568
INFO:dh2a_kt.train.tier1:epoch=14/30 loss=0.3568 batches=9613 skipped_nonfinite=0
INFO:dh2a_kt.train.tier1:epoch=14/30 val_auc=0.8030 val_n=1770055
INFO:dh2a_kt.train.tier1:epoch=15/30 batch=500/9613 loss=0.3583
INFO:dh2a_kt.train.tier1:epoch=15/30 batch=1000/9613 loss=0.3551
INFO:dh2a_kt.train.tier1:epoch=15/30 batch=1500/9613 loss=0.3546
INFO:dh2a_kt.train.tier1:epoch=15/30 batch=2000/9613 loss=0.3551
INFO:dh2a_kt.train.tier1:epoch=15/30 batch=2500/9613 loss=0.3551
INFO:dh2a_kt.train.tier1:epoch=15/30 batch=3000/9613 loss=0.3552
INFO:dh2a_kt.train.tier1:epoch=15/30 batch=3500/9613 loss=0.3551
INFO:dh2a_kt.train.tier1:epoch=15/30 batch=4000/9613 loss=0.3554
INFO:dh2a_kt.train.tier1:epoch=15/30 batch=4500/9613 loss=0.3552
INFO:dh2a_kt.train.tier1:epoch=15/30 batch=5000/9613 loss=0.3557
INFO:dh2a_kt.train.tier1:epoch=15/30 batch=5500/9613 loss=0.3556
INFO:dh2a_kt.train.tier1:epoch=15/30 batch=6000/9613 loss=0.3555
INFO:dh2a_kt.train.tier1:epoch=15/30 batch=6500/9613 loss=0.3556
INFO:dh2a_kt.train.tier1:epoch=15/30 batch=7000/9613 loss=0.3558
INFO:dh2a_kt.train.tier1:epoch=15/30 batch=7500/9613 loss=0.3558
INFO:dh2a_kt.train.tier1:epoch=15/30 batch=8000/9613 loss=0.3560
INFO:dh2a_kt.train.tier1:epoch=15/30 batch=8500/9613 loss=0.3564
INFO:dh2a_kt.train.tier1:epoch=15/30 batch=9000/9613 loss=0.3564
INFO:dh2a_kt.train.tier1:epoch=15/30 batch=9500/9613 loss=0.3566
INFO:dh2a_kt.train.tier1:epoch=15/30 loss=0.3567 batches=9613 skipped_nonfinite=0
INFO:dh2a_kt.train.tier1:epoch=15/30 val_auc=0.8032 val_n=1770055
INFO:dh2a_kt.train.tier1:epoch=16/30 batch=500/9613 loss=0.3556
INFO:dh2a_kt.train.tier1:epoch=16/30 batch=1000/9613 loss=0.3573
INFO:dh2a_kt.train.tier1:epoch=16/30 batch=1500/9613 loss=0.3570
INFO:dh2a_kt.train.tier1:epoch=16/30 batch=2000/9613 loss=0.3561
INFO:dh2a_kt.train.tier1:epoch=16/30 batch=2500/9613 loss=0.3566
INFO:dh2a_kt.train.tier1:epoch=16/30 batch=3000/9613 loss=0.3560
INFO:dh2a_kt.train.tier1:epoch=16/30 batch=3500/9613 loss=0.3561
INFO:dh2a_kt.train.tier1:epoch=16/30 batch=4000/9613 loss=0.3565
INFO:dh2a_kt.train.tier1:epoch=16/30 batch=4500/9613 loss=0.3561
INFO:dh2a_kt.train.tier1:epoch=16/30 batch=5000/9613 loss=0.3563
INFO:dh2a_kt.train.tier1:epoch=16/30 batch=5500/9613 loss=0.3564
INFO:dh2a_kt.train.tier1:epoch=16/30 batch=6000/9613 loss=0.3564
INFO:dh2a_kt.train.tier1:epoch=16/30 batch=6500/9613 loss=0.3566
INFO:dh2a_kt.train.tier1:epoch=16/30 batch=7000/9613 loss=0.3567
INFO:dh2a_kt.train.tier1:epoch=16/30 batch=7500/9613 loss=0.3567
INFO:dh2a_kt.train.tier1:epoch=16/30 batch=8000/9613 loss=0.3566
INFO:dh2a_kt.train.tier1:epoch=16/30 batch=8500/9613 loss=0.3566
INFO:dh2a_kt.train.tier1:epoch=16/30 batch=9000/9613 loss=0.3564
INFO:dh2a_kt.train.tier1:epoch=16/30 batch=9500/9613 loss=0.3563
INFO:dh2a_kt.train.tier1:epoch=16/30 loss=0.3564 batches=9613 skipped_nonfinite=0
INFO:dh2a_kt.train.tier1:epoch=16/30 val_auc=0.8030 val_n=1770055
INFO:dh2a_kt.train.tier1:epoch=17/30 batch=500/9613 loss=0.3552
INFO:dh2a_kt.train.tier1:epoch=17/30 batch=1000/9613 loss=0.3569
INFO:dh2a_kt.train.tier1:epoch=17/30 batch=1500/9613 loss=0.3564
INFO:dh2a_kt.train.tier1:epoch=17/30 batch=2000/9613 loss=0.3551
INFO:dh2a_kt.train.tier1:epoch=17/30 batch=2500/9613 loss=0.3548
INFO:dh2a_kt.train.tier1:epoch=17/30 batch=3000/9613 loss=0.3553
INFO:dh2a_kt.train.tier1:epoch=17/30 batch=3500/9613 loss=0.3553
INFO:dh2a_kt.train.tier1:epoch=17/30 batch=4000/9613 loss=0.3555
INFO:dh2a_kt.train.tier1:epoch=17/30 batch=4500/9613 loss=0.3558
INFO:dh2a_kt.train.tier1:epoch=17/30 batch=5000/9613 loss=0.3562
INFO:dh2a_kt.train.tier1:epoch=17/30 batch=5500/9613 loss=0.3562
INFO:dh2a_kt.train.tier1:epoch=17/30 batch=6000/9613 loss=0.3566
INFO:dh2a_kt.train.tier1:epoch=17/30 batch=6500/9613 loss=0.3566
INFO:dh2a_kt.train.tier1:epoch=17/30 batch=7000/9613 loss=0.3564
INFO:dh2a_kt.train.tier1:epoch=17/30 batch=7500/9613 loss=0.3564
INFO:dh2a_kt.train.tier1:epoch=17/30 batch=8000/9613 loss=0.3565
INFO:dh2a_kt.train.tier1:epoch=17/30 batch=8500/9613 loss=0.3566
INFO:dh2a_kt.train.tier1:epoch=17/30 batch=9000/9613 loss=0.3567
INFO:dh2a_kt.train.tier1:epoch=17/30 batch=9500/9613 loss=0.3566
INFO:dh2a_kt.train.tier1:epoch=17/30 loss=0.3566 batches=9613 skipped_nonfinite=0
INFO:dh2a_kt.train.tier1:epoch=17/30 val_auc=0.8033 val_n=1770055
INFO:dh2a_kt.train.tier1:epoch=18/30 batch=500/9613 loss=0.3534
INFO:dh2a_kt.train.tier1:epoch=18/30 batch=1000/9613 loss=0.3538
INFO:dh2a_kt.train.tier1:epoch=18/30 batch=1500/9613 loss=0.3546
INFO:dh2a_kt.train.tier1:epoch=18/30 batch=2000/9613 loss=0.3546
INFO:dh2a_kt.train.tier1:epoch=18/30 batch=2500/9613 loss=0.3553
INFO:dh2a_kt.train.tier1:epoch=18/30 batch=3000/9613 loss=0.3557
INFO:dh2a_kt.train.tier1:epoch=18/30 batch=3500/9613 loss=0.3550
INFO:dh2a_kt.train.tier1:epoch=18/30 batch=4000/9613 loss=0.3553
INFO:dh2a_kt.train.tier1:epoch=18/30 batch=4500/9613 loss=0.3556
INFO:dh2a_kt.train.tier1:epoch=18/30 batch=5000/9613 loss=0.3556
INFO:dh2a_kt.train.tier1:epoch=18/30 batch=5500/9613 loss=0.3556
INFO:dh2a_kt.train.tier1:epoch=18/30 batch=6000/9613 loss=0.3557
INFO:dh2a_kt.train.tier1:epoch=18/30 batch=6500/9613 loss=0.3560
INFO:dh2a_kt.train.tier1:epoch=18/30 batch=7000/9613 loss=0.3560
INFO:dh2a_kt.train.tier1:epoch=18/30 batch=7500/9613 loss=0.3562
INFO:dh2a_kt.train.tier1:epoch=18/30 batch=8000/9613 loss=0.3562
INFO:dh2a_kt.train.tier1:epoch=18/30 batch=8500/9613 loss=0.3560
INFO:dh2a_kt.train.tier1:epoch=18/30 batch=9000/9613 loss=0.3560
INFO:dh2a_kt.train.tier1:epoch=18/30 batch=9500/9613 loss=0.3560
INFO:dh2a_kt.train.tier1:epoch=18/30 loss=0.3560 batches=9613 skipped_nonfinite=0
INFO:dh2a_kt.train.tier1:epoch=18/30 val_auc=0.8034 val_n=1770055
INFO:dh2a_kt.train.tier1:epoch=19/30 batch=500/9613 loss=0.3592
INFO:dh2a_kt.train.tier1:epoch=19/30 batch=1000/9613 loss=0.3563
INFO:dh2a_kt.train.tier1:epoch=19/30 batch=1500/9613 loss=0.3553
INFO:dh2a_kt.train.tier1:epoch=19/30 batch=2000/9613 loss=0.3556
INFO:dh2a_kt.train.tier1:epoch=19/30 batch=2500/9613 loss=0.3557
INFO:dh2a_kt.train.tier1:epoch=19/30 batch=3000/9613 loss=0.3558
INFO:dh2a_kt.train.tier1:epoch=19/30 batch=3500/9613 loss=0.3553
INFO:dh2a_kt.train.tier1:epoch=19/30 batch=4000/9613 loss=0.3555
INFO:dh2a_kt.train.tier1:epoch=19/30 batch=4500/9613 loss=0.3555
INFO:dh2a_kt.train.tier1:epoch=19/30 batch=5000/9613 loss=0.3554
INFO:dh2a_kt.train.tier1:epoch=19/30 batch=5500/9613 loss=0.3555
INFO:dh2a_kt.train.tier1:epoch=19/30 batch=6000/9613 loss=0.3555
INFO:dh2a_kt.train.tier1:epoch=19/30 batch=6500/9613 loss=0.3555
INFO:dh2a_kt.train.tier1:epoch=19/30 batch=7000/9613 loss=0.3555
INFO:dh2a_kt.train.tier1:epoch=19/30 batch=7500/9613 loss=0.3558
INFO:dh2a_kt.train.tier1:epoch=19/30 batch=8000/9613 loss=0.3556
INFO:dh2a_kt.train.tier1:epoch=19/30 batch=8500/9613 loss=0.3558
INFO:dh2a_kt.train.tier1:epoch=19/30 batch=9000/9613 loss=0.3557
INFO:dh2a_kt.train.tier1:epoch=19/30 batch=9500/9613 loss=0.3556
INFO:dh2a_kt.train.tier1:epoch=19/30 loss=0.3556 batches=9613 skipped_nonfinite=0
INFO:dh2a_kt.train.tier1:epoch=19/30 val_auc=0.8032 val_n=1770055
INFO:dh2a_kt.train.tier1:epoch=20/30 batch=500/9613 loss=0.3525
INFO:dh2a_kt.train.tier1:epoch=20/30 batch=1000/9613 loss=0.3550
INFO:dh2a_kt.train.tier1:epoch=20/30 batch=1500/9613 loss=0.3553
INFO:dh2a_kt.train.tier1:epoch=20/30 batch=2000/9613 loss=0.3554
INFO:dh2a_kt.train.tier1:epoch=20/30 batch=2500/9613 loss=0.3552
INFO:dh2a_kt.train.tier1:epoch=20/30 batch=3000/9613 loss=0.3558
INFO:dh2a_kt.train.tier1:epoch=20/30 batch=3500/9613 loss=0.3555
INFO:dh2a_kt.train.tier1:epoch=20/30 batch=4000/9613 loss=0.3552
INFO:dh2a_kt.train.tier1:epoch=20/30 batch=4500/9613 loss=0.3550
INFO:dh2a_kt.train.tier1:epoch=20/30 batch=5000/9613 loss=0.3553
INFO:dh2a_kt.train.tier1:epoch=20/30 batch=5500/9613 loss=0.3551
INFO:dh2a_kt.train.tier1:epoch=20/30 batch=6000/9613 loss=0.3554
INFO:dh2a_kt.train.tier1:epoch=20/30 batch=6500/9613 loss=0.3556
INFO:dh2a_kt.train.tier1:epoch=20/30 batch=7000/9613 loss=0.3558
INFO:dh2a_kt.train.tier1:epoch=20/30 batch=7500/9613 loss=0.3558
INFO:dh2a_kt.train.tier1:epoch=20/30 batch=8000/9613 loss=0.3557
INFO:dh2a_kt.train.tier1:epoch=20/30 batch=8500/9613 loss=0.3559
INFO:dh2a_kt.train.tier1:epoch=20/30 batch=9000/9613 loss=0.3560
INFO:dh2a_kt.train.tier1:epoch=20/30 batch=9500/9613 loss=0.3559
INFO:dh2a_kt.train.tier1:epoch=20/30 loss=0.3559 batches=9613 skipped_nonfinite=0
INFO:dh2a_kt.train.tier1:epoch=20/30 val_auc=0.8033 val_n=1770055
INFO:dh2a_kt.train.tier1:epoch=21/30 batch=500/9613 loss=0.3550
INFO:dh2a_kt.train.tier1:epoch=21/30 batch=1000/9613 loss=0.3540
INFO:dh2a_kt.train.tier1:epoch=21/30 batch=1500/9613 loss=0.3547
INFO:dh2a_kt.train.tier1:epoch=21/30 batch=2000/9613 loss=0.3551
INFO:dh2a_kt.train.tier1:epoch=21/30 batch=2500/9613 loss=0.3557
INFO:dh2a_kt.train.tier1:epoch=21/30 batch=3000/9613 loss=0.3561
INFO:dh2a_kt.train.tier1:epoch=21/30 batch=3500/9613 loss=0.3557
INFO:dh2a_kt.train.tier1:epoch=21/30 batch=4000/9613 loss=0.3564
INFO:dh2a_kt.train.tier1:epoch=21/30 batch=4500/9613 loss=0.3559
INFO:dh2a_kt.train.tier1:epoch=21/30 batch=5000/9613 loss=0.3561
INFO:dh2a_kt.train.tier1:epoch=21/30 batch=5500/9613 loss=0.3563
INFO:dh2a_kt.train.tier1:epoch=21/30 batch=6000/9613 loss=0.3559
INFO:dh2a_kt.train.tier1:epoch=21/30 batch=6500/9613 loss=0.3558
INFO:dh2a_kt.train.tier1:epoch=21/30 batch=7000/9613 loss=0.3556
INFO:dh2a_kt.train.tier1:epoch=21/30 batch=7500/9613 loss=0.3554
INFO:dh2a_kt.train.tier1:epoch=21/30 batch=8000/9613 loss=0.3554
INFO:dh2a_kt.train.tier1:epoch=21/30 batch=8500/9613 loss=0.3554
INFO:dh2a_kt.train.tier1:epoch=21/30 batch=9000/9613 loss=0.3555
INFO:dh2a_kt.train.tier1:epoch=21/30 batch=9500/9613 loss=0.3554
INFO:dh2a_kt.train.tier1:epoch=21/30 loss=0.3554 batches=9613 skipped_nonfinite=0
INFO:dh2a_kt.train.tier1:epoch=21/30 val_auc=0.8032 val_n=1770055
INFO:dh2a_kt.train.tier1:epoch=22/30 batch=500/9613 loss=0.3525
INFO:dh2a_kt.train.tier1:epoch=22/30 batch=1000/9613 loss=0.3545
INFO:dh2a_kt.train.tier1:epoch=22/30 batch=1500/9613 loss=0.3546
INFO:dh2a_kt.train.tier1:epoch=22/30 batch=2000/9613 loss=0.3546
INFO:dh2a_kt.train.tier1:epoch=22/30 batch=2500/9613 loss=0.3544
INFO:dh2a_kt.train.tier1:epoch=22/30 batch=3000/9613 loss=0.3545
INFO:dh2a_kt.train.tier1:epoch=22/30 batch=3500/9613 loss=0.3548
INFO:dh2a_kt.train.tier1:epoch=22/30 batch=4000/9613 loss=0.3542
INFO:dh2a_kt.train.tier1:epoch=22/30 batch=4500/9613 loss=0.3541
INFO:dh2a_kt.train.tier1:epoch=22/30 batch=5000/9613 loss=0.3541
INFO:dh2a_kt.train.tier1:epoch=22/30 batch=5500/9613 loss=0.3544
INFO:dh2a_kt.train.tier1:epoch=22/30 batch=6000/9613 loss=0.3547
INFO:dh2a_kt.train.tier1:epoch=22/30 batch=6500/9613 loss=0.3548
INFO:dh2a_kt.train.tier1:epoch=22/30 batch=7000/9613 loss=0.3549
INFO:dh2a_kt.train.tier1:epoch=22/30 batch=7500/9613 loss=0.3552
INFO:dh2a_kt.train.tier1:epoch=22/30 batch=8000/9613 loss=0.3553
INFO:dh2a_kt.train.tier1:epoch=22/30 batch=8500/9613 loss=0.3554
INFO:dh2a_kt.train.tier1:epoch=22/30 batch=9000/9613 loss=0.3556
INFO:dh2a_kt.train.tier1:epoch=22/30 batch=9500/9613 loss=0.3555
INFO:dh2a_kt.train.tier1:epoch=22/30 loss=0.3555 batches=9613 skipped_nonfinite=0
INFO:dh2a_kt.train.tier1:epoch=22/30 val_auc=0.8033 val_n=1770055
INFO:dh2a_kt.train.tier1:epoch=23/30 batch=500/9613 loss=0.3554
INFO:dh2a_kt.train.tier1:epoch=23/30 batch=1000/9613 loss=0.3527
INFO:dh2a_kt.train.tier1:epoch=23/30 batch=1500/9613 loss=0.3540
INFO:dh2a_kt.train.tier1:epoch=23/30 batch=2000/9613 loss=0.3553
INFO:dh2a_kt.train.tier1:epoch=23/30 batch=2500/9613 loss=0.3551
INFO:dh2a_kt.train.tier1:epoch=23/30 batch=3000/9613 loss=0.3549
INFO:dh2a_kt.train.tier1:epoch=23/30 batch=3500/9613 loss=0.3543
INFO:dh2a_kt.train.tier1:epoch=23/30 batch=4000/9613 loss=0.3542
INFO:dh2a_kt.train.tier1:epoch=23/30 batch=4500/9613 loss=0.3545
INFO:dh2a_kt.train.tier1:epoch=23/30 batch=5000/9613 loss=0.3544
INFO:dh2a_kt.train.tier1:epoch=23/30 batch=5500/9613 loss=0.3547
INFO:dh2a_kt.train.tier1:epoch=23/30 batch=6000/9613 loss=0.3547
INFO:dh2a_kt.train.tier1:epoch=23/30 batch=6500/9613 loss=0.3546
INFO:dh2a_kt.train.tier1:epoch=23/30 batch=7000/9613 loss=0.3547
INFO:dh2a_kt.train.tier1:epoch=23/30 batch=7500/9613 loss=0.3549
INFO:dh2a_kt.train.tier1:epoch=23/30 batch=8000/9613 loss=0.3552
INFO:dh2a_kt.train.tier1:epoch=23/30 batch=8500/9613 loss=0.3552
INFO:dh2a_kt.train.tier1:epoch=23/30 batch=9000/9613 loss=0.3553
INFO:dh2a_kt.train.tier1:epoch=23/30 batch=9500/9613 loss=0.3554
INFO:dh2a_kt.train.tier1:epoch=23/30 loss=0.3554 batches=9613 skipped_nonfinite=0
INFO:dh2a_kt.train.tier1:epoch=23/30 val_auc=0.8030 val_n=1770055
INFO:dh2a_kt.train.tier1:early stop at epoch=23 (no val AUC gain for 5 epochs)
INFO:dh2a_kt.train.tier1:restored best epoch=18 train_loss=0.3560 val_auc=0.8034 (of 30)
INFO:dh2a_kt.train.tier1:wrote DH2-KT checkpoint -> D:\TUAN\DH2A-KT\DH2A-KT\results\checkpoints\junyi_fold0_ladder_junyi-full_no-time_s42.pt
dataset=junyi architecture=v4 tag=ladder_junyi-full_no-time_s42 hyperedge_source=from config no_graph=True use_questions=True window_mode=chunked val_frac=0.1 mask_repeats=True seed=42 sequence_encoder=lstm n_attn_layers=2 n_attn_heads=4 time_gap_pad=False recap_attention=False question_kc_agg=False question_graph=True question_incidence_control=zero question_hypergraph=False hint_hypergraph=False full_qmatrix=False time_gap=False time_gap_mode=both time_gap_control=real time_split=False concept_forget=False saw_input=False group_embed=False expert_graph=False memory_dim=16 max_degree=16 graph_transport=0.5 event_pool=mean transport=clique hyperedge_embed=False kind_conditioned=False graph_dropout=0.0 laux=0.0 budget=gkt matched_p0=False batch=16 epochs=30 lr=0.001 max_seq_len=400
NOTE: tuned budget (batch=16, epochs=30); P0 gkt used batch=32, epochs=10; clean protocol (repeat-row targets masked): AUC is NOT comparable to the P0 baselines

[fold 0] loading splits + e_pre...
[fold 0] AUC=0.8052 val_auc=0.8034 n_predictions=7651421

Wrote comparison table: D:\TUAN\DH2A-KT\DH2A-KT\results\tables\dh2_kt_ladder_junyi-full_no-time_s42_vs_p0.csv
dataset fold reference_model   p0_auc  dh2_kt_auc  delta_auc budget_reference  batch_size  epochs comparison_type                                                                                                                                                budget_note  n_predictions  val_auc
  junyi    0             gkt      NaN    0.805236        NaN              gkt          16      30   observational tuned budget (batch=16, epochs=30); P0 gkt used batch=32, epochs=10; clean protocol (repeat-row targets masked): AUC is NOT comparable to the P0 baselines        7651421 0.803402
  junyi    0        simplekt 0.984443    0.805236  -0.179207              gkt          16      30   observational tuned budget (batch=16, epochs=30); P0 gkt used batch=32, epochs=10; clean protocol (repeat-row targets masked): AUC is NOT comparable to the P0 baselines        7651421 0.803402
  junyi mean             gkt      NaN    0.805236        NaN              gkt          16      30   observational tuned budget (batch=16, epochs=30); P0 gkt used batch=32, epochs=10; clean protocol (repeat-row targets masked): AUC is NOT comparable to the P0 baselines        7651421 0.803402
  junyi mean        simplekt 0.984443    0.805236  -0.179207              gkt          16      30   observational tuned budget (batch=16, epochs=30); P0 gkt used batch=32, epochs=10; clean protocol (repeat-row targets masked): AUC is NOT comparable to the P0 baselines        7651421 0.803402
