INFO:src.io_utils:Loading interactions from D:\TUAN\DH2A-KT\DH2A-KT\external\p0_leakage_audit\data\processed\junyi.parquet
INFO:src.io_utils:Loaded interactions shape=(25925992, 5)
INFO:src.split_checker:Creating learner split shape=(25925992, 6) ratios=(0.7, 0.1, 0.2) seed=42
INFO:src.split_checker:Created split sizes={'train': 18188758, 'valid': 2569639, 'test': 5167595}
INFO:dh2a_kt.train.tier1:seed=42 (weight init and batch order)
INFO:dh2a_kt.train.tier1:Building concept-prerequisite hyperedges source=chain fold=0
INFO:dh2a_kt.hyperedge.construction:Built 700570 concept-prerequisite hyperedges (fold=0)
INFO:dh2a_kt.train.tier1:question_graph: registered Q–KC incidence for 0/716 items (mean degree=0.00, full_qmatrix=False, control=zero; observed links=715 across 715 items)
INFO:dh2a_kt.train.tier1:train_fold: architecture=v4 concepts=716 exercises=716 hyperedges=700570 kinds=['concept_prerequisite'] device=cuda
INFO:dh2a_kt.train.tier1:internal selection split: 45000 train users / 5000 val users (val_frac=0.10)
INFO:dh2a_kt.train.tier1:UserSequenceDataset: 44382 windows (mode=chunked) from 4700698 interactions
INFO:dh2a_kt.train.tier1:UserSequenceDataset: 49320 windows (mode=chunked) from 5180482 interactions
INFO:dh2a_kt.train.tier1:UserSequenceDataset: 4802 windows (mode=chunked) from 466897 interactions
INFO:dh2a_kt.train.tier1:clean protocol: repeat-row targets excluded from the loss and from val AUC
INFO:dh2a_kt.train.tier1:epoch=1/10 batch=500/1387 loss=0.4323
INFO:dh2a_kt.train.tier1:epoch=1/10 batch=1000/1387 loss=0.4214
INFO:dh2a_kt.train.tier1:epoch=1/10 loss=0.4160 batches=1387 skipped_nonfinite=0
INFO:dh2a_kt.train.tier1:epoch=1/10 val_auc=0.7536 val_n=461279
INFO:dh2a_kt.train.tier1:epoch=2/10 batch=500/1387 loss=0.3951
INFO:dh2a_kt.train.tier1:epoch=2/10 batch=1000/1387 loss=0.3901
INFO:dh2a_kt.train.tier1:epoch=2/10 loss=0.3871 batches=1387 skipped_nonfinite=0
INFO:dh2a_kt.train.tier1:epoch=2/10 val_auc=0.7850 val_n=461279
INFO:dh2a_kt.train.tier1:epoch=3/10 batch=500/1387 loss=0.3751
INFO:dh2a_kt.train.tier1:epoch=3/10 batch=1000/1387 loss=0.3734
INFO:dh2a_kt.train.tier1:epoch=3/10 loss=0.3720 batches=1387 skipped_nonfinite=0
INFO:dh2a_kt.train.tier1:epoch=3/10 val_auc=0.7940 val_n=461279
INFO:dh2a_kt.train.tier1:epoch=4/10 batch=500/1387 loss=0.3663
INFO:dh2a_kt.train.tier1:epoch=4/10 batch=1000/1387 loss=0.3672
INFO:dh2a_kt.train.tier1:epoch=4/10 loss=0.3660 batches=1387 skipped_nonfinite=0
INFO:dh2a_kt.train.tier1:epoch=4/10 val_auc=0.7955 val_n=461279
INFO:dh2a_kt.train.tier1:epoch=5/10 batch=500/1387 loss=0.3649
INFO:dh2a_kt.train.tier1:epoch=5/10 batch=1000/1387 loss=0.3630
INFO:dh2a_kt.train.tier1:epoch=5/10 loss=0.3642 batches=1387 skipped_nonfinite=0
INFO:dh2a_kt.train.tier1:epoch=5/10 val_auc=0.7977 val_n=461279
INFO:dh2a_kt.train.tier1:epoch=6/10 batch=500/1387 loss=0.3621
INFO:dh2a_kt.train.tier1:epoch=6/10 batch=1000/1387 loss=0.3619
INFO:dh2a_kt.train.tier1:epoch=6/10 loss=0.3620 batches=1387 skipped_nonfinite=0
INFO:dh2a_kt.train.tier1:epoch=6/10 val_auc=0.7993 val_n=461279
INFO:dh2a_kt.train.tier1:epoch=7/10 batch=500/1387 loss=0.3622
INFO:dh2a_kt.train.tier1:epoch=7/10 batch=1000/1387 loss=0.3610
INFO:dh2a_kt.train.tier1:epoch=7/10 loss=0.3608 batches=1387 skipped_nonfinite=0
INFO:dh2a_kt.train.tier1:epoch=7/10 val_auc=0.7997 val_n=461279
INFO:dh2a_kt.train.tier1:epoch=8/10 batch=500/1387 loss=0.3601
INFO:dh2a_kt.train.tier1:epoch=8/10 batch=1000/1387 loss=0.3614
INFO:dh2a_kt.train.tier1:epoch=8/10 loss=0.3604 batches=1387 skipped_nonfinite=0
INFO:dh2a_kt.train.tier1:epoch=8/10 val_auc=0.8003 val_n=461279
INFO:dh2a_kt.train.tier1:epoch=9/10 batch=500/1387 loss=0.3580
INFO:dh2a_kt.train.tier1:epoch=9/10 batch=1000/1387 loss=0.3593
INFO:dh2a_kt.train.tier1:epoch=9/10 loss=0.3589 batches=1387 skipped_nonfinite=0
INFO:dh2a_kt.train.tier1:epoch=9/10 val_auc=0.8001 val_n=461279
INFO:dh2a_kt.train.tier1:epoch=10/10 batch=500/1387 loss=0.3592
INFO:dh2a_kt.train.tier1:epoch=10/10 batch=1000/1387 loss=0.3585
INFO:dh2a_kt.train.tier1:epoch=10/10 loss=0.3584 batches=1387 skipped_nonfinite=0
INFO:dh2a_kt.train.tier1:epoch=10/10 val_auc=0.8010 val_n=461279
INFO:dh2a_kt.train.tier1:restored best epoch=10 train_loss=0.3584 val_auc=0.8010 (of 10)
INFO:dh2a_kt.train.tier1:wrote DH2-KT checkpoint -> D:\TUAN\DH2A-KT\DH2A-KT\results\checkpoints\junyi_fold0_ladder_junyi-partial_time-package_s42.pt
dataset=junyi architecture=v4 tag=ladder_junyi-partial_time-package_s42 hyperedge_source=from config no_graph=False use_questions=True window_mode=chunked val_frac=0.1 mask_repeats=True seed=42 recap_attention=False question_kc_agg=False question_graph=True question_incidence_control=zero question_hypergraph=False hint_hypergraph=False full_qmatrix=False time_gap=True time_gap_mode=both time_gap_control=real time_split=False concept_forget=False saw_input=False group_embed=False expert_graph=False memory_dim=16 max_degree=16 graph_transport=0.5 event_pool=mean transport=clique hyperedge_embed=False kind_conditioned=False graph_dropout=0.0 laux=0.0 budget=gkt matched_p0=False batch=32 epochs=10 lr=0.001 max_seq_len=400
NOTE: clean protocol (repeat-row targets masked): AUC is NOT comparable to the P0 baselines

[fold 0] loading splits + e_pre...
[fold 0] AUC=0.8038 val_auc=0.8010 n_predictions=5122539

Wrote comparison table: D:\TUAN\DH2A-KT\DH2A-KT\results\tables\dh2_kt_ladder_junyi-partial_time-package_s42_vs_p0.csv
dataset fold reference_model   p0_auc  dh2_kt_auc  delta_auc budget_reference  batch_size  epochs comparison_type                                                                           budget_note  n_predictions  val_auc
  junyi    0             gkt      NaN    0.803816        NaN              gkt          32      10   observational clean protocol (repeat-row targets masked): AUC is NOT comparable to the P0 baselines        5122539 0.801015
  junyi    0        simplekt 0.984443    0.803816  -0.180627              gkt          32      10   observational clean protocol (repeat-row targets masked): AUC is NOT comparable to the P0 baselines        5122539 0.801015
  junyi mean             gkt      NaN    0.803816        NaN              gkt          32      10   observational clean protocol (repeat-row targets masked): AUC is NOT comparable to the P0 baselines        5122539 0.801015
  junyi mean        simplekt 0.984443    0.803816  -0.180627              gkt          32      10   observational clean protocol (repeat-row targets masked): AUC is NOT comparable to the P0 baselines        5122539 0.801015
