INFO:src.io_utils:Loading interactions from D:\TUAN\DH2A-KT\DH2A-KT\external\p0_leakage_audit\data\processed\junyi.parquet
INFO:src.io_utils:Loaded interactions shape=(25925992, 5)
INFO:src.split_checker:Creating learner split shape=(25925992, 6) ratios=(0.7, 0.1, 0.2) seed=42
INFO:src.split_checker:Created split sizes={'train': 18188758, 'valid': 2569639, 'test': 5167595}
INFO:dh2a_kt.train.tier1:seed=1234 (weight init and batch order)
INFO:dh2a_kt.train.tier1:Building concept-prerequisite hyperedges source=chain fold=0
INFO:dh2a_kt.hyperedge.construction:Built 700570 concept-prerequisite hyperedges (fold=0)
INFO:dh2a_kt.train.tier1:question_graph: registered Q–KC incidence for 0/716 items (mean degree=0.00, full_qmatrix=False, control=zero; observed links=715 across 715 items)
INFO:dh2a_kt.train.tier1:train_fold: architecture=v4 concepts=716 exercises=716 hyperedges=700570 kinds=['concept_prerequisite'] device=cuda
INFO:dh2a_kt.train.tier1:internal selection split: 45000 train users / 5000 val users (val_frac=0.10)
INFO:dh2a_kt.train.tier1:UserSequenceDataset: 44382 windows (mode=chunked) from 4700698 interactions
INFO:dh2a_kt.train.tier1:UserSequenceDataset: 49320 windows (mode=chunked) from 5180482 interactions
INFO:dh2a_kt.train.tier1:UserSequenceDataset: 4802 windows (mode=chunked) from 466897 interactions
INFO:dh2a_kt.train.tier1:clean protocol: repeat-row targets excluded from the loss and from val AUC
INFO:dh2a_kt.train.tier1:epoch=1/10 batch=500/1387 loss=0.4332
INFO:dh2a_kt.train.tier1:epoch=1/10 batch=1000/1387 loss=0.4213
INFO:dh2a_kt.train.tier1:epoch=1/10 loss=0.4153 batches=1387 skipped_nonfinite=0
INFO:dh2a_kt.train.tier1:epoch=1/10 val_auc=0.7544 val_n=461279
INFO:dh2a_kt.train.tier1:epoch=2/10 batch=500/1387 loss=0.3928
INFO:dh2a_kt.train.tier1:epoch=2/10 batch=1000/1387 loss=0.3882
INFO:dh2a_kt.train.tier1:epoch=2/10 loss=0.3843 batches=1387 skipped_nonfinite=0
INFO:dh2a_kt.train.tier1:epoch=2/10 val_auc=0.7879 val_n=461279
INFO:dh2a_kt.train.tier1:epoch=3/10 batch=500/1387 loss=0.3732
INFO:dh2a_kt.train.tier1:epoch=3/10 batch=1000/1387 loss=0.3721
INFO:dh2a_kt.train.tier1:epoch=3/10 loss=0.3721 batches=1387 skipped_nonfinite=0
INFO:dh2a_kt.train.tier1:epoch=3/10 val_auc=0.7930 val_n=461279
INFO:dh2a_kt.train.tier1:epoch=4/10 batch=500/1387 loss=0.3660
INFO:dh2a_kt.train.tier1:epoch=4/10 batch=1000/1387 loss=0.3662
INFO:dh2a_kt.train.tier1:epoch=4/10 loss=0.3664 batches=1387 skipped_nonfinite=0
INFO:dh2a_kt.train.tier1:epoch=4/10 val_auc=0.7966 val_n=461279
INFO:dh2a_kt.train.tier1:epoch=5/10 batch=500/1387 loss=0.3643
INFO:dh2a_kt.train.tier1:epoch=5/10 batch=1000/1387 loss=0.3652
INFO:dh2a_kt.train.tier1:epoch=5/10 loss=0.3639 batches=1387 skipped_nonfinite=0
INFO:dh2a_kt.train.tier1:epoch=5/10 val_auc=0.7988 val_n=461279
INFO:dh2a_kt.train.tier1:epoch=6/10 batch=500/1387 loss=0.3624
INFO:dh2a_kt.train.tier1:epoch=6/10 batch=1000/1387 loss=0.3629
INFO:dh2a_kt.train.tier1:epoch=6/10 loss=0.3623 batches=1387 skipped_nonfinite=0
INFO:dh2a_kt.train.tier1:epoch=6/10 val_auc=0.7989 val_n=461279
INFO:dh2a_kt.train.tier1:epoch=7/10 batch=500/1387 loss=0.3620
INFO:dh2a_kt.train.tier1:epoch=7/10 batch=1000/1387 loss=0.3605
INFO:dh2a_kt.train.tier1:epoch=7/10 loss=0.3607 batches=1387 skipped_nonfinite=0
INFO:dh2a_kt.train.tier1:epoch=7/10 val_auc=0.8001 val_n=461279
INFO:dh2a_kt.train.tier1:epoch=8/10 batch=500/1387 loss=0.3599
INFO:dh2a_kt.train.tier1:epoch=8/10 batch=1000/1387 loss=0.3605
INFO:dh2a_kt.train.tier1:epoch=8/10 loss=0.3597 batches=1387 skipped_nonfinite=0
INFO:dh2a_kt.train.tier1:epoch=8/10 val_auc=0.8003 val_n=461279
INFO:dh2a_kt.train.tier1:epoch=9/10 batch=500/1387 loss=0.3579
INFO:dh2a_kt.train.tier1:epoch=9/10 batch=1000/1387 loss=0.3578
INFO:dh2a_kt.train.tier1:epoch=9/10 loss=0.3589 batches=1387 skipped_nonfinite=0
INFO:dh2a_kt.train.tier1:epoch=9/10 val_auc=0.8017 val_n=461279
INFO:dh2a_kt.train.tier1:epoch=10/10 batch=500/1387 loss=0.3598
INFO:dh2a_kt.train.tier1:epoch=10/10 batch=1000/1387 loss=0.3589
INFO:dh2a_kt.train.tier1:epoch=10/10 loss=0.3588 batches=1387 skipped_nonfinite=0
INFO:dh2a_kt.train.tier1:epoch=10/10 val_auc=0.8015 val_n=461279
INFO:dh2a_kt.train.tier1:restored best epoch=9 train_loss=0.3589 val_auc=0.8017 (of 10)
INFO:dh2a_kt.train.tier1:wrote DH2-KT checkpoint -> D:\TUAN\DH2A-KT\DH2A-KT\results\checkpoints\junyi_fold0_ladder_junyi-partial_time-package_s1234.pt
dataset=junyi architecture=v4 tag=ladder_junyi-partial_time-package_s1234 hyperedge_source=from config no_graph=False use_questions=True window_mode=chunked val_frac=0.1 mask_repeats=True seed=1234 recap_attention=False question_kc_agg=False question_graph=True question_incidence_control=zero question_hypergraph=False hint_hypergraph=False full_qmatrix=False time_gap=True time_gap_mode=both time_gap_control=real time_split=False concept_forget=False saw_input=False group_embed=False expert_graph=False memory_dim=16 max_degree=16 graph_transport=0.5 event_pool=mean transport=clique hyperedge_embed=False kind_conditioned=False graph_dropout=0.0 laux=0.0 budget=gkt matched_p0=False batch=32 epochs=10 lr=0.001 max_seq_len=400
NOTE: clean protocol (repeat-row targets masked): AUC is NOT comparable to the P0 baselines

[fold 0] loading splits + e_pre...
[fold 0] AUC=0.8037 val_auc=0.8017 n_predictions=5122539

Wrote comparison table: D:\TUAN\DH2A-KT\DH2A-KT\results\tables\dh2_kt_ladder_junyi-partial_time-package_s1234_vs_p0.csv
dataset fold reference_model   p0_auc  dh2_kt_auc  delta_auc budget_reference  batch_size  epochs comparison_type                                                                           budget_note  n_predictions  val_auc
  junyi    0             gkt      NaN    0.803695        NaN              gkt          32      10   observational clean protocol (repeat-row targets masked): AUC is NOT comparable to the P0 baselines        5122539 0.801685
  junyi    0        simplekt 0.984443    0.803695  -0.180748              gkt          32      10   observational clean protocol (repeat-row targets masked): AUC is NOT comparable to the P0 baselines        5122539 0.801685
  junyi mean             gkt      NaN    0.803695        NaN              gkt          32      10   observational clean protocol (repeat-row targets masked): AUC is NOT comparable to the P0 baselines        5122539 0.801685
  junyi mean        simplekt 0.984443    0.803695  -0.180748              gkt          32      10   observational clean protocol (repeat-row targets masked): AUC is NOT comparable to the P0 baselines        5122539 0.801685
