INFO:src.io_utils:Loading interactions from D:\TUAN\DH2A-KT\DH2A-KT\external\p0_leakage_audit\data\processed\junyi.parquet
INFO:src.io_utils:Loaded interactions shape=(25925992, 5)
INFO:src.split_checker:Creating learner split shape=(25925992, 6) ratios=(0.7, 0.1, 0.2) seed=42
INFO:src.split_checker:Created split sizes={'train': 18188758, 'valid': 2569639, 'test': 5167595}
INFO:dh2a_kt.train.tier1:seed=2024 (weight init and batch order)
INFO:dh2a_kt.train.tier1:Building concept-prerequisite hyperedges source=chain fold=0
INFO:dh2a_kt.hyperedge.construction:Built 700570 concept-prerequisite hyperedges (fold=0)
INFO:dh2a_kt.train.tier1:use_graph=False: training with zero hyperedges (graph ablation)
INFO:dh2a_kt.train.tier1:question_graph: registered Q–KC incidence for 0/722 items (mean degree=0.00, full_qmatrix=False, control=zero; observed links=720 across 720 items)
INFO:dh2a_kt.train.tier1:train_fold: architecture=v4 concepts=722 exercises=722 hyperedges=0 kinds=['concept_prerequisite'] device=cuda
INFO:dh2a_kt.train.tier1:internal selection split: 155992 train users / 17332 val users (val_frac=0.10)
INFO:dh2a_kt.train.tier1:UserSequenceDataset: 153805 windows (mode=chunked) from 16398869 interactions
INFO:dh2a_kt.train.tier1:UserSequenceDataset: 73385 windows (mode=chunked) from 7737234 interactions
INFO:dh2a_kt.train.tier1:UserSequenceDataset: 17064 windows (mode=chunked) from 1789889 interactions
INFO:dh2a_kt.train.tier1:clean protocol: repeat-row targets excluded from the loss and from val AUC
INFO:dh2a_kt.train.tier1:epoch=1/30 batch=500/9613 loss=0.4149
INFO:dh2a_kt.train.tier1:epoch=1/30 batch=1000/9613 loss=0.4017
INFO:dh2a_kt.train.tier1:epoch=1/30 batch=1500/9613 loss=0.3946
INFO:dh2a_kt.train.tier1:epoch=1/30 batch=2000/9613 loss=0.3909
INFO:dh2a_kt.train.tier1:epoch=1/30 batch=2500/9613 loss=0.3877
INFO:dh2a_kt.train.tier1:epoch=1/30 batch=3000/9613 loss=0.3855
INFO:dh2a_kt.train.tier1:epoch=1/30 batch=3500/9613 loss=0.3835
INFO:dh2a_kt.train.tier1:epoch=1/30 batch=4000/9613 loss=0.3822
INFO:dh2a_kt.train.tier1:epoch=1/30 batch=4500/9613 loss=0.3808
INFO:dh2a_kt.train.tier1:epoch=1/30 batch=5000/9613 loss=0.3797
INFO:dh2a_kt.train.tier1:epoch=1/30 batch=5500/9613 loss=0.3790
INFO:dh2a_kt.train.tier1:epoch=1/30 batch=6000/9613 loss=0.3780
INFO:dh2a_kt.train.tier1:epoch=1/30 batch=6500/9613 loss=0.3776
INFO:dh2a_kt.train.tier1:epoch=1/30 batch=7000/9613 loss=0.3771
INFO:dh2a_kt.train.tier1:epoch=1/30 batch=7500/9613 loss=0.3765
INFO:dh2a_kt.train.tier1:epoch=1/30 batch=8000/9613 loss=0.3760
INFO:dh2a_kt.train.tier1:epoch=1/30 batch=8500/9613 loss=0.3758
INFO:dh2a_kt.train.tier1:epoch=1/30 batch=9000/9613 loss=0.3755
INFO:dh2a_kt.train.tier1:epoch=1/30 batch=9500/9613 loss=0.3751
INFO:dh2a_kt.train.tier1:epoch=1/30 loss=0.3750 batches=9613 skipped_nonfinite=0
INFO:dh2a_kt.train.tier1:epoch=1/30 val_auc=0.7948 val_n=1770055
INFO:dh2a_kt.train.tier1:epoch=2/30 batch=500/9613 loss=0.3677
INFO:dh2a_kt.train.tier1:epoch=2/30 batch=1000/9613 loss=0.3681
INFO:dh2a_kt.train.tier1:epoch=2/30 batch=1500/9613 loss=0.3679
INFO:dh2a_kt.train.tier1:epoch=2/30 batch=2000/9613 loss=0.3676
INFO:dh2a_kt.train.tier1:epoch=2/30 batch=2500/9613 loss=0.3670
INFO:dh2a_kt.train.tier1:epoch=2/30 batch=3000/9613 loss=0.3672
INFO:dh2a_kt.train.tier1:epoch=2/30 batch=3500/9613 loss=0.3671
INFO:dh2a_kt.train.tier1:epoch=2/30 batch=4000/9613 loss=0.3670
INFO:dh2a_kt.train.tier1:epoch=2/30 batch=4500/9613 loss=0.3666
INFO:dh2a_kt.train.tier1:epoch=2/30 batch=5000/9613 loss=0.3664
INFO:dh2a_kt.train.tier1:epoch=2/30 batch=5500/9613 loss=0.3661
INFO:dh2a_kt.train.tier1:epoch=2/30 batch=6000/9613 loss=0.3662
INFO:dh2a_kt.train.tier1:epoch=2/30 batch=6500/9613 loss=0.3665
INFO:dh2a_kt.train.tier1:epoch=2/30 batch=7000/9613 loss=0.3662
INFO:dh2a_kt.train.tier1:epoch=2/30 batch=7500/9613 loss=0.3660
INFO:dh2a_kt.train.tier1:epoch=2/30 batch=8000/9613 loss=0.3660
INFO:dh2a_kt.train.tier1:epoch=2/30 batch=8500/9613 loss=0.3659
INFO:dh2a_kt.train.tier1:epoch=2/30 batch=9000/9613 loss=0.3657
INFO:dh2a_kt.train.tier1:epoch=2/30 batch=9500/9613 loss=0.3657
INFO:dh2a_kt.train.tier1:epoch=2/30 loss=0.3657 batches=9613 skipped_nonfinite=0
INFO:dh2a_kt.train.tier1:epoch=2/30 val_auc=0.7964 val_n=1770055
INFO:dh2a_kt.train.tier1:epoch=3/30 batch=500/9613 loss=0.3647
INFO:dh2a_kt.train.tier1:epoch=3/30 batch=1000/9613 loss=0.3630
INFO:dh2a_kt.train.tier1:epoch=3/30 batch=1500/9613 loss=0.3630
INFO:dh2a_kt.train.tier1:epoch=3/30 batch=2000/9613 loss=0.3623
INFO:dh2a_kt.train.tier1:epoch=3/30 batch=2500/9613 loss=0.3627
INFO:dh2a_kt.train.tier1:epoch=3/30 batch=3000/9613 loss=0.3630
INFO:dh2a_kt.train.tier1:epoch=3/30 batch=3500/9613 loss=0.3630
INFO:dh2a_kt.train.tier1:epoch=3/30 batch=4000/9613 loss=0.3633
INFO:dh2a_kt.train.tier1:epoch=3/30 batch=4500/9613 loss=0.3635
INFO:dh2a_kt.train.tier1:epoch=3/30 batch=5000/9613 loss=0.3637
INFO:dh2a_kt.train.tier1:epoch=3/30 batch=5500/9613 loss=0.3637
INFO:dh2a_kt.train.tier1:epoch=3/30 batch=6000/9613 loss=0.3636
INFO:dh2a_kt.train.tier1:epoch=3/30 batch=6500/9613 loss=0.3633
INFO:dh2a_kt.train.tier1:epoch=3/30 batch=7000/9613 loss=0.3631
INFO:dh2a_kt.train.tier1:epoch=3/30 batch=7500/9613 loss=0.3632
INFO:dh2a_kt.train.tier1:epoch=3/30 batch=8000/9613 loss=0.3631
INFO:dh2a_kt.train.tier1:epoch=3/30 batch=8500/9613 loss=0.3632
INFO:dh2a_kt.train.tier1:epoch=3/30 batch=9000/9613 loss=0.3631
INFO:dh2a_kt.train.tier1:epoch=3/30 batch=9500/9613 loss=0.3629
INFO:dh2a_kt.train.tier1:epoch=3/30 loss=0.3629 batches=9613 skipped_nonfinite=0
INFO:dh2a_kt.train.tier1:epoch=3/30 val_auc=0.7994 val_n=1770055
INFO:dh2a_kt.train.tier1:epoch=4/30 batch=500/9613 loss=0.3595
INFO:dh2a_kt.train.tier1:epoch=4/30 batch=1000/9613 loss=0.3602
INFO:dh2a_kt.train.tier1:epoch=4/30 batch=1500/9613 loss=0.3616
INFO:dh2a_kt.train.tier1:epoch=4/30 batch=2000/9613 loss=0.3618
INFO:dh2a_kt.train.tier1:epoch=4/30 batch=2500/9613 loss=0.3624
INFO:dh2a_kt.train.tier1:epoch=4/30 batch=3000/9613 loss=0.3624
INFO:dh2a_kt.train.tier1:epoch=4/30 batch=3500/9613 loss=0.3624
INFO:dh2a_kt.train.tier1:epoch=4/30 batch=4000/9613 loss=0.3619
INFO:dh2a_kt.train.tier1:epoch=4/30 batch=4500/9613 loss=0.3617
INFO:dh2a_kt.train.tier1:epoch=4/30 batch=5000/9613 loss=0.3620
INFO:dh2a_kt.train.tier1:epoch=4/30 batch=5500/9613 loss=0.3620
INFO:dh2a_kt.train.tier1:epoch=4/30 batch=6000/9613 loss=0.3619
INFO:dh2a_kt.train.tier1:epoch=4/30 batch=6500/9613 loss=0.3617
INFO:dh2a_kt.train.tier1:epoch=4/30 batch=7000/9613 loss=0.3616
INFO:dh2a_kt.train.tier1:epoch=4/30 batch=7500/9613 loss=0.3614
INFO:dh2a_kt.train.tier1:epoch=4/30 batch=8000/9613 loss=0.3612
INFO:dh2a_kt.train.tier1:epoch=4/30 batch=8500/9613 loss=0.3612
INFO:dh2a_kt.train.tier1:epoch=4/30 batch=9000/9613 loss=0.3615
INFO:dh2a_kt.train.tier1:epoch=4/30 batch=9500/9613 loss=0.3616
INFO:dh2a_kt.train.tier1:epoch=4/30 loss=0.3616 batches=9613 skipped_nonfinite=0
INFO:dh2a_kt.train.tier1:epoch=4/30 val_auc=0.8007 val_n=1770055
INFO:dh2a_kt.train.tier1:epoch=5/30 batch=500/9613 loss=0.3576
INFO:dh2a_kt.train.tier1:epoch=5/30 batch=1000/9613 loss=0.3595
INFO:dh2a_kt.train.tier1:epoch=5/30 batch=1500/9613 loss=0.3597
INFO:dh2a_kt.train.tier1:epoch=5/30 batch=2000/9613 loss=0.3599
INFO:dh2a_kt.train.tier1:epoch=5/30 batch=2500/9613 loss=0.3591
INFO:dh2a_kt.train.tier1:epoch=5/30 batch=3000/9613 loss=0.3588
INFO:dh2a_kt.train.tier1:epoch=5/30 batch=3500/9613 loss=0.3593
INFO:dh2a_kt.train.tier1:epoch=5/30 batch=4000/9613 loss=0.3590
INFO:dh2a_kt.train.tier1:epoch=5/30 batch=4500/9613 loss=0.3593
INFO:dh2a_kt.train.tier1:epoch=5/30 batch=5000/9613 loss=0.3596
INFO:dh2a_kt.train.tier1:epoch=5/30 batch=5500/9613 loss=0.3596
INFO:dh2a_kt.train.tier1:epoch=5/30 batch=6000/9613 loss=0.3597
INFO:dh2a_kt.train.tier1:epoch=5/30 batch=6500/9613 loss=0.3596
INFO:dh2a_kt.train.tier1:epoch=5/30 batch=7000/9613 loss=0.3597
INFO:dh2a_kt.train.tier1:epoch=5/30 batch=7500/9613 loss=0.3599
INFO:dh2a_kt.train.tier1:epoch=5/30 batch=8000/9613 loss=0.3600
INFO:dh2a_kt.train.tier1:epoch=5/30 batch=8500/9613 loss=0.3600
INFO:dh2a_kt.train.tier1:epoch=5/30 batch=9000/9613 loss=0.3600
INFO:dh2a_kt.train.tier1:epoch=5/30 batch=9500/9613 loss=0.3601
INFO:dh2a_kt.train.tier1:epoch=5/30 loss=0.3601 batches=9613 skipped_nonfinite=0
INFO:dh2a_kt.train.tier1:epoch=5/30 val_auc=0.8010 val_n=1770055
INFO:dh2a_kt.train.tier1:epoch=6/30 batch=500/9613 loss=0.3589
INFO:dh2a_kt.train.tier1:epoch=6/30 batch=1000/9613 loss=0.3618
INFO:dh2a_kt.train.tier1:epoch=6/30 batch=1500/9613 loss=0.3601
INFO:dh2a_kt.train.tier1:epoch=6/30 batch=2000/9613 loss=0.3599
INFO:dh2a_kt.train.tier1:epoch=6/30 batch=2500/9613 loss=0.3604
INFO:dh2a_kt.train.tier1:epoch=6/30 batch=3000/9613 loss=0.3606
INFO:dh2a_kt.train.tier1:epoch=6/30 batch=3500/9613 loss=0.3600
INFO:dh2a_kt.train.tier1:epoch=6/30 batch=4000/9613 loss=0.3598
INFO:dh2a_kt.train.tier1:epoch=6/30 batch=4500/9613 loss=0.3599
INFO:dh2a_kt.train.tier1:epoch=6/30 batch=5000/9613 loss=0.3599
INFO:dh2a_kt.train.tier1:epoch=6/30 batch=5500/9613 loss=0.3598
INFO:dh2a_kt.train.tier1:epoch=6/30 batch=6000/9613 loss=0.3595
INFO:dh2a_kt.train.tier1:epoch=6/30 batch=6500/9613 loss=0.3597
INFO:dh2a_kt.train.tier1:epoch=6/30 batch=7000/9613 loss=0.3596
INFO:dh2a_kt.train.tier1:epoch=6/30 batch=7500/9613 loss=0.3596
INFO:dh2a_kt.train.tier1:epoch=6/30 batch=8000/9613 loss=0.3598
INFO:dh2a_kt.train.tier1:epoch=6/30 batch=8500/9613 loss=0.3597
INFO:dh2a_kt.train.tier1:epoch=6/30 batch=9000/9613 loss=0.3597
INFO:dh2a_kt.train.tier1:epoch=6/30 batch=9500/9613 loss=0.3596
INFO:dh2a_kt.train.tier1:epoch=6/30 loss=0.3595 batches=9613 skipped_nonfinite=0
INFO:dh2a_kt.train.tier1:epoch=6/30 val_auc=0.8018 val_n=1770055
INFO:dh2a_kt.train.tier1:epoch=7/30 batch=500/9613 loss=0.3620
INFO:dh2a_kt.train.tier1:epoch=7/30 batch=1000/9613 loss=0.3607
INFO:dh2a_kt.train.tier1:epoch=7/30 batch=1500/9613 loss=0.3606
INFO:dh2a_kt.train.tier1:epoch=7/30 batch=2000/9613 loss=0.3610
INFO:dh2a_kt.train.tier1:epoch=7/30 batch=2500/9613 loss=0.3607
INFO:dh2a_kt.train.tier1:epoch=7/30 batch=3000/9613 loss=0.3601
INFO:dh2a_kt.train.tier1:epoch=7/30 batch=3500/9613 loss=0.3603
INFO:dh2a_kt.train.tier1:epoch=7/30 batch=4000/9613 loss=0.3601
INFO:dh2a_kt.train.tier1:epoch=7/30 batch=4500/9613 loss=0.3600
INFO:dh2a_kt.train.tier1:epoch=7/30 batch=5000/9613 loss=0.3596
INFO:dh2a_kt.train.tier1:epoch=7/30 batch=5500/9613 loss=0.3592
INFO:dh2a_kt.train.tier1:epoch=7/30 batch=6000/9613 loss=0.3591
INFO:dh2a_kt.train.tier1:epoch=7/30 batch=6500/9613 loss=0.3590
INFO:dh2a_kt.train.tier1:epoch=7/30 batch=7000/9613 loss=0.3588
INFO:dh2a_kt.train.tier1:epoch=7/30 batch=7500/9613 loss=0.3592
INFO:dh2a_kt.train.tier1:epoch=7/30 batch=8000/9613 loss=0.3591
INFO:dh2a_kt.train.tier1:epoch=7/30 batch=8500/9613 loss=0.3589
INFO:dh2a_kt.train.tier1:epoch=7/30 batch=9000/9613 loss=0.3591
INFO:dh2a_kt.train.tier1:epoch=7/30 batch=9500/9613 loss=0.3591
INFO:dh2a_kt.train.tier1:epoch=7/30 loss=0.3591 batches=9613 skipped_nonfinite=0
INFO:dh2a_kt.train.tier1:epoch=7/30 val_auc=0.8021 val_n=1770055
INFO:dh2a_kt.train.tier1:epoch=8/30 batch=500/9613 loss=0.3587
INFO:dh2a_kt.train.tier1:epoch=8/30 batch=1000/9613 loss=0.3569
INFO:dh2a_kt.train.tier1:epoch=8/30 batch=1500/9613 loss=0.3564
INFO:dh2a_kt.train.tier1:epoch=8/30 batch=2000/9613 loss=0.3571
INFO:dh2a_kt.train.tier1:epoch=8/30 batch=2500/9613 loss=0.3579
INFO:dh2a_kt.train.tier1:epoch=8/30 batch=3000/9613 loss=0.3581
INFO:dh2a_kt.train.tier1:epoch=8/30 batch=3500/9613 loss=0.3584
INFO:dh2a_kt.train.tier1:epoch=8/30 batch=4000/9613 loss=0.3587
INFO:dh2a_kt.train.tier1:epoch=8/30 batch=4500/9613 loss=0.3587
INFO:dh2a_kt.train.tier1:epoch=8/30 batch=5000/9613 loss=0.3588
INFO:dh2a_kt.train.tier1:epoch=8/30 batch=5500/9613 loss=0.3588
INFO:dh2a_kt.train.tier1:epoch=8/30 batch=6000/9613 loss=0.3587
INFO:dh2a_kt.train.tier1:epoch=8/30 batch=6500/9613 loss=0.3587
INFO:dh2a_kt.train.tier1:epoch=8/30 batch=7000/9613 loss=0.3588
INFO:dh2a_kt.train.tier1:epoch=8/30 batch=7500/9613 loss=0.3590
INFO:dh2a_kt.train.tier1:epoch=8/30 batch=8000/9613 loss=0.3588
INFO:dh2a_kt.train.tier1:epoch=8/30 batch=8500/9613 loss=0.3586
INFO:dh2a_kt.train.tier1:epoch=8/30 batch=9000/9613 loss=0.3589
INFO:dh2a_kt.train.tier1:epoch=8/30 batch=9500/9613 loss=0.3589
INFO:dh2a_kt.train.tier1:epoch=8/30 loss=0.3589 batches=9613 skipped_nonfinite=0
INFO:dh2a_kt.train.tier1:epoch=8/30 val_auc=0.8024 val_n=1770055
INFO:dh2a_kt.train.tier1:epoch=9/30 batch=500/9613 loss=0.3560
INFO:dh2a_kt.train.tier1:epoch=9/30 batch=1000/9613 loss=0.3580
INFO:dh2a_kt.train.tier1:epoch=9/30 batch=1500/9613 loss=0.3579
INFO:dh2a_kt.train.tier1:epoch=9/30 batch=2000/9613 loss=0.3580
INFO:dh2a_kt.train.tier1:epoch=9/30 batch=2500/9613 loss=0.3581
INFO:dh2a_kt.train.tier1:epoch=9/30 batch=3000/9613 loss=0.3574
INFO:dh2a_kt.train.tier1:epoch=9/30 batch=3500/9613 loss=0.3577
INFO:dh2a_kt.train.tier1:epoch=9/30 batch=4000/9613 loss=0.3579
INFO:dh2a_kt.train.tier1:epoch=9/30 batch=4500/9613 loss=0.3579
INFO:dh2a_kt.train.tier1:epoch=9/30 batch=5000/9613 loss=0.3579
INFO:dh2a_kt.train.tier1:epoch=9/30 batch=5500/9613 loss=0.3577
INFO:dh2a_kt.train.tier1:epoch=9/30 batch=6000/9613 loss=0.3581
INFO:dh2a_kt.train.tier1:epoch=9/30 batch=6500/9613 loss=0.3581
INFO:dh2a_kt.train.tier1:epoch=9/30 batch=7000/9613 loss=0.3583
INFO:dh2a_kt.train.tier1:epoch=9/30 batch=7500/9613 loss=0.3581
INFO:dh2a_kt.train.tier1:epoch=9/30 batch=8000/9613 loss=0.3581
INFO:dh2a_kt.train.tier1:epoch=9/30 batch=8500/9613 loss=0.3581
INFO:dh2a_kt.train.tier1:epoch=9/30 batch=9000/9613 loss=0.3580
INFO:dh2a_kt.train.tier1:epoch=9/30 batch=9500/9613 loss=0.3581
INFO:dh2a_kt.train.tier1:epoch=9/30 loss=0.3581 batches=9613 skipped_nonfinite=0
INFO:dh2a_kt.train.tier1:epoch=9/30 val_auc=0.8027 val_n=1770055
INFO:dh2a_kt.train.tier1:epoch=10/30 batch=500/9613 loss=0.3592
INFO:dh2a_kt.train.tier1:epoch=10/30 batch=1000/9613 loss=0.3570
INFO:dh2a_kt.train.tier1:epoch=10/30 batch=1500/9613 loss=0.3581
INFO:dh2a_kt.train.tier1:epoch=10/30 batch=2000/9613 loss=0.3586
INFO:dh2a_kt.train.tier1:epoch=10/30 batch=2500/9613 loss=0.3579
INFO:dh2a_kt.train.tier1:epoch=10/30 batch=3000/9613 loss=0.3572
INFO:dh2a_kt.train.tier1:epoch=10/30 batch=3500/9613 loss=0.3570
INFO:dh2a_kt.train.tier1:epoch=10/30 batch=4000/9613 loss=0.3570
INFO:dh2a_kt.train.tier1:epoch=10/30 batch=4500/9613 loss=0.3571
INFO:dh2a_kt.train.tier1:epoch=10/30 batch=5000/9613 loss=0.3571
INFO:dh2a_kt.train.tier1:epoch=10/30 batch=5500/9613 loss=0.3572
INFO:dh2a_kt.train.tier1:epoch=10/30 batch=6000/9613 loss=0.3573
INFO:dh2a_kt.train.tier1:epoch=10/30 batch=6500/9613 loss=0.3575
INFO:dh2a_kt.train.tier1:epoch=10/30 batch=7000/9613 loss=0.3578
INFO:dh2a_kt.train.tier1:epoch=10/30 batch=7500/9613 loss=0.3578
INFO:dh2a_kt.train.tier1:epoch=10/30 batch=8000/9613 loss=0.3578
INFO:dh2a_kt.train.tier1:epoch=10/30 batch=8500/9613 loss=0.3576
INFO:dh2a_kt.train.tier1:epoch=10/30 batch=9000/9613 loss=0.3576
INFO:dh2a_kt.train.tier1:epoch=10/30 batch=9500/9613 loss=0.3577
INFO:dh2a_kt.train.tier1:epoch=10/30 loss=0.3577 batches=9613 skipped_nonfinite=0
INFO:dh2a_kt.train.tier1:epoch=10/30 val_auc=0.8028 val_n=1770055
INFO:dh2a_kt.train.tier1:epoch=11/30 batch=500/9613 loss=0.3571
INFO:dh2a_kt.train.tier1:epoch=11/30 batch=1000/9613 loss=0.3570
INFO:dh2a_kt.train.tier1:epoch=11/30 batch=1500/9613 loss=0.3575
INFO:dh2a_kt.train.tier1:epoch=11/30 batch=2000/9613 loss=0.3574
INFO:dh2a_kt.train.tier1:epoch=11/30 batch=2500/9613 loss=0.3577
INFO:dh2a_kt.train.tier1:epoch=11/30 batch=3000/9613 loss=0.3578
INFO:dh2a_kt.train.tier1:epoch=11/30 batch=3500/9613 loss=0.3575
INFO:dh2a_kt.train.tier1:epoch=11/30 batch=4000/9613 loss=0.3572
INFO:dh2a_kt.train.tier1:epoch=11/30 batch=4500/9613 loss=0.3576
INFO:dh2a_kt.train.tier1:epoch=11/30 batch=5000/9613 loss=0.3574
INFO:dh2a_kt.train.tier1:epoch=11/30 batch=5500/9613 loss=0.3571
INFO:dh2a_kt.train.tier1:epoch=11/30 batch=6000/9613 loss=0.3571
INFO:dh2a_kt.train.tier1:epoch=11/30 batch=6500/9613 loss=0.3573
INFO:dh2a_kt.train.tier1:epoch=11/30 batch=7000/9613 loss=0.3575
INFO:dh2a_kt.train.tier1:epoch=11/30 batch=7500/9613 loss=0.3575
INFO:dh2a_kt.train.tier1:epoch=11/30 batch=8000/9613 loss=0.3576
INFO:dh2a_kt.train.tier1:epoch=11/30 batch=8500/9613 loss=0.3574
INFO:dh2a_kt.train.tier1:epoch=11/30 batch=9000/9613 loss=0.3574
INFO:dh2a_kt.train.tier1:epoch=11/30 batch=9500/9613 loss=0.3577
INFO:dh2a_kt.train.tier1:epoch=11/30 loss=0.3577 batches=9613 skipped_nonfinite=0
INFO:dh2a_kt.train.tier1:epoch=11/30 val_auc=0.8026 val_n=1770055
INFO:dh2a_kt.train.tier1:epoch=12/30 batch=500/9613 loss=0.3579
INFO:dh2a_kt.train.tier1:epoch=12/30 batch=1000/9613 loss=0.3567
INFO:dh2a_kt.train.tier1:epoch=12/30 batch=1500/9613 loss=0.3578
INFO:dh2a_kt.train.tier1:epoch=12/30 batch=2000/9613 loss=0.3576
INFO:dh2a_kt.train.tier1:epoch=12/30 batch=2500/9613 loss=0.3572
INFO:dh2a_kt.train.tier1:epoch=12/30 batch=3000/9613 loss=0.3572
INFO:dh2a_kt.train.tier1:epoch=12/30 batch=3500/9613 loss=0.3569
INFO:dh2a_kt.train.tier1:epoch=12/30 batch=4000/9613 loss=0.3573
INFO:dh2a_kt.train.tier1:epoch=12/30 batch=4500/9613 loss=0.3575
INFO:dh2a_kt.train.tier1:epoch=12/30 batch=5000/9613 loss=0.3576
INFO:dh2a_kt.train.tier1:epoch=12/30 batch=5500/9613 loss=0.3578
INFO:dh2a_kt.train.tier1:epoch=12/30 batch=6000/9613 loss=0.3577
INFO:dh2a_kt.train.tier1:epoch=12/30 batch=6500/9613 loss=0.3580
INFO:dh2a_kt.train.tier1:epoch=12/30 batch=7000/9613 loss=0.3579
INFO:dh2a_kt.train.tier1:epoch=12/30 batch=7500/9613 loss=0.3578
INFO:dh2a_kt.train.tier1:epoch=12/30 batch=8000/9613 loss=0.3574
INFO:dh2a_kt.train.tier1:epoch=12/30 batch=8500/9613 loss=0.3574
INFO:dh2a_kt.train.tier1:epoch=12/30 batch=9000/9613 loss=0.3573
INFO:dh2a_kt.train.tier1:epoch=12/30 batch=9500/9613 loss=0.3574
INFO:dh2a_kt.train.tier1:epoch=12/30 loss=0.3575 batches=9613 skipped_nonfinite=0
INFO:dh2a_kt.train.tier1:epoch=12/30 val_auc=0.8029 val_n=1770055
INFO:dh2a_kt.train.tier1:epoch=13/30 batch=500/9613 loss=0.3563
INFO:dh2a_kt.train.tier1:epoch=13/30 batch=1000/9613 loss=0.3558
INFO:dh2a_kt.train.tier1:epoch=13/30 batch=1500/9613 loss=0.3566
INFO:dh2a_kt.train.tier1:epoch=13/30 batch=2000/9613 loss=0.3561
INFO:dh2a_kt.train.tier1:epoch=13/30 batch=2500/9613 loss=0.3559
INFO:dh2a_kt.train.tier1:epoch=13/30 batch=3000/9613 loss=0.3564
INFO:dh2a_kt.train.tier1:epoch=13/30 batch=3500/9613 loss=0.3566
INFO:dh2a_kt.train.tier1:epoch=13/30 batch=4000/9613 loss=0.3565
INFO:dh2a_kt.train.tier1:epoch=13/30 batch=4500/9613 loss=0.3567
INFO:dh2a_kt.train.tier1:epoch=13/30 batch=5000/9613 loss=0.3566
INFO:dh2a_kt.train.tier1:epoch=13/30 batch=5500/9613 loss=0.3569
INFO:dh2a_kt.train.tier1:epoch=13/30 batch=6000/9613 loss=0.3568
INFO:dh2a_kt.train.tier1:epoch=13/30 batch=6500/9613 loss=0.3568
INFO:dh2a_kt.train.tier1:epoch=13/30 batch=7000/9613 loss=0.3567
INFO:dh2a_kt.train.tier1:epoch=13/30 batch=7500/9613 loss=0.3568
INFO:dh2a_kt.train.tier1:epoch=13/30 batch=8000/9613 loss=0.3569
INFO:dh2a_kt.train.tier1:epoch=13/30 batch=8500/9613 loss=0.3569
INFO:dh2a_kt.train.tier1:epoch=13/30 batch=9000/9613 loss=0.3568
INFO:dh2a_kt.train.tier1:epoch=13/30 batch=9500/9613 loss=0.3568
INFO:dh2a_kt.train.tier1:epoch=13/30 loss=0.3568 batches=9613 skipped_nonfinite=0
INFO:dh2a_kt.train.tier1:epoch=13/30 val_auc=0.8031 val_n=1770055
INFO:dh2a_kt.train.tier1:epoch=14/30 batch=500/9613 loss=0.3559
INFO:dh2a_kt.train.tier1:epoch=14/30 batch=1000/9613 loss=0.3566
INFO:dh2a_kt.train.tier1:epoch=14/30 batch=1500/9613 loss=0.3563
INFO:dh2a_kt.train.tier1:epoch=14/30 batch=2000/9613 loss=0.3561
INFO:dh2a_kt.train.tier1:epoch=14/30 batch=2500/9613 loss=0.3564
INFO:dh2a_kt.train.tier1:epoch=14/30 batch=3000/9613 loss=0.3563
INFO:dh2a_kt.train.tier1:epoch=14/30 batch=3500/9613 loss=0.3562
INFO:dh2a_kt.train.tier1:epoch=14/30 batch=4000/9613 loss=0.3559
INFO:dh2a_kt.train.tier1:epoch=14/30 batch=4500/9613 loss=0.3559
INFO:dh2a_kt.train.tier1:epoch=14/30 batch=5000/9613 loss=0.3562
INFO:dh2a_kt.train.tier1:epoch=14/30 batch=5500/9613 loss=0.3565
INFO:dh2a_kt.train.tier1:epoch=14/30 batch=6000/9613 loss=0.3564
INFO:dh2a_kt.train.tier1:epoch=14/30 batch=6500/9613 loss=0.3565
INFO:dh2a_kt.train.tier1:epoch=14/30 batch=7000/9613 loss=0.3565
INFO:dh2a_kt.train.tier1:epoch=14/30 batch=7500/9613 loss=0.3564
INFO:dh2a_kt.train.tier1:epoch=14/30 batch=8000/9613 loss=0.3563
INFO:dh2a_kt.train.tier1:epoch=14/30 batch=8500/9613 loss=0.3565
INFO:dh2a_kt.train.tier1:epoch=14/30 batch=9000/9613 loss=0.3566
INFO:dh2a_kt.train.tier1:epoch=14/30 batch=9500/9613 loss=0.3567
INFO:dh2a_kt.train.tier1:epoch=14/30 loss=0.3567 batches=9613 skipped_nonfinite=0
INFO:dh2a_kt.train.tier1:epoch=14/30 val_auc=0.8030 val_n=1770055
INFO:dh2a_kt.train.tier1:epoch=15/30 batch=500/9613 loss=0.3569
INFO:dh2a_kt.train.tier1:epoch=15/30 batch=1000/9613 loss=0.3562
INFO:dh2a_kt.train.tier1:epoch=15/30 batch=1500/9613 loss=0.3565
INFO:dh2a_kt.train.tier1:epoch=15/30 batch=2000/9613 loss=0.3581
INFO:dh2a_kt.train.tier1:epoch=15/30 batch=2500/9613 loss=0.3580
INFO:dh2a_kt.train.tier1:epoch=15/30 batch=3000/9613 loss=0.3577
INFO:dh2a_kt.train.tier1:epoch=15/30 batch=3500/9613 loss=0.3564
INFO:dh2a_kt.train.tier1:epoch=15/30 batch=4000/9613 loss=0.3562
INFO:dh2a_kt.train.tier1:epoch=15/30 batch=4500/9613 loss=0.3563
INFO:dh2a_kt.train.tier1:epoch=15/30 batch=5000/9613 loss=0.3561
INFO:dh2a_kt.train.tier1:epoch=15/30 batch=5500/9613 loss=0.3566
INFO:dh2a_kt.train.tier1:epoch=15/30 batch=6000/9613 loss=0.3564
INFO:dh2a_kt.train.tier1:epoch=15/30 batch=6500/9613 loss=0.3566
INFO:dh2a_kt.train.tier1:epoch=15/30 batch=7000/9613 loss=0.3566
INFO:dh2a_kt.train.tier1:epoch=15/30 batch=7500/9613 loss=0.3565
INFO:dh2a_kt.train.tier1:epoch=15/30 batch=8000/9613 loss=0.3566
INFO:dh2a_kt.train.tier1:epoch=15/30 batch=8500/9613 loss=0.3566
INFO:dh2a_kt.train.tier1:epoch=15/30 batch=9000/9613 loss=0.3565
INFO:dh2a_kt.train.tier1:epoch=15/30 batch=9500/9613 loss=0.3564
INFO:dh2a_kt.train.tier1:epoch=15/30 loss=0.3565 batches=9613 skipped_nonfinite=0
INFO:dh2a_kt.train.tier1:epoch=15/30 val_auc=0.8024 val_n=1770055
INFO:dh2a_kt.train.tier1:epoch=16/30 batch=500/9613 loss=0.3590
INFO:dh2a_kt.train.tier1:epoch=16/30 batch=1000/9613 loss=0.3576
INFO:dh2a_kt.train.tier1:epoch=16/30 batch=1500/9613 loss=0.3572
INFO:dh2a_kt.train.tier1:epoch=16/30 batch=2000/9613 loss=0.3574
INFO:dh2a_kt.train.tier1:epoch=16/30 batch=2500/9613 loss=0.3572
INFO:dh2a_kt.train.tier1:epoch=16/30 batch=3000/9613 loss=0.3569
INFO:dh2a_kt.train.tier1:epoch=16/30 batch=3500/9613 loss=0.3564
INFO:dh2a_kt.train.tier1:epoch=16/30 batch=4000/9613 loss=0.3567
INFO:dh2a_kt.train.tier1:epoch=16/30 batch=4500/9613 loss=0.3570
INFO:dh2a_kt.train.tier1:epoch=16/30 batch=5000/9613 loss=0.3572
INFO:dh2a_kt.train.tier1:epoch=16/30 batch=5500/9613 loss=0.3571
INFO:dh2a_kt.train.tier1:epoch=16/30 batch=6000/9613 loss=0.3568
INFO:dh2a_kt.train.tier1:epoch=16/30 batch=6500/9613 loss=0.3568
INFO:dh2a_kt.train.tier1:epoch=16/30 batch=7000/9613 loss=0.3569
INFO:dh2a_kt.train.tier1:epoch=16/30 batch=7500/9613 loss=0.3567
INFO:dh2a_kt.train.tier1:epoch=16/30 batch=8000/9613 loss=0.3567
INFO:dh2a_kt.train.tier1:epoch=16/30 batch=8500/9613 loss=0.3565
INFO:dh2a_kt.train.tier1:epoch=16/30 batch=9000/9613 loss=0.3563
INFO:dh2a_kt.train.tier1:epoch=16/30 batch=9500/9613 loss=0.3562
INFO:dh2a_kt.train.tier1:epoch=16/30 loss=0.3563 batches=9613 skipped_nonfinite=0
INFO:dh2a_kt.train.tier1:epoch=16/30 val_auc=0.8030 val_n=1770055
INFO:dh2a_kt.train.tier1:epoch=17/30 batch=500/9613 loss=0.3543
INFO:dh2a_kt.train.tier1:epoch=17/30 batch=1000/9613 loss=0.3553
INFO:dh2a_kt.train.tier1:epoch=17/30 batch=1500/9613 loss=0.3565
INFO:dh2a_kt.train.tier1:epoch=17/30 batch=2000/9613 loss=0.3569
INFO:dh2a_kt.train.tier1:epoch=17/30 batch=2500/9613 loss=0.3566
INFO:dh2a_kt.train.tier1:epoch=17/30 batch=3000/9613 loss=0.3564
INFO:dh2a_kt.train.tier1:epoch=17/30 batch=3500/9613 loss=0.3563
INFO:dh2a_kt.train.tier1:epoch=17/30 batch=4000/9613 loss=0.3562
INFO:dh2a_kt.train.tier1:epoch=17/30 batch=4500/9613 loss=0.3564
INFO:dh2a_kt.train.tier1:epoch=17/30 batch=5000/9613 loss=0.3567
INFO:dh2a_kt.train.tier1:epoch=17/30 batch=5500/9613 loss=0.3568
INFO:dh2a_kt.train.tier1:epoch=17/30 batch=6000/9613 loss=0.3567
INFO:dh2a_kt.train.tier1:epoch=17/30 batch=6500/9613 loss=0.3565
INFO:dh2a_kt.train.tier1:epoch=17/30 batch=7000/9613 loss=0.3564
INFO:dh2a_kt.train.tier1:epoch=17/30 batch=7500/9613 loss=0.3565
INFO:dh2a_kt.train.tier1:epoch=17/30 batch=8000/9613 loss=0.3565
INFO:dh2a_kt.train.tier1:epoch=17/30 batch=8500/9613 loss=0.3564
INFO:dh2a_kt.train.tier1:epoch=17/30 batch=9000/9613 loss=0.3562
INFO:dh2a_kt.train.tier1:epoch=17/30 batch=9500/9613 loss=0.3563
INFO:dh2a_kt.train.tier1:epoch=17/30 loss=0.3562 batches=9613 skipped_nonfinite=0
INFO:dh2a_kt.train.tier1:epoch=17/30 val_auc=0.8028 val_n=1770055
INFO:dh2a_kt.train.tier1:epoch=18/30 batch=500/9613 loss=0.3574
INFO:dh2a_kt.train.tier1:epoch=18/30 batch=1000/9613 loss=0.3566
INFO:dh2a_kt.train.tier1:epoch=18/30 batch=1500/9613 loss=0.3563
INFO:dh2a_kt.train.tier1:epoch=18/30 batch=2000/9613 loss=0.3557
INFO:dh2a_kt.train.tier1:epoch=18/30 batch=2500/9613 loss=0.3562
INFO:dh2a_kt.train.tier1:epoch=18/30 batch=3000/9613 loss=0.3568
INFO:dh2a_kt.train.tier1:epoch=18/30 batch=3500/9613 loss=0.3563
INFO:dh2a_kt.train.tier1:epoch=18/30 batch=4000/9613 loss=0.3567
INFO:dh2a_kt.train.tier1:epoch=18/30 batch=4500/9613 loss=0.3566
INFO:dh2a_kt.train.tier1:epoch=18/30 batch=5000/9613 loss=0.3566
INFO:dh2a_kt.train.tier1:epoch=18/30 batch=5500/9613 loss=0.3564
INFO:dh2a_kt.train.tier1:epoch=18/30 batch=6000/9613 loss=0.3563
INFO:dh2a_kt.train.tier1:epoch=18/30 batch=6500/9613 loss=0.3564
INFO:dh2a_kt.train.tier1:epoch=18/30 batch=7000/9613 loss=0.3564
INFO:dh2a_kt.train.tier1:epoch=18/30 batch=7500/9613 loss=0.3562
INFO:dh2a_kt.train.tier1:epoch=18/30 batch=8000/9613 loss=0.3562
INFO:dh2a_kt.train.tier1:epoch=18/30 batch=8500/9613 loss=0.3562
INFO:dh2a_kt.train.tier1:epoch=18/30 batch=9000/9613 loss=0.3561
INFO:dh2a_kt.train.tier1:epoch=18/30 batch=9500/9613 loss=0.3562
INFO:dh2a_kt.train.tier1:epoch=18/30 loss=0.3562 batches=9613 skipped_nonfinite=0
INFO:dh2a_kt.train.tier1:epoch=18/30 val_auc=0.8031 val_n=1770055
INFO:dh2a_kt.train.tier1:early stop at epoch=18 (no val AUC gain for 5 epochs)
INFO:dh2a_kt.train.tier1:restored best epoch=13 train_loss=0.3568 val_auc=0.8031 (of 30)
INFO:dh2a_kt.train.tier1:wrote DH2-KT checkpoint -> D:\TUAN\DH2A-KT\DH2A-KT\results\checkpoints\junyi_fold0_ladder_junyi-full_no-time_s2024.pt
dataset=junyi architecture=v4 tag=ladder_junyi-full_no-time_s2024 hyperedge_source=from config no_graph=True use_questions=True window_mode=chunked val_frac=0.1 mask_repeats=True seed=2024 sequence_encoder=lstm n_attn_layers=2 n_attn_heads=4 time_gap_pad=False recap_attention=False question_kc_agg=False question_graph=True question_incidence_control=zero question_hypergraph=False hint_hypergraph=False full_qmatrix=False time_gap=False time_gap_mode=both time_gap_control=real time_split=False concept_forget=False saw_input=False group_embed=False expert_graph=False memory_dim=16 max_degree=16 graph_transport=0.5 event_pool=mean transport=clique hyperedge_embed=False kind_conditioned=False graph_dropout=0.0 laux=0.0 budget=gkt matched_p0=False batch=16 epochs=30 lr=0.001 max_seq_len=400
NOTE: tuned budget (batch=16, epochs=30); P0 gkt used batch=32, epochs=10; clean protocol (repeat-row targets masked): AUC is NOT comparable to the P0 baselines

[fold 0] loading splits + e_pre...
[fold 0] AUC=0.8050 val_auc=0.8031 n_predictions=7651421

Wrote comparison table: D:\TUAN\DH2A-KT\DH2A-KT\results\tables\dh2_kt_ladder_junyi-full_no-time_s2024_vs_p0.csv
dataset fold reference_model   p0_auc  dh2_kt_auc  delta_auc budget_reference  batch_size  epochs comparison_type                                                                                                                                                budget_note  n_predictions  val_auc
  junyi    0             gkt      NaN    0.805039        NaN              gkt          16      30   observational tuned budget (batch=16, epochs=30); P0 gkt used batch=32, epochs=10; clean protocol (repeat-row targets masked): AUC is NOT comparable to the P0 baselines        7651421 0.803103
  junyi    0        simplekt 0.984443    0.805039  -0.179403              gkt          16      30   observational tuned budget (batch=16, epochs=30); P0 gkt used batch=32, epochs=10; clean protocol (repeat-row targets masked): AUC is NOT comparable to the P0 baselines        7651421 0.803103
  junyi mean             gkt      NaN    0.805039        NaN              gkt          16      30   observational tuned budget (batch=16, epochs=30); P0 gkt used batch=32, epochs=10; clean protocol (repeat-row targets masked): AUC is NOT comparable to the P0 baselines        7651421 0.803103
  junyi mean        simplekt 0.984443    0.805039  -0.179403              gkt          16      30   observational tuned budget (batch=16, epochs=30); P0 gkt used batch=32, epochs=10; clean protocol (repeat-row targets masked): AUC is NOT comparable to the P0 baselines        7651421 0.803103
