dataset=xes3g5m architecture=v4 tag=ladder_package-capacity_no-time-param-padded_s2024 hyperedge_source=from config no_graph=False use_questions=True window_mode=chunked val_frac=0.1 mask_repeats=True seed=2024 recap_attention=False question_kc_agg=False question_graph=True question_incidence_control=zero question_hypergraph=False hint_hypergraph=False full_qmatrix=False time_gap=False time_gap_mode=both time_gap_control=real time_split=False concept_forget=False saw_input=False group_embed=False expert_graph=False memory_dim=16 max_degree=16 graph_transport=0.5 event_pool=mean transport=clique hyperedge_embed=False kind_conditioned=False graph_dropout=0.15 laux=1.0 budget=gkt matched_p0=False batch=4 epochs=10 lr=0.001 max_seq_len=400
NOTE: clean protocol (repeat-row targets masked): AUC is NOT comparable to the P0 baselines
INFO:src.io_utils:Loading interactions from D:\TUAN\DH2A-KT\DH2A-KT\external\p0_leakage_audit\data\processed\xes3g5m.parquet
INFO:src.io_utils:Loaded interactions shape=(6413353, 5)

[fold 0] loading splits + e_pre...
INFO:src.split_checker:Creating learner split shape=(6413353, 6) ratios=(0.7, 0.1, 0.2) seed=42
INFO:src.split_checker:Created split sizes={'train': 4490513, 'valid': 640917, 'test': 1281923}
INFO:dh2a_kt.hyperedge.construction:Built 788818 session hyperedges (fold=0 gap=1800.0s)
[fold 0] session hyperedges: built=788818 selected=20000
INFO:dh2a_kt.train.tier1:seed=2024 (weight init and batch order)
INFO:dh2a_kt.train.tier1:Building concept-prerequisite hyperedges source=chain fold=0
INFO:dh2a_kt.hyperedge.construction:Built 446305 concept-prerequisite hyperedges (fold=0)
INFO:dh2a_kt.train.tier1:Added 20000 session hyperedges (concept projection) for training
INFO:dh2a_kt.train.tier1:question_graph: registered Q–KC incidence for 0/7652 items (mean degree=0.00, full_qmatrix=False, control=zero; observed links=8848 across 7602 items)
INFO:dh2a_kt.train.tier1:train_fold: architecture=v4 concepts=865 exercises=7652 hyperedges=466305 kinds=['concept_prerequisite', 'session'] device=cuda
INFO:dh2a_kt.train.tier1:internal selection split: 11381 train users / 1265 val users (val_frac=0.10)
INFO:dh2a_kt.train.tier1:UserSequenceDataset: 14601 windows (mode=chunked) from 4041573 interactions
INFO:dh2a_kt.train.tier1:UserSequenceDataset: 6954 windows (mode=chunked) from 1922840 interactions
INFO:dh2a_kt.train.tier1:UserSequenceDataset: 1627 windows (mode=chunked) from 448940 interactions
INFO:dh2a_kt.train.tier1:clean protocol: repeat-row targets excluded from the loss and from val AUC
INFO:dh2a_kt.train.tier1:epoch=1/10 batch=500/3651 loss=0.4666
INFO:dh2a_kt.train.tier1:epoch=1/10 batch=1000/3651 loss=0.4455
INFO:dh2a_kt.train.tier1:epoch=1/10 batch=1500/3651 loss=0.4342
INFO:dh2a_kt.train.tier1:epoch=1/10 batch=2000/3651 loss=0.4255
INFO:dh2a_kt.train.tier1:epoch=1/10 batch=2500/3651 loss=0.4216
INFO:dh2a_kt.train.tier1:epoch=1/10 batch=3000/3651 loss=0.4184
INFO:dh2a_kt.train.tier1:epoch=1/10 batch=3500/3651 loss=0.4154
INFO:dh2a_kt.train.tier1:epoch=1/10 loss=0.4148 batches=3651 skipped_nonfinite=0
INFO:dh2a_kt.train.tier1:epoch=1/10 val_auc=0.8124 val_n=382836
INFO:dh2a_kt.train.tier1:epoch=2/10 batch=500/3651 loss=0.3904
INFO:dh2a_kt.train.tier1:epoch=2/10 batch=1000/3651 loss=0.3934
INFO:dh2a_kt.train.tier1:epoch=2/10 batch=1500/3651 loss=0.3930
INFO:dh2a_kt.train.tier1:epoch=2/10 batch=2000/3651 loss=0.3942
INFO:dh2a_kt.train.tier1:epoch=2/10 batch=2500/3651 loss=0.3936
INFO:dh2a_kt.train.tier1:epoch=2/10 batch=3000/3651 loss=0.3930
INFO:dh2a_kt.train.tier1:epoch=2/10 batch=3500/3651 loss=0.3935
INFO:dh2a_kt.train.tier1:epoch=2/10 loss=0.3931 batches=3651 skipped_nonfinite=0
INFO:dh2a_kt.train.tier1:epoch=2/10 val_auc=0.8172 val_n=382836
INFO:dh2a_kt.train.tier1:epoch=3/10 batch=500/3651 loss=0.3912
INFO:dh2a_kt.train.tier1:epoch=3/10 batch=1000/3651 loss=0.3912
INFO:dh2a_kt.train.tier1:epoch=3/10 batch=1500/3651 loss=0.3916
INFO:dh2a_kt.train.tier1:epoch=3/10 batch=2000/3651 loss=0.3910
INFO:dh2a_kt.train.tier1:epoch=3/10 batch=2500/3651 loss=0.3898
INFO:dh2a_kt.train.tier1:epoch=3/10 batch=3000/3651 loss=0.3897
INFO:dh2a_kt.train.tier1:epoch=3/10 batch=3500/3651 loss=0.3890
INFO:dh2a_kt.train.tier1:epoch=3/10 loss=0.3893 batches=3651 skipped_nonfinite=0
INFO:dh2a_kt.train.tier1:epoch=3/10 val_auc=0.8196 val_n=382836
INFO:dh2a_kt.train.tier1:epoch=4/10 batch=500/3651 loss=0.3868
INFO:dh2a_kt.train.tier1:epoch=4/10 batch=1000/3651 loss=0.3885
INFO:dh2a_kt.train.tier1:epoch=4/10 batch=1500/3651 loss=0.3872
INFO:dh2a_kt.train.tier1:epoch=4/10 batch=2000/3651 loss=0.3869
INFO:dh2a_kt.train.tier1:epoch=4/10 batch=2500/3651 loss=0.3870
INFO:dh2a_kt.train.tier1:epoch=4/10 batch=3000/3651 loss=0.3870
INFO:dh2a_kt.train.tier1:epoch=4/10 batch=3500/3651 loss=0.3867
INFO:dh2a_kt.train.tier1:epoch=4/10 loss=0.3867 batches=3651 skipped_nonfinite=0
INFO:dh2a_kt.train.tier1:epoch=4/10 val_auc=0.8206 val_n=382836
INFO:dh2a_kt.train.tier1:epoch=5/10 batch=500/3651 loss=0.3836
INFO:dh2a_kt.train.tier1:epoch=5/10 batch=1000/3651 loss=0.3854
INFO:dh2a_kt.train.tier1:epoch=5/10 batch=1500/3651 loss=0.3851
INFO:dh2a_kt.train.tier1:epoch=5/10 batch=2000/3651 loss=0.3853
INFO:dh2a_kt.train.tier1:epoch=5/10 batch=2500/3651 loss=0.3851
INFO:dh2a_kt.train.tier1:epoch=5/10 batch=3000/3651 loss=0.3849
INFO:dh2a_kt.train.tier1:epoch=5/10 batch=3500/3651 loss=0.3846
INFO:dh2a_kt.train.tier1:epoch=5/10 loss=0.3845 batches=3651 skipped_nonfinite=0
INFO:dh2a_kt.train.tier1:epoch=5/10 val_auc=0.8225 val_n=382836
INFO:dh2a_kt.train.tier1:epoch=6/10 batch=500/3651 loss=0.3807
INFO:dh2a_kt.train.tier1:epoch=6/10 batch=1000/3651 loss=0.3827
INFO:dh2a_kt.train.tier1:epoch=6/10 batch=1500/3651 loss=0.3829
INFO:dh2a_kt.train.tier1:epoch=6/10 batch=2000/3651 loss=0.3829
INFO:dh2a_kt.train.tier1:epoch=6/10 batch=2500/3651 loss=0.3818
INFO:dh2a_kt.train.tier1:epoch=6/10 batch=3000/3651 loss=0.3819
INFO:dh2a_kt.train.tier1:epoch=6/10 batch=3500/3651 loss=0.3823
INFO:dh2a_kt.train.tier1:epoch=6/10 loss=0.3823 batches=3651 skipped_nonfinite=0
INFO:dh2a_kt.train.tier1:epoch=6/10 val_auc=0.8241 val_n=382836
INFO:dh2a_kt.train.tier1:epoch=7/10 batch=500/3651 loss=0.3812
INFO:dh2a_kt.train.tier1:epoch=7/10 batch=1000/3651 loss=0.3805
INFO:dh2a_kt.train.tier1:epoch=7/10 batch=1500/3651 loss=0.3802
INFO:dh2a_kt.train.tier1:epoch=7/10 batch=2000/3651 loss=0.3798
INFO:dh2a_kt.train.tier1:epoch=7/10 batch=2500/3651 loss=0.3799
INFO:dh2a_kt.train.tier1:epoch=7/10 batch=3000/3651 loss=0.3800
INFO:dh2a_kt.train.tier1:epoch=7/10 batch=3500/3651 loss=0.3798
INFO:dh2a_kt.train.tier1:epoch=7/10 loss=0.3798 batches=3651 skipped_nonfinite=0
INFO:dh2a_kt.train.tier1:epoch=7/10 val_auc=0.8250 val_n=382836
INFO:dh2a_kt.train.tier1:epoch=8/10 batch=500/3651 loss=0.3784
INFO:dh2a_kt.train.tier1:epoch=8/10 batch=1000/3651 loss=0.3761
INFO:dh2a_kt.train.tier1:epoch=8/10 batch=1500/3651 loss=0.3764
INFO:dh2a_kt.train.tier1:epoch=8/10 batch=2000/3651 loss=0.3774
INFO:dh2a_kt.train.tier1:epoch=8/10 batch=2500/3651 loss=0.3781
INFO:dh2a_kt.train.tier1:epoch=8/10 batch=3000/3651 loss=0.3783
INFO:dh2a_kt.train.tier1:epoch=8/10 batch=3500/3651 loss=0.3787
INFO:dh2a_kt.train.tier1:epoch=8/10 loss=0.3789 batches=3651 skipped_nonfinite=0
INFO:dh2a_kt.train.tier1:epoch=8/10 val_auc=0.8259 val_n=382836
INFO:dh2a_kt.train.tier1:epoch=9/10 batch=500/3651 loss=0.3757
INFO:dh2a_kt.train.tier1:epoch=9/10 batch=1000/3651 loss=0.3758
INFO:dh2a_kt.train.tier1:epoch=9/10 batch=1500/3651 loss=0.3779
INFO:dh2a_kt.train.tier1:epoch=9/10 batch=2000/3651 loss=0.3779
INFO:dh2a_kt.train.tier1:epoch=9/10 batch=2500/3651 loss=0.3772
INFO:dh2a_kt.train.tier1:epoch=9/10 batch=3000/3651 loss=0.3776
INFO:dh2a_kt.train.tier1:epoch=9/10 batch=3500/3651 loss=0.3769
INFO:dh2a_kt.train.tier1:epoch=9/10 loss=0.3773 batches=3651 skipped_nonfinite=0
INFO:dh2a_kt.train.tier1:epoch=9/10 val_auc=0.8262 val_n=382836
INFO:dh2a_kt.train.tier1:epoch=10/10 batch=500/3651 loss=0.3749
INFO:dh2a_kt.train.tier1:epoch=10/10 batch=1000/3651 loss=0.3747
INFO:dh2a_kt.train.tier1:epoch=10/10 batch=1500/3651 loss=0.3760
INFO:dh2a_kt.train.tier1:epoch=10/10 batch=2000/3651 loss=0.3755
INFO:dh2a_kt.train.tier1:epoch=10/10 batch=2500/3651 loss=0.3752
INFO:dh2a_kt.train.tier1:epoch=10/10 batch=3000/3651 loss=0.3756
INFO:dh2a_kt.train.tier1:epoch=10/10 batch=3500/3651 loss=0.3758
INFO:dh2a_kt.train.tier1:epoch=10/10 loss=0.3761 batches=3651 skipped_nonfinite=0
INFO:dh2a_kt.train.tier1:epoch=10/10 val_auc=0.8265 val_n=382836
INFO:dh2a_kt.train.tier1:restored best epoch=10 train_loss=0.3761 val_auc=0.8265 (of 10)
INFO:dh2a_kt.train.tier1:wrote DH2-KT checkpoint -> D:\TUAN\DH2A-KT\DH2A-KT\results\checkpoints\xes3g5m_fold0_ladder_package-capacity_no-time-param-padded_s2024.pt
[fold 0] AUC=0.8276 val_auc=0.8265 n_predictions=1640242

Wrote comparison table: D:\TUAN\DH2A-KT\DH2A-KT\results\tables\dh2_kt_ladder_package-capacity_no-time-param-padded_s2024_vs_p0.csv
dataset fold reference_model   p0_auc  dh2_kt_auc  delta_auc budget_reference  batch_size  epochs comparison_type                                                                           budget_note  n_predictions  val_auc
xes3g5m    0             gkt 0.833644    0.827582  -0.006063              gkt           4      10   observational clean protocol (repeat-row targets masked): AUC is NOT comparable to the P0 baselines        1640242 0.826507
xes3g5m    0        simplekt 0.874720    0.827582  -0.047138              gkt           4      10   observational clean protocol (repeat-row targets masked): AUC is NOT comparable to the P0 baselines        1640242 0.826507
xes3g5m mean             gkt 0.833644    0.827582  -0.006063              gkt           4      10   observational clean protocol (repeat-row targets masked): AUC is NOT comparable to the P0 baselines        1640242 0.826507
xes3g5m mean        simplekt 0.874720    0.827582  -0.047138              gkt           4      10   observational clean protocol (repeat-row targets masked): AUC is NOT comparable to the P0 baselines        1640242 0.826507
