dataset=xes3g5m architecture=v4 tag=ladder_package-capacity_no-time-param-padded_s17 hyperedge_source=from config no_graph=False use_questions=True window_mode=chunked val_frac=0.1 mask_repeats=True seed=17 recap_attention=False question_kc_agg=False question_graph=True question_incidence_control=zero question_hypergraph=False hint_hypergraph=False full_qmatrix=False time_gap=False time_gap_mode=both time_gap_control=real time_split=False concept_forget=False saw_input=False group_embed=False expert_graph=False memory_dim=16 max_degree=16 graph_transport=0.5 event_pool=mean transport=clique hyperedge_embed=False kind_conditioned=False graph_dropout=0.15 laux=1.0 budget=gkt matched_p0=False batch=4 epochs=10 lr=0.001 max_seq_len=400
NOTE: clean protocol (repeat-row targets masked): AUC is NOT comparable to the P0 baselines
INFO:src.io_utils:Loading interactions from D:\TUAN\DH2A-KT\DH2A-KT\external\p0_leakage_audit\data\processed\xes3g5m.parquet
INFO:src.io_utils:Loaded interactions shape=(6413353, 5)

[fold 0] loading splits + e_pre...
INFO:src.split_checker:Creating learner split shape=(6413353, 6) ratios=(0.7, 0.1, 0.2) seed=42
INFO:src.split_checker:Created split sizes={'train': 4490513, 'valid': 640917, 'test': 1281923}
INFO:dh2a_kt.hyperedge.construction:Built 788818 session hyperedges (fold=0 gap=1800.0s)
[fold 0] session hyperedges: built=788818 selected=20000
INFO:dh2a_kt.train.tier1:seed=17 (weight init and batch order)
INFO:dh2a_kt.train.tier1:Building concept-prerequisite hyperedges source=chain fold=0
INFO:dh2a_kt.hyperedge.construction:Built 446305 concept-prerequisite hyperedges (fold=0)
INFO:dh2a_kt.train.tier1:Added 20000 session hyperedges (concept projection) for training
INFO:dh2a_kt.train.tier1:question_graph: registered Q–KC incidence for 0/7652 items (mean degree=0.00, full_qmatrix=False, control=zero; observed links=8848 across 7602 items)
INFO:dh2a_kt.train.tier1:train_fold: architecture=v4 concepts=865 exercises=7652 hyperedges=466305 kinds=['concept_prerequisite', 'session'] device=cuda
INFO:dh2a_kt.train.tier1:internal selection split: 11381 train users / 1265 val users (val_frac=0.10)
INFO:dh2a_kt.train.tier1:UserSequenceDataset: 14601 windows (mode=chunked) from 4041573 interactions
INFO:dh2a_kt.train.tier1:UserSequenceDataset: 6954 windows (mode=chunked) from 1922840 interactions
INFO:dh2a_kt.train.tier1:UserSequenceDataset: 1627 windows (mode=chunked) from 448940 interactions
INFO:dh2a_kt.train.tier1:clean protocol: repeat-row targets excluded from the loss and from val AUC
INFO:dh2a_kt.train.tier1:epoch=1/10 batch=500/3651 loss=0.4669
INFO:dh2a_kt.train.tier1:epoch=1/10 batch=1000/3651 loss=0.4427
INFO:dh2a_kt.train.tier1:epoch=1/10 batch=1500/3651 loss=0.4329
INFO:dh2a_kt.train.tier1:epoch=1/10 batch=2000/3651 loss=0.4267
INFO:dh2a_kt.train.tier1:epoch=1/10 batch=2500/3651 loss=0.4219
INFO:dh2a_kt.train.tier1:epoch=1/10 batch=3000/3651 loss=0.4190
INFO:dh2a_kt.train.tier1:epoch=1/10 batch=3500/3651 loss=0.4158
INFO:dh2a_kt.train.tier1:epoch=1/10 loss=0.4152 batches=3651 skipped_nonfinite=0
INFO:dh2a_kt.train.tier1:epoch=1/10 val_auc=0.8120 val_n=382836
INFO:dh2a_kt.train.tier1:epoch=2/10 batch=500/3651 loss=0.3945
INFO:dh2a_kt.train.tier1:epoch=2/10 batch=1000/3651 loss=0.3937
INFO:dh2a_kt.train.tier1:epoch=2/10 batch=1500/3651 loss=0.3937
INFO:dh2a_kt.train.tier1:epoch=2/10 batch=2000/3651 loss=0.3932
INFO:dh2a_kt.train.tier1:epoch=2/10 batch=2500/3651 loss=0.3935
INFO:dh2a_kt.train.tier1:epoch=2/10 batch=3000/3651 loss=0.3934
INFO:dh2a_kt.train.tier1:epoch=2/10 batch=3500/3651 loss=0.3939
INFO:dh2a_kt.train.tier1:epoch=2/10 loss=0.3938 batches=3651 skipped_nonfinite=0
INFO:dh2a_kt.train.tier1:epoch=2/10 val_auc=0.8173 val_n=382836
INFO:dh2a_kt.train.tier1:epoch=3/10 batch=500/3651 loss=0.3888
INFO:dh2a_kt.train.tier1:epoch=3/10 batch=1000/3651 loss=0.3886
INFO:dh2a_kt.train.tier1:epoch=3/10 batch=1500/3651 loss=0.3876
INFO:dh2a_kt.train.tier1:epoch=3/10 batch=2000/3651 loss=0.3880
INFO:dh2a_kt.train.tier1:epoch=3/10 batch=2500/3651 loss=0.3882
INFO:dh2a_kt.train.tier1:epoch=3/10 batch=3000/3651 loss=0.3890
INFO:dh2a_kt.train.tier1:epoch=3/10 batch=3500/3651 loss=0.3898
INFO:dh2a_kt.train.tier1:epoch=3/10 loss=0.3898 batches=3651 skipped_nonfinite=0
INFO:dh2a_kt.train.tier1:epoch=3/10 val_auc=0.8183 val_n=382836
INFO:dh2a_kt.train.tier1:epoch=4/10 batch=500/3651 loss=0.3920
INFO:dh2a_kt.train.tier1:epoch=4/10 batch=1000/3651 loss=0.3883
INFO:dh2a_kt.train.tier1:epoch=4/10 batch=1500/3651 loss=0.3875
INFO:dh2a_kt.train.tier1:epoch=4/10 batch=2000/3651 loss=0.3871
INFO:dh2a_kt.train.tier1:epoch=4/10 batch=2500/3651 loss=0.3878
INFO:dh2a_kt.train.tier1:epoch=4/10 batch=3000/3651 loss=0.3868
INFO:dh2a_kt.train.tier1:epoch=4/10 batch=3500/3651 loss=0.3864
INFO:dh2a_kt.train.tier1:epoch=4/10 loss=0.3868 batches=3651 skipped_nonfinite=0
INFO:dh2a_kt.train.tier1:epoch=4/10 val_auc=0.8206 val_n=382836
INFO:dh2a_kt.train.tier1:epoch=5/10 batch=500/3651 loss=0.3842
INFO:dh2a_kt.train.tier1:epoch=5/10 batch=1000/3651 loss=0.3860
INFO:dh2a_kt.train.tier1:epoch=5/10 batch=1500/3651 loss=0.3868
INFO:dh2a_kt.train.tier1:epoch=5/10 batch=2000/3651 loss=0.3849
INFO:dh2a_kt.train.tier1:epoch=5/10 batch=2500/3651 loss=0.3852
INFO:dh2a_kt.train.tier1:epoch=5/10 batch=3000/3651 loss=0.3840
INFO:dh2a_kt.train.tier1:epoch=5/10 batch=3500/3651 loss=0.3848
INFO:dh2a_kt.train.tier1:epoch=5/10 loss=0.3844 batches=3651 skipped_nonfinite=0
INFO:dh2a_kt.train.tier1:epoch=5/10 val_auc=0.8213 val_n=382836
INFO:dh2a_kt.train.tier1:epoch=6/10 batch=500/3651 loss=0.3866
INFO:dh2a_kt.train.tier1:epoch=6/10 batch=1000/3651 loss=0.3860
INFO:dh2a_kt.train.tier1:epoch=6/10 batch=1500/3651 loss=0.3850
INFO:dh2a_kt.train.tier1:epoch=6/10 batch=2000/3651 loss=0.3844
INFO:dh2a_kt.train.tier1:epoch=6/10 batch=2500/3651 loss=0.3836
INFO:dh2a_kt.train.tier1:epoch=6/10 batch=3000/3651 loss=0.3835
INFO:dh2a_kt.train.tier1:epoch=6/10 batch=3500/3651 loss=0.3828
INFO:dh2a_kt.train.tier1:epoch=6/10 loss=0.3826 batches=3651 skipped_nonfinite=0
INFO:dh2a_kt.train.tier1:epoch=6/10 val_auc=0.8229 val_n=382836
INFO:dh2a_kt.train.tier1:epoch=7/10 batch=500/3651 loss=0.3793
INFO:dh2a_kt.train.tier1:epoch=7/10 batch=1000/3651 loss=0.3794
INFO:dh2a_kt.train.tier1:epoch=7/10 batch=1500/3651 loss=0.3778
INFO:dh2a_kt.train.tier1:epoch=7/10 batch=2000/3651 loss=0.3790
INFO:dh2a_kt.train.tier1:epoch=7/10 batch=2500/3651 loss=0.3795
INFO:dh2a_kt.train.tier1:epoch=7/10 batch=3000/3651 loss=0.3802
INFO:dh2a_kt.train.tier1:epoch=7/10 batch=3500/3651 loss=0.3805
INFO:dh2a_kt.train.tier1:epoch=7/10 loss=0.3806 batches=3651 skipped_nonfinite=0
INFO:dh2a_kt.train.tier1:epoch=7/10 val_auc=0.8247 val_n=382836
INFO:dh2a_kt.train.tier1:epoch=8/10 batch=500/3651 loss=0.3817
INFO:dh2a_kt.train.tier1:epoch=8/10 batch=1000/3651 loss=0.3793
INFO:dh2a_kt.train.tier1:epoch=8/10 batch=1500/3651 loss=0.3790
INFO:dh2a_kt.train.tier1:epoch=8/10 batch=2000/3651 loss=0.3787
INFO:dh2a_kt.train.tier1:epoch=8/10 batch=2500/3651 loss=0.3786
INFO:dh2a_kt.train.tier1:epoch=8/10 batch=3000/3651 loss=0.3788
INFO:dh2a_kt.train.tier1:epoch=8/10 batch=3500/3651 loss=0.3789
INFO:dh2a_kt.train.tier1:epoch=8/10 loss=0.3788 batches=3651 skipped_nonfinite=0
INFO:dh2a_kt.train.tier1:epoch=8/10 val_auc=0.8253 val_n=382836
INFO:dh2a_kt.train.tier1:epoch=9/10 batch=500/3651 loss=0.3736
INFO:dh2a_kt.train.tier1:epoch=9/10 batch=1000/3651 loss=0.3739
INFO:dh2a_kt.train.tier1:epoch=9/10 batch=1500/3651 loss=0.3757
INFO:dh2a_kt.train.tier1:epoch=9/10 batch=2000/3651 loss=0.3766
INFO:dh2a_kt.train.tier1:epoch=9/10 batch=2500/3651 loss=0.3768
INFO:dh2a_kt.train.tier1:epoch=9/10 batch=3000/3651 loss=0.3771
INFO:dh2a_kt.train.tier1:epoch=9/10 batch=3500/3651 loss=0.3773
INFO:dh2a_kt.train.tier1:epoch=9/10 loss=0.3771 batches=3651 skipped_nonfinite=0
INFO:dh2a_kt.train.tier1:epoch=9/10 val_auc=0.8263 val_n=382836
INFO:dh2a_kt.train.tier1:epoch=10/10 batch=500/3651 loss=0.3726
INFO:dh2a_kt.train.tier1:epoch=10/10 batch=1000/3651 loss=0.3741
INFO:dh2a_kt.train.tier1:epoch=10/10 batch=1500/3651 loss=0.3762
INFO:dh2a_kt.train.tier1:epoch=10/10 batch=2000/3651 loss=0.3759
INFO:dh2a_kt.train.tier1:epoch=10/10 batch=2500/3651 loss=0.3762
INFO:dh2a_kt.train.tier1:epoch=10/10 batch=3000/3651 loss=0.3763
INFO:dh2a_kt.train.tier1:epoch=10/10 batch=3500/3651 loss=0.3765
INFO:dh2a_kt.train.tier1:epoch=10/10 loss=0.3758 batches=3651 skipped_nonfinite=0
INFO:dh2a_kt.train.tier1:epoch=10/10 val_auc=0.8264 val_n=382836
INFO:dh2a_kt.train.tier1:restored best epoch=10 train_loss=0.3758 val_auc=0.8264 (of 10)
INFO:dh2a_kt.train.tier1:wrote DH2-KT checkpoint -> D:\TUAN\DH2A-KT\DH2A-KT\results\checkpoints\xes3g5m_fold0_ladder_package-capacity_no-time-param-padded_s17.pt
[fold 0] AUC=0.8274 val_auc=0.8264 n_predictions=1640242

Wrote comparison table: D:\TUAN\DH2A-KT\DH2A-KT\results\tables\dh2_kt_ladder_package-capacity_no-time-param-padded_s17_vs_p0.csv
dataset fold reference_model   p0_auc  dh2_kt_auc  delta_auc budget_reference  batch_size  epochs comparison_type                                                                           budget_note  n_predictions  val_auc
xes3g5m    0             gkt 0.833644     0.82741  -0.006235              gkt           4      10   observational clean protocol (repeat-row targets masked): AUC is NOT comparable to the P0 baselines        1640242   0.8264
xes3g5m    0        simplekt 0.874720     0.82741  -0.047310              gkt           4      10   observational clean protocol (repeat-row targets masked): AUC is NOT comparable to the P0 baselines        1640242   0.8264
xes3g5m mean             gkt 0.833644     0.82741  -0.006235              gkt           4      10   observational clean protocol (repeat-row targets masked): AUC is NOT comparable to the P0 baselines        1640242   0.8264
xes3g5m mean        simplekt 0.874720     0.82741  -0.047310              gkt           4      10   observational clean protocol (repeat-row targets masked): AUC is NOT comparable to the P0 baselines        1640242   0.8264
