dataset=xes3g5m architecture=v4 tag=ladder_package-capacity_no-time-param-padded_s1234 hyperedge_source=from config no_graph=False use_questions=True window_mode=chunked val_frac=0.1 mask_repeats=True seed=1234 recap_attention=False question_kc_agg=False question_graph=True question_incidence_control=zero question_hypergraph=False hint_hypergraph=False full_qmatrix=False time_gap=False time_gap_mode=both time_gap_control=real time_split=False concept_forget=False saw_input=False group_embed=False expert_graph=False memory_dim=16 max_degree=16 graph_transport=0.5 event_pool=mean transport=clique hyperedge_embed=False kind_conditioned=False graph_dropout=0.15 laux=1.0 budget=gkt matched_p0=False batch=4 epochs=10 lr=0.001 max_seq_len=400
NOTE: clean protocol (repeat-row targets masked): AUC is NOT comparable to the P0 baselines
INFO:src.io_utils:Loading interactions from D:\TUAN\DH2A-KT\DH2A-KT\external\p0_leakage_audit\data\processed\xes3g5m.parquet
INFO:src.io_utils:Loaded interactions shape=(6413353, 5)

[fold 0] loading splits + e_pre...
INFO:src.split_checker:Creating learner split shape=(6413353, 6) ratios=(0.7, 0.1, 0.2) seed=42
INFO:src.split_checker:Created split sizes={'train': 4490513, 'valid': 640917, 'test': 1281923}
INFO:dh2a_kt.hyperedge.construction:Built 788818 session hyperedges (fold=0 gap=1800.0s)
[fold 0] session hyperedges: built=788818 selected=20000
INFO:dh2a_kt.train.tier1:seed=1234 (weight init and batch order)
INFO:dh2a_kt.train.tier1:Building concept-prerequisite hyperedges source=chain fold=0
INFO:dh2a_kt.hyperedge.construction:Built 446305 concept-prerequisite hyperedges (fold=0)
INFO:dh2a_kt.train.tier1:Added 20000 session hyperedges (concept projection) for training
INFO:dh2a_kt.train.tier1:question_graph: registered Q–KC incidence for 0/7652 items (mean degree=0.00, full_qmatrix=False, control=zero; observed links=8848 across 7602 items)
INFO:dh2a_kt.train.tier1:train_fold: architecture=v4 concepts=865 exercises=7652 hyperedges=466305 kinds=['concept_prerequisite', 'session'] device=cuda
INFO:dh2a_kt.train.tier1:internal selection split: 11381 train users / 1265 val users (val_frac=0.10)
INFO:dh2a_kt.train.tier1:UserSequenceDataset: 14601 windows (mode=chunked) from 4041573 interactions
INFO:dh2a_kt.train.tier1:UserSequenceDataset: 6954 windows (mode=chunked) from 1922840 interactions
INFO:dh2a_kt.train.tier1:UserSequenceDataset: 1627 windows (mode=chunked) from 448940 interactions
INFO:dh2a_kt.train.tier1:clean protocol: repeat-row targets excluded from the loss and from val AUC
INFO:dh2a_kt.train.tier1:epoch=1/10 batch=500/3651 loss=0.4717
INFO:dh2a_kt.train.tier1:epoch=1/10 batch=1000/3651 loss=0.4467
INFO:dh2a_kt.train.tier1:epoch=1/10 batch=1500/3651 loss=0.4349
INFO:dh2a_kt.train.tier1:epoch=1/10 batch=2000/3651 loss=0.4271
INFO:dh2a_kt.train.tier1:epoch=1/10 batch=2500/3651 loss=0.4223
INFO:dh2a_kt.train.tier1:epoch=1/10 batch=3000/3651 loss=0.4185
INFO:dh2a_kt.train.tier1:epoch=1/10 batch=3500/3651 loss=0.4159
INFO:dh2a_kt.train.tier1:epoch=1/10 loss=0.4150 batches=3651 skipped_nonfinite=0
INFO:dh2a_kt.train.tier1:epoch=1/10 val_auc=0.8126 val_n=382836
INFO:dh2a_kt.train.tier1:epoch=2/10 batch=500/3651 loss=0.4020
INFO:dh2a_kt.train.tier1:epoch=2/10 batch=1000/3651 loss=0.3963
INFO:dh2a_kt.train.tier1:epoch=2/10 batch=1500/3651 loss=0.3962
INFO:dh2a_kt.train.tier1:epoch=2/10 batch=2000/3651 loss=0.3951
INFO:dh2a_kt.train.tier1:epoch=2/10 batch=2500/3651 loss=0.3946
INFO:dh2a_kt.train.tier1:epoch=2/10 batch=3000/3651 loss=0.3938
INFO:dh2a_kt.train.tier1:epoch=2/10 batch=3500/3651 loss=0.3938
INFO:dh2a_kt.train.tier1:epoch=2/10 loss=0.3938 batches=3651 skipped_nonfinite=0
INFO:dh2a_kt.train.tier1:epoch=2/10 val_auc=0.8171 val_n=382836
INFO:dh2a_kt.train.tier1:epoch=3/10 batch=500/3651 loss=0.3872
INFO:dh2a_kt.train.tier1:epoch=3/10 batch=1000/3651 loss=0.3888
INFO:dh2a_kt.train.tier1:epoch=3/10 batch=1500/3651 loss=0.3893
INFO:dh2a_kt.train.tier1:epoch=3/10 batch=2000/3651 loss=0.3886
INFO:dh2a_kt.train.tier1:epoch=3/10 batch=2500/3651 loss=0.3886
INFO:dh2a_kt.train.tier1:epoch=3/10 batch=3000/3651 loss=0.3886
INFO:dh2a_kt.train.tier1:epoch=3/10 batch=3500/3651 loss=0.3892
INFO:dh2a_kt.train.tier1:epoch=3/10 loss=0.3890 batches=3651 skipped_nonfinite=0
INFO:dh2a_kt.train.tier1:epoch=3/10 val_auc=0.8191 val_n=382836
INFO:dh2a_kt.train.tier1:epoch=4/10 batch=500/3651 loss=0.3886
INFO:dh2a_kt.train.tier1:epoch=4/10 batch=1000/3651 loss=0.3889
INFO:dh2a_kt.train.tier1:epoch=4/10 batch=1500/3651 loss=0.3880
INFO:dh2a_kt.train.tier1:epoch=4/10 batch=2000/3651 loss=0.3884
INFO:dh2a_kt.train.tier1:epoch=4/10 batch=2500/3651 loss=0.3881
INFO:dh2a_kt.train.tier1:epoch=4/10 batch=3000/3651 loss=0.3876
INFO:dh2a_kt.train.tier1:epoch=4/10 batch=3500/3651 loss=0.3873
INFO:dh2a_kt.train.tier1:epoch=4/10 loss=0.3869 batches=3651 skipped_nonfinite=0
INFO:dh2a_kt.train.tier1:epoch=4/10 val_auc=0.8210 val_n=382836
INFO:dh2a_kt.train.tier1:epoch=5/10 batch=500/3651 loss=0.3804
INFO:dh2a_kt.train.tier1:epoch=5/10 batch=1000/3651 loss=0.3839
INFO:dh2a_kt.train.tier1:epoch=5/10 batch=1500/3651 loss=0.3831
INFO:dh2a_kt.train.tier1:epoch=5/10 batch=2000/3651 loss=0.3852
INFO:dh2a_kt.train.tier1:epoch=5/10 batch=2500/3651 loss=0.3854
INFO:dh2a_kt.train.tier1:epoch=5/10 batch=3000/3651 loss=0.3854
INFO:dh2a_kt.train.tier1:epoch=5/10 batch=3500/3651 loss=0.3850
INFO:dh2a_kt.train.tier1:epoch=5/10 loss=0.3848 batches=3651 skipped_nonfinite=0
INFO:dh2a_kt.train.tier1:epoch=5/10 val_auc=0.8220 val_n=382836
INFO:dh2a_kt.train.tier1:epoch=6/10 batch=500/3651 loss=0.3784
INFO:dh2a_kt.train.tier1:epoch=6/10 batch=1000/3651 loss=0.3809
INFO:dh2a_kt.train.tier1:epoch=6/10 batch=1500/3651 loss=0.3825
INFO:dh2a_kt.train.tier1:epoch=6/10 batch=2000/3651 loss=0.3811
INFO:dh2a_kt.train.tier1:epoch=6/10 batch=2500/3651 loss=0.3818
INFO:dh2a_kt.train.tier1:epoch=6/10 batch=3000/3651 loss=0.3822
INFO:dh2a_kt.train.tier1:epoch=6/10 batch=3500/3651 loss=0.3823
INFO:dh2a_kt.train.tier1:epoch=6/10 loss=0.3822 batches=3651 skipped_nonfinite=0
INFO:dh2a_kt.train.tier1:epoch=6/10 val_auc=0.8235 val_n=382836
INFO:dh2a_kt.train.tier1:epoch=7/10 batch=500/3651 loss=0.3792
INFO:dh2a_kt.train.tier1:epoch=7/10 batch=1000/3651 loss=0.3791
INFO:dh2a_kt.train.tier1:epoch=7/10 batch=1500/3651 loss=0.3793
INFO:dh2a_kt.train.tier1:epoch=7/10 batch=2000/3651 loss=0.3791
INFO:dh2a_kt.train.tier1:epoch=7/10 batch=2500/3651 loss=0.3796
INFO:dh2a_kt.train.tier1:epoch=7/10 batch=3000/3651 loss=0.3794
INFO:dh2a_kt.train.tier1:epoch=7/10 batch=3500/3651 loss=0.3800
INFO:dh2a_kt.train.tier1:epoch=7/10 loss=0.3799 batches=3651 skipped_nonfinite=0
INFO:dh2a_kt.train.tier1:epoch=7/10 val_auc=0.8250 val_n=382836
INFO:dh2a_kt.train.tier1:epoch=8/10 batch=500/3651 loss=0.3753
INFO:dh2a_kt.train.tier1:epoch=8/10 batch=1000/3651 loss=0.3755
INFO:dh2a_kt.train.tier1:epoch=8/10 batch=1500/3651 loss=0.3763
INFO:dh2a_kt.train.tier1:epoch=8/10 batch=2000/3651 loss=0.3772
INFO:dh2a_kt.train.tier1:epoch=8/10 batch=2500/3651 loss=0.3781
INFO:dh2a_kt.train.tier1:epoch=8/10 batch=3000/3651 loss=0.3779
INFO:dh2a_kt.train.tier1:epoch=8/10 batch=3500/3651 loss=0.3783
INFO:dh2a_kt.train.tier1:epoch=8/10 loss=0.3783 batches=3651 skipped_nonfinite=0
INFO:dh2a_kt.train.tier1:epoch=8/10 val_auc=0.8257 val_n=382836
INFO:dh2a_kt.train.tier1:epoch=9/10 batch=500/3651 loss=0.3796
INFO:dh2a_kt.train.tier1:epoch=9/10 batch=1000/3651 loss=0.3808
INFO:dh2a_kt.train.tier1:epoch=9/10 batch=1500/3651 loss=0.3784
INFO:dh2a_kt.train.tier1:epoch=9/10 batch=2000/3651 loss=0.3767
INFO:dh2a_kt.train.tier1:epoch=9/10 batch=2500/3651 loss=0.3768
INFO:dh2a_kt.train.tier1:epoch=9/10 batch=3000/3651 loss=0.3765
INFO:dh2a_kt.train.tier1:epoch=9/10 batch=3500/3651 loss=0.3776
INFO:dh2a_kt.train.tier1:epoch=9/10 loss=0.3771 batches=3651 skipped_nonfinite=0
INFO:dh2a_kt.train.tier1:epoch=9/10 val_auc=0.8260 val_n=382836
INFO:dh2a_kt.train.tier1:epoch=10/10 batch=500/3651 loss=0.3769
INFO:dh2a_kt.train.tier1:epoch=10/10 batch=1000/3651 loss=0.3759
INFO:dh2a_kt.train.tier1:epoch=10/10 batch=1500/3651 loss=0.3766
INFO:dh2a_kt.train.tier1:epoch=10/10 batch=2000/3651 loss=0.3760
INFO:dh2a_kt.train.tier1:epoch=10/10 batch=2500/3651 loss=0.3753
INFO:dh2a_kt.train.tier1:epoch=10/10 batch=3000/3651 loss=0.3759
INFO:dh2a_kt.train.tier1:epoch=10/10 batch=3500/3651 loss=0.3761
INFO:dh2a_kt.train.tier1:epoch=10/10 loss=0.3759 batches=3651 skipped_nonfinite=0
INFO:dh2a_kt.train.tier1:epoch=10/10 val_auc=0.8264 val_n=382836
INFO:dh2a_kt.train.tier1:restored best epoch=10 train_loss=0.3759 val_auc=0.8264 (of 10)
INFO:dh2a_kt.train.tier1:wrote DH2-KT checkpoint -> D:\TUAN\DH2A-KT\DH2A-KT\results\checkpoints\xes3g5m_fold0_ladder_package-capacity_no-time-param-padded_s1234.pt
[fold 0] AUC=0.8275 val_auc=0.8264 n_predictions=1640242

Wrote comparison table: D:\TUAN\DH2A-KT\DH2A-KT\results\tables\dh2_kt_ladder_package-capacity_no-time-param-padded_s1234_vs_p0.csv
dataset fold reference_model   p0_auc  dh2_kt_auc  delta_auc budget_reference  batch_size  epochs comparison_type                                                                           budget_note  n_predictions  val_auc
xes3g5m    0             gkt 0.833644    0.827532  -0.006112              gkt           4      10   observational clean protocol (repeat-row targets masked): AUC is NOT comparable to the P0 baselines        1640242 0.826373
xes3g5m    0        simplekt 0.874720    0.827532  -0.047188              gkt           4      10   observational clean protocol (repeat-row targets masked): AUC is NOT comparable to the P0 baselines        1640242 0.826373
xes3g5m mean             gkt 0.833644    0.827532  -0.006112              gkt           4      10   observational clean protocol (repeat-row targets masked): AUC is NOT comparable to the P0 baselines        1640242 0.826373
xes3g5m mean        simplekt 0.874720    0.827532  -0.047188              gkt           4      10   observational clean protocol (repeat-row targets masked): AUC is NOT comparable to the P0 baselines        1640242 0.826373
