dataset=xes3g5m architecture=v4 tag=ladder_xes-fold2_time-package_s17 hyperedge_source=from config no_graph=True use_questions=True window_mode=chunked val_frac=0.1 mask_repeats=True seed=17 sequence_encoder=lstm n_attn_layers=2 n_attn_heads=4 time_gap_pad=False recap_attention=False question_kc_agg=False question_graph=True question_incidence_control=zero question_hypergraph=False hint_hypergraph=False full_qmatrix=False time_gap=True time_gap_mode=both time_gap_control=real time_split=False concept_forget=False saw_input=False group_embed=False expert_graph=False memory_dim=16 max_degree=16 graph_transport=0.5 event_pool=mean transport=clique hyperedge_embed=False kind_conditioned=False graph_dropout=0.0 laux=0.0 budget=gkt matched_p0=False batch=16 epochs=30 lr=0.001 max_seq_len=400
NOTE: tuned budget (batch=16, epochs=30); P0 gkt used batch=4, epochs=10; clean protocol (repeat-row targets masked): AUC is NOT comparable to the P0 baselines
INFO:src.io_utils:Loading interactions from D:\TUAN\DH2A-KT\DH2A-KT\external\p0_leakage_audit\data\processed\xes3g5m.parquet
INFO:src.io_utils:Loaded interactions shape=(6413353, 5)

[fold 2] loading splits + e_pre...
INFO:src.split_checker:Creating learner split shape=(6413353, 6) ratios=(0.7, 0.1, 0.2) seed=42
INFO:src.split_checker:Created split sizes={'train': 4490513, 'valid': 640917, 'test': 1281923}
INFO:src.split_checker:Creating learner split shape=(6413353, 6) ratios=(0.7, 0.1, 0.2) seed=43
INFO:src.split_checker:Created split sizes={'train': 4490412, 'valid': 641760, 'test': 1281181}
INFO:src.split_checker:Creating learner split shape=(6413353, 6) ratios=(0.7, 0.1, 0.2) seed=44
INFO:src.split_checker:Created split sizes={'train': 4493120, 'valid': 640606, 'test': 1279627}
INFO:dh2a_kt.train.tier1:seed=17 (weight init and batch order)
INFO:dh2a_kt.train.tier1:Building concept-prerequisite hyperedges source=chain fold=2
INFO:dh2a_kt.hyperedge.construction:Built 439891 concept-prerequisite hyperedges (fold=2)
INFO:dh2a_kt.train.tier1:use_graph=False: training with zero hyperedges (graph ablation)
INFO:dh2a_kt.train.tier1:question_graph: registered Q–KC incidence for 0/7652 items (mean degree=0.00, full_qmatrix=False, control=zero; observed links=8823 across 7579 items)
INFO:dh2a_kt.train.tier1:train_fold: architecture=v4 concepts=865 exercises=7652 hyperedges=0 kinds=['concept_prerequisite'] device=cuda
INFO:dh2a_kt.train.tier1:internal selection split: 11381 train users / 1265 val users (val_frac=0.10)
INFO:dh2a_kt.train.tier1:UserSequenceDataset: 14624 windows (mode=chunked) from 4041466 interactions
INFO:dh2a_kt.train.tier1:UserSequenceDataset: 6920 windows (mode=chunked) from 1920233 interactions
INFO:dh2a_kt.train.tier1:UserSequenceDataset: 1638 windows (mode=chunked) from 451654 interactions
INFO:dh2a_kt.train.tier1:clean protocol: repeat-row targets excluded from the loss and from val AUC
INFO:dh2a_kt.train.tier1:epoch=1/30 batch=500/914 loss=0.4517
INFO:dh2a_kt.train.tier1:epoch=1/30 loss=0.4303 batches=914 skipped_nonfinite=0
INFO:dh2a_kt.train.tier1:epoch=1/30 val_auc=0.8120 val_n=385368
INFO:dh2a_kt.train.tier1:epoch=2/30 batch=500/914 loss=0.4004
INFO:dh2a_kt.train.tier1:epoch=2/30 loss=0.3966 batches=914 skipped_nonfinite=0
INFO:dh2a_kt.train.tier1:epoch=2/30 val_auc=0.8194 val_n=385368
INFO:dh2a_kt.train.tier1:epoch=3/30 batch=500/914 loss=0.3898
INFO:dh2a_kt.train.tier1:epoch=3/30 loss=0.3915 batches=914 skipped_nonfinite=0
INFO:dh2a_kt.train.tier1:epoch=3/30 val_auc=0.8214 val_n=385368
INFO:dh2a_kt.train.tier1:epoch=4/30 batch=500/914 loss=0.3882
INFO:dh2a_kt.train.tier1:epoch=4/30 loss=0.3881 batches=914 skipped_nonfinite=0
INFO:dh2a_kt.train.tier1:epoch=4/30 val_auc=0.8223 val_n=385368
INFO:dh2a_kt.train.tier1:epoch=5/30 batch=500/914 loss=0.3865
INFO:dh2a_kt.train.tier1:epoch=5/30 loss=0.3863 batches=914 skipped_nonfinite=0
INFO:dh2a_kt.train.tier1:epoch=5/30 val_auc=0.8242 val_n=385368
INFO:dh2a_kt.train.tier1:epoch=6/30 batch=500/914 loss=0.3846
INFO:dh2a_kt.train.tier1:epoch=6/30 loss=0.3848 batches=914 skipped_nonfinite=0
INFO:dh2a_kt.train.tier1:epoch=6/30 val_auc=0.8258 val_n=385368
INFO:dh2a_kt.train.tier1:epoch=7/30 batch=500/914 loss=0.3824
INFO:dh2a_kt.train.tier1:epoch=7/30 loss=0.3829 batches=914 skipped_nonfinite=0
INFO:dh2a_kt.train.tier1:epoch=7/30 val_auc=0.8260 val_n=385368
INFO:dh2a_kt.train.tier1:epoch=8/30 batch=500/914 loss=0.3802
INFO:dh2a_kt.train.tier1:epoch=8/30 loss=0.3810 batches=914 skipped_nonfinite=0
INFO:dh2a_kt.train.tier1:epoch=8/30 val_auc=0.8276 val_n=385368
INFO:dh2a_kt.train.tier1:epoch=9/30 batch=500/914 loss=0.3814
INFO:dh2a_kt.train.tier1:epoch=9/30 loss=0.3797 batches=914 skipped_nonfinite=0
INFO:dh2a_kt.train.tier1:epoch=9/30 val_auc=0.8285 val_n=385368
INFO:dh2a_kt.train.tier1:epoch=10/30 batch=500/914 loss=0.3774
INFO:dh2a_kt.train.tier1:epoch=10/30 loss=0.3785 batches=914 skipped_nonfinite=0
INFO:dh2a_kt.train.tier1:epoch=10/30 val_auc=0.8289 val_n=385368
INFO:dh2a_kt.train.tier1:epoch=11/30 batch=500/914 loss=0.3786
INFO:dh2a_kt.train.tier1:epoch=11/30 loss=0.3772 batches=914 skipped_nonfinite=0
INFO:dh2a_kt.train.tier1:epoch=11/30 val_auc=0.8291 val_n=385368
INFO:dh2a_kt.train.tier1:epoch=12/30 batch=500/914 loss=0.3768
INFO:dh2a_kt.train.tier1:epoch=12/30 loss=0.3763 batches=914 skipped_nonfinite=0
INFO:dh2a_kt.train.tier1:epoch=12/30 val_auc=0.8299 val_n=385368
INFO:dh2a_kt.train.tier1:epoch=13/30 batch=500/914 loss=0.3754
INFO:dh2a_kt.train.tier1:epoch=13/30 loss=0.3749 batches=914 skipped_nonfinite=0
INFO:dh2a_kt.train.tier1:epoch=13/30 val_auc=0.8302 val_n=385368
INFO:dh2a_kt.train.tier1:epoch=14/30 batch=500/914 loss=0.3731
INFO:dh2a_kt.train.tier1:epoch=14/30 loss=0.3742 batches=914 skipped_nonfinite=0
INFO:dh2a_kt.train.tier1:epoch=14/30 val_auc=0.8304 val_n=385368
INFO:dh2a_kt.train.tier1:epoch=15/30 batch=500/914 loss=0.3721
INFO:dh2a_kt.train.tier1:epoch=15/30 loss=0.3737 batches=914 skipped_nonfinite=0
INFO:dh2a_kt.train.tier1:epoch=15/30 val_auc=0.8296 val_n=385368
INFO:dh2a_kt.train.tier1:epoch=16/30 batch=500/914 loss=0.3725
INFO:dh2a_kt.train.tier1:epoch=16/30 loss=0.3725 batches=914 skipped_nonfinite=0
INFO:dh2a_kt.train.tier1:epoch=16/30 val_auc=0.8299 val_n=385368
INFO:dh2a_kt.train.tier1:epoch=17/30 batch=500/914 loss=0.3710
INFO:dh2a_kt.train.tier1:epoch=17/30 loss=0.3718 batches=914 skipped_nonfinite=0
INFO:dh2a_kt.train.tier1:epoch=17/30 val_auc=0.8300 val_n=385368
INFO:dh2a_kt.train.tier1:epoch=18/30 batch=500/914 loss=0.3690
INFO:dh2a_kt.train.tier1:epoch=18/30 loss=0.3709 batches=914 skipped_nonfinite=0
INFO:dh2a_kt.train.tier1:epoch=18/30 val_auc=0.8303 val_n=385368
INFO:dh2a_kt.train.tier1:epoch=19/30 batch=500/914 loss=0.3697
INFO:dh2a_kt.train.tier1:epoch=19/30 loss=0.3700 batches=914 skipped_nonfinite=0
INFO:dh2a_kt.train.tier1:epoch=19/30 val_auc=0.8300 val_n=385368
INFO:dh2a_kt.train.tier1:early stop at epoch=19 (no val AUC gain for 5 epochs)
INFO:dh2a_kt.train.tier1:restored best epoch=14 train_loss=0.3742 val_auc=0.8304 (of 30)
INFO:dh2a_kt.train.tier1:wrote DH2-KT checkpoint -> D:\TUAN\DH2A-KT\DH2A-KT\results\checkpoints\xes3g5m_fold2_ladder_xes-fold2_time-package_s17.pt
[fold 2] AUC=0.8298 val_auc=0.8304 n_predictions=1636300

Wrote comparison table: D:\TUAN\DH2A-KT\DH2A-KT\results\tables\dh2_kt_ladder_xes-fold2_time-package_s17_vs_p0.csv
dataset fold reference_model   p0_auc  dh2_kt_auc  delta_auc budget_reference  batch_size  epochs comparison_type                                                                                                                                               budget_note  n_predictions  val_auc
xes3g5m    2             gkt 0.833644    0.829818  -0.003827              gkt          16      30   observational tuned budget (batch=16, epochs=30); P0 gkt used batch=4, epochs=10; clean protocol (repeat-row targets masked): AUC is NOT comparable to the P0 baselines        1636300 0.830412
xes3g5m    2        simplekt 0.874720    0.829818  -0.044902              gkt          16      30   observational tuned budget (batch=16, epochs=30); P0 gkt used batch=4, epochs=10; clean protocol (repeat-row targets masked): AUC is NOT comparable to the P0 baselines        1636300 0.830412
xes3g5m mean             gkt 0.833644    0.829818  -0.003827              gkt          16      30   observational tuned budget (batch=16, epochs=30); P0 gkt used batch=4, epochs=10; clean protocol (repeat-row targets masked): AUC is NOT comparable to the P0 baselines        1636300 0.830412
xes3g5m mean        simplekt 0.874720    0.829818  -0.044902              gkt          16      30   observational tuned budget (batch=16, epochs=30); P0 gkt used batch=4, epochs=10; clean protocol (repeat-row targets masked): AUC is NOT comparable to the P0 baselines        1636300 0.830412
