dataset=xes3g5m architecture=v4 tag=ladder_xes-fold1_t-zero_s17 hyperedge_source=from config no_graph=True use_questions=True window_mode=chunked val_frac=0.1 mask_repeats=True seed=17 sequence_encoder=lstm n_attn_layers=2 n_attn_heads=4 time_gap_pad=False recap_attention=False question_kc_agg=False question_graph=True question_incidence_control=zero question_hypergraph=False hint_hypergraph=False full_qmatrix=False time_gap=True time_gap_mode=both time_gap_control=zero time_split=False concept_forget=False saw_input=False group_embed=False expert_graph=False memory_dim=16 max_degree=16 graph_transport=0.5 event_pool=mean transport=clique hyperedge_embed=False kind_conditioned=False graph_dropout=0.0 laux=0.0 budget=gkt matched_p0=False batch=16 epochs=30 lr=0.001 max_seq_len=400
NOTE: tuned budget (batch=16, epochs=30); P0 gkt used batch=4, epochs=10; clean protocol (repeat-row targets masked): AUC is NOT comparable to the P0 baselines
INFO:src.io_utils:Loading interactions from D:\TUAN\DH2A-KT\DH2A-KT\external\p0_leakage_audit\data\processed\xes3g5m.parquet
INFO:src.io_utils:Loaded interactions shape=(6413353, 5)

[fold 1] loading splits + e_pre...
INFO:src.split_checker:Creating learner split shape=(6413353, 6) ratios=(0.7, 0.1, 0.2) seed=42
INFO:src.split_checker:Created split sizes={'train': 4490513, 'valid': 640917, 'test': 1281923}
INFO:src.split_checker:Creating learner split shape=(6413353, 6) ratios=(0.7, 0.1, 0.2) seed=43
INFO:src.split_checker:Created split sizes={'train': 4490412, 'valid': 641760, 'test': 1281181}
INFO:dh2a_kt.train.tier1:seed=17 (weight init and batch order)
INFO:dh2a_kt.train.tier1:Building concept-prerequisite hyperedges source=chain fold=1
INFO:dh2a_kt.hyperedge.construction:Built 425519 concept-prerequisite hyperedges (fold=1)
INFO:dh2a_kt.train.tier1:use_graph=False: training with zero hyperedges (graph ablation)
INFO:dh2a_kt.train.tier1:question_graph: registered Q–KC incidence for 0/7652 items (mean degree=0.00, full_qmatrix=False, control=zero; observed links=8757 across 7526 items)
INFO:dh2a_kt.train.tier1:train_fold: architecture=v4 concepts=865 exercises=7652 hyperedges=0 kinds=['concept_prerequisite'] device=cuda
INFO:dh2a_kt.train.tier1:internal selection split: 11381 train users / 1265 val users (val_frac=0.10)
INFO:dh2a_kt.train.tier1:UserSequenceDataset: 14579 windows (mode=chunked) from 4035551 interactions
INFO:dh2a_kt.train.tier1:UserSequenceDataset: 6968 windows (mode=chunked) from 1922941 interactions
INFO:dh2a_kt.train.tier1:UserSequenceDataset: 1635 windows (mode=chunked) from 454861 interactions
INFO:dh2a_kt.train.tier1:clean protocol: repeat-row targets excluded from the loss and from val AUC
INFO:dh2a_kt.train.tier1:epoch=1/30 batch=500/912 loss=0.4366
INFO:dh2a_kt.train.tier1:epoch=1/30 loss=0.4199 batches=912 skipped_nonfinite=0
INFO:dh2a_kt.train.tier1:epoch=1/30 val_auc=0.8076 val_n=386872
INFO:dh2a_kt.train.tier1:epoch=2/30 batch=500/912 loss=0.3938
INFO:dh2a_kt.train.tier1:epoch=2/30 loss=0.3935 batches=912 skipped_nonfinite=0
INFO:dh2a_kt.train.tier1:epoch=2/30 val_auc=0.8135 val_n=386872
INFO:dh2a_kt.train.tier1:epoch=3/30 batch=500/912 loss=0.3915
INFO:dh2a_kt.train.tier1:epoch=3/30 loss=0.3892 batches=912 skipped_nonfinite=0
INFO:dh2a_kt.train.tier1:epoch=3/30 val_auc=0.8160 val_n=386872
INFO:dh2a_kt.train.tier1:epoch=4/30 batch=500/912 loss=0.3864
INFO:dh2a_kt.train.tier1:epoch=4/30 loss=0.3869 batches=912 skipped_nonfinite=0
INFO:dh2a_kt.train.tier1:epoch=4/30 val_auc=0.8176 val_n=386872
INFO:dh2a_kt.train.tier1:epoch=5/30 batch=500/912 loss=0.3858
INFO:dh2a_kt.train.tier1:epoch=5/30 loss=0.3849 batches=912 skipped_nonfinite=0
INFO:dh2a_kt.train.tier1:epoch=5/30 val_auc=0.8187 val_n=386872
INFO:dh2a_kt.train.tier1:epoch=6/30 batch=500/912 loss=0.3822
INFO:dh2a_kt.train.tier1:epoch=6/30 loss=0.3832 batches=912 skipped_nonfinite=0
INFO:dh2a_kt.train.tier1:epoch=6/30 val_auc=0.8192 val_n=386872
INFO:dh2a_kt.train.tier1:epoch=7/30 batch=500/912 loss=0.3813
INFO:dh2a_kt.train.tier1:epoch=7/30 loss=0.3821 batches=912 skipped_nonfinite=0
INFO:dh2a_kt.train.tier1:epoch=7/30 val_auc=0.8200 val_n=386872
INFO:dh2a_kt.train.tier1:epoch=8/30 batch=500/912 loss=0.3812
INFO:dh2a_kt.train.tier1:epoch=8/30 loss=0.3810 batches=912 skipped_nonfinite=0
INFO:dh2a_kt.train.tier1:epoch=8/30 val_auc=0.8208 val_n=386872
INFO:dh2a_kt.train.tier1:epoch=9/30 batch=500/912 loss=0.3807
INFO:dh2a_kt.train.tier1:epoch=9/30 loss=0.3793 batches=912 skipped_nonfinite=0
INFO:dh2a_kt.train.tier1:epoch=9/30 val_auc=0.8220 val_n=386872
INFO:dh2a_kt.train.tier1:epoch=10/30 batch=500/912 loss=0.3791
INFO:dh2a_kt.train.tier1:epoch=10/30 loss=0.3779 batches=912 skipped_nonfinite=0
INFO:dh2a_kt.train.tier1:epoch=10/30 val_auc=0.8227 val_n=386872
INFO:dh2a_kt.train.tier1:epoch=11/30 batch=500/912 loss=0.3771
INFO:dh2a_kt.train.tier1:epoch=11/30 loss=0.3769 batches=912 skipped_nonfinite=0
INFO:dh2a_kt.train.tier1:epoch=11/30 val_auc=0.8229 val_n=386872
INFO:dh2a_kt.train.tier1:epoch=12/30 batch=500/912 loss=0.3756
INFO:dh2a_kt.train.tier1:epoch=12/30 loss=0.3756 batches=912 skipped_nonfinite=0
INFO:dh2a_kt.train.tier1:epoch=12/30 val_auc=0.8236 val_n=386872
INFO:dh2a_kt.train.tier1:epoch=13/30 batch=500/912 loss=0.3754
INFO:dh2a_kt.train.tier1:epoch=13/30 loss=0.3745 batches=912 skipped_nonfinite=0
INFO:dh2a_kt.train.tier1:epoch=13/30 val_auc=0.8237 val_n=386872
INFO:dh2a_kt.train.tier1:epoch=14/30 batch=500/912 loss=0.3718
INFO:dh2a_kt.train.tier1:epoch=14/30 loss=0.3737 batches=912 skipped_nonfinite=0
INFO:dh2a_kt.train.tier1:epoch=14/30 val_auc=0.8236 val_n=386872
INFO:dh2a_kt.train.tier1:epoch=15/30 batch=500/912 loss=0.3711
INFO:dh2a_kt.train.tier1:epoch=15/30 loss=0.3725 batches=912 skipped_nonfinite=0
INFO:dh2a_kt.train.tier1:epoch=15/30 val_auc=0.8245 val_n=386872
INFO:dh2a_kt.train.tier1:epoch=16/30 batch=500/912 loss=0.3723
INFO:dh2a_kt.train.tier1:epoch=16/30 loss=0.3719 batches=912 skipped_nonfinite=0
INFO:dh2a_kt.train.tier1:epoch=16/30 val_auc=0.8243 val_n=386872
INFO:dh2a_kt.train.tier1:epoch=17/30 batch=500/912 loss=0.3706
INFO:dh2a_kt.train.tier1:epoch=17/30 loss=0.3715 batches=912 skipped_nonfinite=0
INFO:dh2a_kt.train.tier1:epoch=17/30 val_auc=0.8243 val_n=386872
INFO:dh2a_kt.train.tier1:epoch=18/30 batch=500/912 loss=0.3717
INFO:dh2a_kt.train.tier1:epoch=18/30 loss=0.3705 batches=912 skipped_nonfinite=0
INFO:dh2a_kt.train.tier1:epoch=18/30 val_auc=0.8248 val_n=386872
INFO:dh2a_kt.train.tier1:epoch=19/30 batch=500/912 loss=0.3693
INFO:dh2a_kt.train.tier1:epoch=19/30 loss=0.3695 batches=912 skipped_nonfinite=0
INFO:dh2a_kt.train.tier1:epoch=19/30 val_auc=0.8245 val_n=386872
INFO:dh2a_kt.train.tier1:epoch=20/30 batch=500/912 loss=0.3688
INFO:dh2a_kt.train.tier1:epoch=20/30 loss=0.3685 batches=912 skipped_nonfinite=0
INFO:dh2a_kt.train.tier1:epoch=20/30 val_auc=0.8243 val_n=386872
INFO:dh2a_kt.train.tier1:epoch=21/30 batch=500/912 loss=0.3654
INFO:dh2a_kt.train.tier1:epoch=21/30 loss=0.3682 batches=912 skipped_nonfinite=0
INFO:dh2a_kt.train.tier1:epoch=21/30 val_auc=0.8242 val_n=386872
INFO:dh2a_kt.train.tier1:epoch=22/30 batch=500/912 loss=0.3670
INFO:dh2a_kt.train.tier1:epoch=22/30 loss=0.3677 batches=912 skipped_nonfinite=0
INFO:dh2a_kt.train.tier1:epoch=22/30 val_auc=0.8235 val_n=386872
INFO:dh2a_kt.train.tier1:epoch=23/30 batch=500/912 loss=0.3654
INFO:dh2a_kt.train.tier1:epoch=23/30 loss=0.3670 batches=912 skipped_nonfinite=0
INFO:dh2a_kt.train.tier1:epoch=23/30 val_auc=0.8237 val_n=386872
INFO:dh2a_kt.train.tier1:early stop at epoch=23 (no val AUC gain for 5 epochs)
INFO:dh2a_kt.train.tier1:restored best epoch=18 train_loss=0.3705 val_auc=0.8248 (of 30)
INFO:dh2a_kt.train.tier1:wrote DH2-KT checkpoint -> D:\TUAN\DH2A-KT\DH2A-KT\results\checkpoints\xes3g5m_fold1_ladder_xes-fold1_t-zero_s17.pt
[fold 1] AUC=0.8278 val_auc=0.8248 n_predictions=1639666

Wrote comparison table: D:\TUAN\DH2A-KT\DH2A-KT\results\tables\dh2_kt_ladder_xes-fold1_t-zero_s17_vs_p0.csv
dataset fold reference_model   p0_auc  dh2_kt_auc  delta_auc budget_reference  batch_size  epochs comparison_type                                                                                                                                               budget_note  n_predictions  val_auc
xes3g5m    1             gkt 0.833644    0.827848  -0.005797              gkt          16      30   observational tuned budget (batch=16, epochs=30); P0 gkt used batch=4, epochs=10; clean protocol (repeat-row targets masked): AUC is NOT comparable to the P0 baselines        1639666 0.824769
xes3g5m    1        simplekt 0.874720    0.827848  -0.046872              gkt          16      30   observational tuned budget (batch=16, epochs=30); P0 gkt used batch=4, epochs=10; clean protocol (repeat-row targets masked): AUC is NOT comparable to the P0 baselines        1639666 0.824769
xes3g5m mean             gkt 0.833644    0.827848  -0.005797              gkt          16      30   observational tuned budget (batch=16, epochs=30); P0 gkt used batch=4, epochs=10; clean protocol (repeat-row targets masked): AUC is NOT comparable to the P0 baselines        1639666 0.824769
xes3g5m mean        simplekt 0.874720    0.827848  -0.046872              gkt          16      30   observational tuned budget (batch=16, epochs=30); P0 gkt used batch=4, epochs=10; clean protocol (repeat-row targets masked): AUC is NOT comparable to the P0 baselines        1639666 0.824769
