dataset=xes3g5m architecture=v4 tag=ladder_xes-fold1_no-time_s0 hyperedge_source=from config no_graph=True use_questions=True window_mode=chunked val_frac=0.1 mask_repeats=True seed=0 sequence_encoder=lstm n_attn_layers=2 n_attn_heads=4 time_gap_pad=False recap_attention=False question_kc_agg=False question_graph=True question_incidence_control=zero question_hypergraph=False hint_hypergraph=False full_qmatrix=False time_gap=False time_gap_mode=both time_gap_control=real time_split=False concept_forget=False saw_input=False group_embed=False expert_graph=False memory_dim=16 max_degree=16 graph_transport=0.5 event_pool=mean transport=clique hyperedge_embed=False kind_conditioned=False graph_dropout=0.0 laux=0.0 budget=gkt matched_p0=False batch=16 epochs=30 lr=0.001 max_seq_len=400
NOTE: tuned budget (batch=16, epochs=30); P0 gkt used batch=4, epochs=10; clean protocol (repeat-row targets masked): AUC is NOT comparable to the P0 baselines
INFO:src.io_utils:Loading interactions from D:\TUAN\DH2A-KT\DH2A-KT\external\p0_leakage_audit\data\processed\xes3g5m.parquet
INFO:src.io_utils:Loaded interactions shape=(6413353, 5)

[fold 1] loading splits + e_pre...
INFO:src.split_checker:Creating learner split shape=(6413353, 6) ratios=(0.7, 0.1, 0.2) seed=42
INFO:src.split_checker:Created split sizes={'train': 4490513, 'valid': 640917, 'test': 1281923}
INFO:src.split_checker:Creating learner split shape=(6413353, 6) ratios=(0.7, 0.1, 0.2) seed=43
INFO:src.split_checker:Created split sizes={'train': 4490412, 'valid': 641760, 'test': 1281181}
INFO:dh2a_kt.train.tier1:seed=0 (weight init and batch order)
INFO:dh2a_kt.train.tier1:Building concept-prerequisite hyperedges source=chain fold=1
INFO:dh2a_kt.hyperedge.construction:Built 425519 concept-prerequisite hyperedges (fold=1)
INFO:dh2a_kt.train.tier1:use_graph=False: training with zero hyperedges (graph ablation)
INFO:dh2a_kt.train.tier1:question_graph: registered Q–KC incidence for 0/7652 items (mean degree=0.00, full_qmatrix=False, control=zero; observed links=8757 across 7526 items)
INFO:dh2a_kt.train.tier1:train_fold: architecture=v4 concepts=865 exercises=7652 hyperedges=0 kinds=['concept_prerequisite'] device=cuda
INFO:dh2a_kt.train.tier1:internal selection split: 11381 train users / 1265 val users (val_frac=0.10)
INFO:dh2a_kt.train.tier1:UserSequenceDataset: 14579 windows (mode=chunked) from 4035551 interactions
INFO:dh2a_kt.train.tier1:UserSequenceDataset: 6968 windows (mode=chunked) from 1922941 interactions
INFO:dh2a_kt.train.tier1:UserSequenceDataset: 1635 windows (mode=chunked) from 454861 interactions
INFO:dh2a_kt.train.tier1:clean protocol: repeat-row targets excluded from the loss and from val AUC
INFO:dh2a_kt.train.tier1:epoch=1/30 batch=500/912 loss=0.4419
INFO:dh2a_kt.train.tier1:epoch=1/30 loss=0.4244 batches=912 skipped_nonfinite=0
INFO:dh2a_kt.train.tier1:epoch=1/30 val_auc=0.8062 val_n=386872
INFO:dh2a_kt.train.tier1:epoch=2/30 batch=500/912 loss=0.3952
INFO:dh2a_kt.train.tier1:epoch=2/30 loss=0.3946 batches=912 skipped_nonfinite=0
INFO:dh2a_kt.train.tier1:epoch=2/30 val_auc=0.8131 val_n=386872
INFO:dh2a_kt.train.tier1:epoch=3/30 batch=500/912 loss=0.3904
INFO:dh2a_kt.train.tier1:epoch=3/30 loss=0.3898 batches=912 skipped_nonfinite=0
INFO:dh2a_kt.train.tier1:epoch=3/30 val_auc=0.8153 val_n=386872
INFO:dh2a_kt.train.tier1:epoch=4/30 batch=500/912 loss=0.3863
INFO:dh2a_kt.train.tier1:epoch=4/30 loss=0.3868 batches=912 skipped_nonfinite=0
INFO:dh2a_kt.train.tier1:epoch=4/30 val_auc=0.8176 val_n=386872
INFO:dh2a_kt.train.tier1:epoch=5/30 batch=500/912 loss=0.3849
INFO:dh2a_kt.train.tier1:epoch=5/30 loss=0.3849 batches=912 skipped_nonfinite=0
INFO:dh2a_kt.train.tier1:epoch=5/30 val_auc=0.8180 val_n=386872
INFO:dh2a_kt.train.tier1:epoch=6/30 batch=500/912 loss=0.3854
INFO:dh2a_kt.train.tier1:epoch=6/30 loss=0.3835 batches=912 skipped_nonfinite=0
INFO:dh2a_kt.train.tier1:epoch=6/30 val_auc=0.8192 val_n=386872
INFO:dh2a_kt.train.tier1:epoch=7/30 batch=500/912 loss=0.3842
INFO:dh2a_kt.train.tier1:epoch=7/30 loss=0.3825 batches=912 skipped_nonfinite=0
INFO:dh2a_kt.train.tier1:epoch=7/30 val_auc=0.8192 val_n=386872
INFO:dh2a_kt.train.tier1:epoch=8/30 batch=500/912 loss=0.3809
INFO:dh2a_kt.train.tier1:epoch=8/30 loss=0.3811 batches=912 skipped_nonfinite=0
INFO:dh2a_kt.train.tier1:epoch=8/30 val_auc=0.8198 val_n=386872
INFO:dh2a_kt.train.tier1:epoch=9/30 batch=500/912 loss=0.3801
INFO:dh2a_kt.train.tier1:epoch=9/30 loss=0.3797 batches=912 skipped_nonfinite=0
INFO:dh2a_kt.train.tier1:epoch=9/30 val_auc=0.8203 val_n=386872
INFO:dh2a_kt.train.tier1:epoch=10/30 batch=500/912 loss=0.3770
INFO:dh2a_kt.train.tier1:epoch=10/30 loss=0.3789 batches=912 skipped_nonfinite=0
INFO:dh2a_kt.train.tier1:epoch=10/30 val_auc=0.8208 val_n=386872
INFO:dh2a_kt.train.tier1:epoch=11/30 batch=500/912 loss=0.3774
INFO:dh2a_kt.train.tier1:epoch=11/30 loss=0.3777 batches=912 skipped_nonfinite=0
INFO:dh2a_kt.train.tier1:epoch=11/30 val_auc=0.8213 val_n=386872
INFO:dh2a_kt.train.tier1:epoch=12/30 batch=500/912 loss=0.3787
INFO:dh2a_kt.train.tier1:epoch=12/30 loss=0.3766 batches=912 skipped_nonfinite=0
INFO:dh2a_kt.train.tier1:epoch=12/30 val_auc=0.8220 val_n=386872
INFO:dh2a_kt.train.tier1:epoch=13/30 batch=500/912 loss=0.3757
INFO:dh2a_kt.train.tier1:epoch=13/30 loss=0.3759 batches=912 skipped_nonfinite=0
INFO:dh2a_kt.train.tier1:epoch=13/30 val_auc=0.8221 val_n=386872
INFO:dh2a_kt.train.tier1:epoch=14/30 batch=500/912 loss=0.3729
INFO:dh2a_kt.train.tier1:epoch=14/30 loss=0.3745 batches=912 skipped_nonfinite=0
INFO:dh2a_kt.train.tier1:epoch=14/30 val_auc=0.8227 val_n=386872
INFO:dh2a_kt.train.tier1:epoch=15/30 batch=500/912 loss=0.3736
INFO:dh2a_kt.train.tier1:epoch=15/30 loss=0.3738 batches=912 skipped_nonfinite=0
INFO:dh2a_kt.train.tier1:epoch=15/30 val_auc=0.8230 val_n=386872
INFO:dh2a_kt.train.tier1:epoch=16/30 batch=500/912 loss=0.3736
INFO:dh2a_kt.train.tier1:epoch=16/30 loss=0.3728 batches=912 skipped_nonfinite=0
INFO:dh2a_kt.train.tier1:epoch=16/30 val_auc=0.8229 val_n=386872
INFO:dh2a_kt.train.tier1:epoch=17/30 batch=500/912 loss=0.3707
INFO:dh2a_kt.train.tier1:epoch=17/30 loss=0.3722 batches=912 skipped_nonfinite=0
INFO:dh2a_kt.train.tier1:epoch=17/30 val_auc=0.8230 val_n=386872
INFO:dh2a_kt.train.tier1:epoch=18/30 batch=500/912 loss=0.3706
INFO:dh2a_kt.train.tier1:epoch=18/30 loss=0.3715 batches=912 skipped_nonfinite=0
INFO:dh2a_kt.train.tier1:epoch=18/30 val_auc=0.8227 val_n=386872
INFO:dh2a_kt.train.tier1:epoch=19/30 batch=500/912 loss=0.3687
INFO:dh2a_kt.train.tier1:epoch=19/30 loss=0.3706 batches=912 skipped_nonfinite=0
INFO:dh2a_kt.train.tier1:epoch=19/30 val_auc=0.8234 val_n=386872
INFO:dh2a_kt.train.tier1:epoch=20/30 batch=500/912 loss=0.3690
INFO:dh2a_kt.train.tier1:epoch=20/30 loss=0.3695 batches=912 skipped_nonfinite=0
INFO:dh2a_kt.train.tier1:epoch=20/30 val_auc=0.8229 val_n=386872
INFO:dh2a_kt.train.tier1:epoch=21/30 batch=500/912 loss=0.3674
INFO:dh2a_kt.train.tier1:epoch=21/30 loss=0.3688 batches=912 skipped_nonfinite=0
INFO:dh2a_kt.train.tier1:epoch=21/30 val_auc=0.8231 val_n=386872
INFO:dh2a_kt.train.tier1:epoch=22/30 batch=500/912 loss=0.3680
INFO:dh2a_kt.train.tier1:epoch=22/30 loss=0.3684 batches=912 skipped_nonfinite=0
INFO:dh2a_kt.train.tier1:epoch=22/30 val_auc=0.8231 val_n=386872
INFO:dh2a_kt.train.tier1:epoch=23/30 batch=500/912 loss=0.3657
INFO:dh2a_kt.train.tier1:epoch=23/30 loss=0.3677 batches=912 skipped_nonfinite=0
INFO:dh2a_kt.train.tier1:epoch=23/30 val_auc=0.8231 val_n=386872
INFO:dh2a_kt.train.tier1:epoch=24/30 batch=500/912 loss=0.3662
INFO:dh2a_kt.train.tier1:epoch=24/30 loss=0.3671 batches=912 skipped_nonfinite=0
INFO:dh2a_kt.train.tier1:epoch=24/30 val_auc=0.8230 val_n=386872
INFO:dh2a_kt.train.tier1:early stop at epoch=24 (no val AUC gain for 5 epochs)
INFO:dh2a_kt.train.tier1:restored best epoch=19 train_loss=0.3706 val_auc=0.8234 (of 30)
INFO:dh2a_kt.train.tier1:wrote DH2-KT checkpoint -> D:\TUAN\DH2A-KT\DH2A-KT\results\checkpoints\xes3g5m_fold1_ladder_xes-fold1_no-time_s0.pt
[fold 1] AUC=0.8267 val_auc=0.8234 n_predictions=1639666

Wrote comparison table: D:\TUAN\DH2A-KT\DH2A-KT\results\tables\dh2_kt_ladder_xes-fold1_no-time_s0_vs_p0.csv
dataset fold reference_model   p0_auc  dh2_kt_auc  delta_auc budget_reference  batch_size  epochs comparison_type                                                                                                                                               budget_note  n_predictions  val_auc
xes3g5m    1             gkt 0.833644    0.826744  -0.006900              gkt          16      30   observational tuned budget (batch=16, epochs=30); P0 gkt used batch=4, epochs=10; clean protocol (repeat-row targets masked): AUC is NOT comparable to the P0 baselines        1639666 0.823417
xes3g5m    1        simplekt 0.874720    0.826744  -0.047976              gkt          16      30   observational tuned budget (batch=16, epochs=30); P0 gkt used batch=4, epochs=10; clean protocol (repeat-row targets masked): AUC is NOT comparable to the P0 baselines        1639666 0.823417
xes3g5m mean             gkt 0.833644    0.826744  -0.006900              gkt          16      30   observational tuned budget (batch=16, epochs=30); P0 gkt used batch=4, epochs=10; clean protocol (repeat-row targets masked): AUC is NOT comparable to the P0 baselines        1639666 0.823417
xes3g5m mean        simplekt 0.874720    0.826744  -0.047976              gkt          16      30   observational tuned budget (batch=16, epochs=30); P0 gkt used batch=4, epochs=10; clean protocol (repeat-row targets masked): AUC is NOT comparable to the P0 baselines        1639666 0.823417
