INFO:src.io_utils:Loading interactions from D:\TUAN\DH2A-KT\DH2A-KT\external\p0_leakage_audit\data\processed\xes3g5m.parquet
INFO:src.io_utils:Loaded interactions shape=(6413353, 5)
INFO:src.split_checker:Creating learner split shape=(6413353, 6) ratios=(0.7, 0.1, 0.2) seed=42
INFO:src.split_checker:Created split sizes={'train': 4490513, 'valid': 640917, 'test': 1281923}
INFO:dh2a_kt.train.tier1:seed=2024 (weight init and batch order)
INFO:dh2a_kt.train.tier1:Building concept-prerequisite hyperedges source=chain fold=0
INFO:dh2a_kt.hyperedge.construction:Built 446305 concept-prerequisite hyperedges (fold=0)
INFO:dh2a_kt.train.tier1:use_graph=False: training with zero hyperedges (graph ablation)
INFO:dh2a_kt.train.tier1:question_graph: registered Q–KC incidence for 7602/7652 items (mean degree=1.16, full_qmatrix=False)
INFO:dh2a_kt.train.tier1:train_fold: architecture=v4 concepts=865 exercises=7652 hyperedges=0 kinds=['concept_prerequisite'] device=cuda
INFO:dh2a_kt.train.tier1:internal selection split: 11381 train users / 1265 val users (val_frac=0.10)
INFO:dh2a_kt.train.tier1:UserSequenceDataset: 14601 windows (mode=chunked) from 4041573 interactions
INFO:dh2a_kt.train.tier1:UserSequenceDataset: 6954 windows (mode=chunked) from 1922840 interactions
INFO:dh2a_kt.train.tier1:UserSequenceDataset: 1627 windows (mode=chunked) from 448940 interactions
INFO:dh2a_kt.train.tier1:clean protocol: repeat-row targets excluded from the loss and from val AUC
INFO:dh2a_kt.train.tier1:epoch=1/30 batch=500/913 loss=0.4388
INFO:dh2a_kt.train.tier1:epoch=1/30 loss=0.4248 batches=913 skipped_nonfinite=0
INFO:dh2a_kt.train.tier1:epoch=1/30 val_auc=0.8046 val_n=382836
INFO:dh2a_kt.train.tier1:epoch=2/30 batch=500/913 loss=0.3950
INFO:dh2a_kt.train.tier1:epoch=2/30 loss=0.3958 batches=913 skipped_nonfinite=0
INFO:dh2a_kt.train.tier1:epoch=2/30 val_auc=0.8152 val_n=382836
INFO:dh2a_kt.train.tier1:epoch=3/30 batch=500/913 loss=0.3915
INFO:dh2a_kt.train.tier1:epoch=3/30 loss=0.3907 batches=913 skipped_nonfinite=0
INFO:dh2a_kt.train.tier1:epoch=3/30 val_auc=0.8183 val_n=382836
INFO:dh2a_kt.train.tier1:epoch=4/30 batch=500/913 loss=0.3860
INFO:dh2a_kt.train.tier1:epoch=4/30 loss=0.3876 batches=913 skipped_nonfinite=0
INFO:dh2a_kt.train.tier1:epoch=4/30 val_auc=0.8190 val_n=382836
INFO:dh2a_kt.train.tier1:epoch=5/30 batch=500/913 loss=0.3853
INFO:dh2a_kt.train.tier1:epoch=5/30 loss=0.3856 batches=913 skipped_nonfinite=0
INFO:dh2a_kt.train.tier1:epoch=5/30 val_auc=0.8204 val_n=382836
INFO:dh2a_kt.train.tier1:epoch=6/30 batch=500/913 loss=0.3831
INFO:dh2a_kt.train.tier1:epoch=6/30 loss=0.3839 batches=913 skipped_nonfinite=0
INFO:dh2a_kt.train.tier1:epoch=6/30 val_auc=0.8214 val_n=382836
INFO:dh2a_kt.train.tier1:epoch=7/30 batch=500/913 loss=0.3834
INFO:dh2a_kt.train.tier1:epoch=7/30 loss=0.3828 batches=913 skipped_nonfinite=0
INFO:dh2a_kt.train.tier1:epoch=7/30 val_auc=0.8224 val_n=382836
INFO:dh2a_kt.train.tier1:epoch=8/30 batch=500/913 loss=0.3818
INFO:dh2a_kt.train.tier1:epoch=8/30 loss=0.3814 batches=913 skipped_nonfinite=0
INFO:dh2a_kt.train.tier1:epoch=8/30 val_auc=0.8227 val_n=382836
INFO:dh2a_kt.train.tier1:epoch=9/30 batch=500/913 loss=0.3793
INFO:dh2a_kt.train.tier1:epoch=9/30 loss=0.3805 batches=913 skipped_nonfinite=0
INFO:dh2a_kt.train.tier1:epoch=9/30 val_auc=0.8224 val_n=382836
INFO:dh2a_kt.train.tier1:epoch=10/30 batch=500/913 loss=0.3792
INFO:dh2a_kt.train.tier1:epoch=10/30 loss=0.3791 batches=913 skipped_nonfinite=0
INFO:dh2a_kt.train.tier1:epoch=10/30 val_auc=0.8236 val_n=382836
INFO:dh2a_kt.train.tier1:epoch=11/30 batch=500/913 loss=0.3779
INFO:dh2a_kt.train.tier1:epoch=11/30 loss=0.3779 batches=913 skipped_nonfinite=0
INFO:dh2a_kt.train.tier1:epoch=11/30 val_auc=0.8242 val_n=382836
INFO:dh2a_kt.train.tier1:epoch=12/30 batch=500/913 loss=0.3757
INFO:dh2a_kt.train.tier1:epoch=12/30 loss=0.3770 batches=913 skipped_nonfinite=0
INFO:dh2a_kt.train.tier1:epoch=12/30 val_auc=0.8243 val_n=382836
INFO:dh2a_kt.train.tier1:epoch=13/30 batch=500/913 loss=0.3765
INFO:dh2a_kt.train.tier1:epoch=13/30 loss=0.3760 batches=913 skipped_nonfinite=0
INFO:dh2a_kt.train.tier1:epoch=13/30 val_auc=0.8251 val_n=382836
INFO:dh2a_kt.train.tier1:epoch=14/30 batch=500/913 loss=0.3748
INFO:dh2a_kt.train.tier1:epoch=14/30 loss=0.3752 batches=913 skipped_nonfinite=0
INFO:dh2a_kt.train.tier1:epoch=14/30 val_auc=0.8258 val_n=382836
INFO:dh2a_kt.train.tier1:epoch=15/30 batch=500/913 loss=0.3743
INFO:dh2a_kt.train.tier1:epoch=15/30 loss=0.3741 batches=913 skipped_nonfinite=0
INFO:dh2a_kt.train.tier1:epoch=15/30 val_auc=0.8256 val_n=382836
INFO:dh2a_kt.train.tier1:epoch=16/30 batch=500/913 loss=0.3714
INFO:dh2a_kt.train.tier1:epoch=16/30 loss=0.3730 batches=913 skipped_nonfinite=0
INFO:dh2a_kt.train.tier1:epoch=16/30 val_auc=0.8257 val_n=382836
INFO:dh2a_kt.train.tier1:epoch=17/30 batch=500/913 loss=0.3722
INFO:dh2a_kt.train.tier1:epoch=17/30 loss=0.3722 batches=913 skipped_nonfinite=0
INFO:dh2a_kt.train.tier1:epoch=17/30 val_auc=0.8258 val_n=382836
INFO:dh2a_kt.train.tier1:epoch=18/30 batch=500/913 loss=0.3700
INFO:dh2a_kt.train.tier1:epoch=18/30 loss=0.3716 batches=913 skipped_nonfinite=0
INFO:dh2a_kt.train.tier1:epoch=18/30 val_auc=0.8260 val_n=382836
INFO:dh2a_kt.train.tier1:epoch=19/30 batch=500/913 loss=0.3700
INFO:dh2a_kt.train.tier1:epoch=19/30 loss=0.3706 batches=913 skipped_nonfinite=0
INFO:dh2a_kt.train.tier1:epoch=19/30 val_auc=0.8258 val_n=382836
INFO:dh2a_kt.train.tier1:epoch=20/30 batch=500/913 loss=0.3690
INFO:dh2a_kt.train.tier1:epoch=20/30 loss=0.3701 batches=913 skipped_nonfinite=0
INFO:dh2a_kt.train.tier1:epoch=20/30 val_auc=0.8256 val_n=382836
INFO:dh2a_kt.train.tier1:epoch=21/30 batch=500/913 loss=0.3686
INFO:dh2a_kt.train.tier1:epoch=21/30 loss=0.3694 batches=913 skipped_nonfinite=0
INFO:dh2a_kt.train.tier1:epoch=21/30 val_auc=0.8256 val_n=382836
INFO:dh2a_kt.train.tier1:epoch=22/30 batch=500/913 loss=0.3677
INFO:dh2a_kt.train.tier1:epoch=22/30 loss=0.3687 batches=913 skipped_nonfinite=0
INFO:dh2a_kt.train.tier1:epoch=22/30 val_auc=0.8261 val_n=382836
INFO:dh2a_kt.train.tier1:epoch=23/30 batch=500/913 loss=0.3668
INFO:dh2a_kt.train.tier1:epoch=23/30 loss=0.3682 batches=913 skipped_nonfinite=0
INFO:dh2a_kt.train.tier1:epoch=23/30 val_auc=0.8257 val_n=382836
INFO:dh2a_kt.train.tier1:epoch=24/30 batch=500/913 loss=0.3663
INFO:dh2a_kt.train.tier1:epoch=24/30 loss=0.3675 batches=913 skipped_nonfinite=0
INFO:dh2a_kt.train.tier1:epoch=24/30 val_auc=0.8255 val_n=382836
INFO:dh2a_kt.train.tier1:epoch=25/30 batch=500/913 loss=0.3652
INFO:dh2a_kt.train.tier1:epoch=25/30 loss=0.3665 batches=913 skipped_nonfinite=0
INFO:dh2a_kt.train.tier1:epoch=25/30 val_auc=0.8253 val_n=382836
INFO:dh2a_kt.train.tier1:epoch=26/30 batch=500/913 loss=0.3636
INFO:dh2a_kt.train.tier1:epoch=26/30 loss=0.3663 batches=913 skipped_nonfinite=0
INFO:dh2a_kt.train.tier1:epoch=26/30 val_auc=0.8253 val_n=382836
INFO:dh2a_kt.train.tier1:epoch=27/30 batch=500/913 loss=0.3642
INFO:dh2a_kt.train.tier1:epoch=27/30 loss=0.3655 batches=913 skipped_nonfinite=0
INFO:dh2a_kt.train.tier1:epoch=27/30 val_auc=0.8254 val_n=382836
INFO:dh2a_kt.train.tier1:early stop at epoch=27 (no val AUC gain for 5 epochs)
INFO:dh2a_kt.train.tier1:restored best epoch=22 train_loss=0.3687 val_auc=0.8261 (of 30)
INFO:dh2a_kt.train.tier1:wrote DH2-KT checkpoint -> D:\TUAN\DH2A-KT\DH2A-KT\results\checkpoints\xes3g5m_fold0_hg_qkc_on_s2024.pt
dataset=xes3g5m architecture=v4 tag=hg_qkc_on_s2024 hyperedge_source=from config no_graph=True use_questions=True window_mode=chunked val_frac=0.1 mask_repeats=True seed=2024 recap_attention=False question_kc_agg=False question_graph=True question_hypergraph=False hint_hypergraph=False full_qmatrix=False time_gap=False time_gap_mode=both time_split=False concept_forget=False saw_input=False group_embed=False expert_graph=False memory_dim=16 max_degree=16 graph_transport=0.5 event_pool=mean transport=clique hyperedge_embed=False kind_conditioned=False graph_dropout=0.0 laux=0.0 budget=gkt matched_p0=False batch=16 epochs=30 lr=0.001 max_seq_len=400
NOTE: tuned budget (batch=16, epochs=30); P0 gkt used batch=4, epochs=10; clean protocol (repeat-row targets masked): AUC is NOT comparable to the P0 baselines

[fold 0] loading splits + e_pre...
[fold 0] AUC=0.8272 val_auc=0.8261 n_predictions=1640242

Wrote comparison table: results\tables\a2_dh2_hg_qkc_on_s2024.csv
dataset fold reference_model   p0_auc  dh2_kt_auc  delta_auc budget_reference  batch_size  epochs comparison_type                                                                                                                                               budget_note  n_predictions  val_auc
xes3g5m    0             gkt 0.833644    0.827166  -0.006478              gkt          16      30   observational tuned budget (batch=16, epochs=30); P0 gkt used batch=4, epochs=10; clean protocol (repeat-row targets masked): AUC is NOT comparable to the P0 baselines        1640242 0.826076
xes3g5m    0        simplekt 0.874720    0.827166  -0.047554              gkt          16      30   observational tuned budget (batch=16, epochs=30); P0 gkt used batch=4, epochs=10; clean protocol (repeat-row targets masked): AUC is NOT comparable to the P0 baselines        1640242 0.826076
xes3g5m mean             gkt 0.833644    0.827166  -0.006478              gkt          16      30   observational tuned budget (batch=16, epochs=30); P0 gkt used batch=4, epochs=10; clean protocol (repeat-row targets masked): AUC is NOT comparable to the P0 baselines        1640242 0.826076
xes3g5m mean        simplekt 0.874720    0.827166  -0.047554              gkt          16      30   observational tuned budget (batch=16, epochs=30); P0 gkt used batch=4, epochs=10; clean protocol (repeat-row targets masked): AUC is NOT comparable to the P0 baselines        1640242 0.826076
