INFO:src.io_utils:Loading interactions from D:\TUAN\DH2A-KT\DH2A-KT\external\p0_leakage_audit\data\processed\xes3g5m.parquet
INFO:src.io_utils:Loaded interactions shape=(6413353, 5)
INFO:src.split_checker:Creating learner split shape=(6413353, 6) ratios=(0.7, 0.1, 0.2) seed=42
INFO:src.split_checker:Created split sizes={'train': 4490513, 'valid': 640917, 'test': 1281923}
INFO:__main__:export: C_simplekt_clean_L400_s2024 window=chunked mask_repeats=True | test sequences=4635 scored=1093720 masked=183527
INFO:src.pykt_engine:pyKT epoch 1 train_loss=0.42055 valid_auc=0.81101 valid_acc=0.82323
INFO:src.pykt_engine:pyKT epoch 2 train_loss=0.39554 valid_auc=0.81482 valid_acc=0.82558
INFO:src.pykt_engine:pyKT epoch 3 train_loss=0.39107 valid_auc=0.81663 valid_acc=0.82646
INFO:src.pykt_engine:pyKT epoch 4 train_loss=0.38747 valid_auc=0.81868 valid_acc=0.82738
INFO:src.pykt_engine:pyKT epoch 5 train_loss=0.38489 valid_auc=0.81946 valid_acc=0.82706
INFO:src.pykt_engine:pyKT epoch 6 train_loss=0.38285 valid_auc=0.81988 valid_acc=0.82791
INFO:src.pykt_engine:pyKT epoch 7 train_loss=0.38024 valid_auc=0.82107 valid_acc=0.82830
INFO:src.pykt_engine:pyKT epoch 8 train_loss=0.37840 valid_auc=0.82145 valid_acc=0.82842
INFO:src.pykt_engine:pyKT epoch 9 train_loss=0.37630 valid_auc=0.82209 valid_acc=0.82858
INFO:src.pykt_engine:pyKT epoch 10 train_loss=0.37410 valid_auc=0.82138 valid_acc=0.82787
INFO:src.pykt_engine:pyKT epoch 11 train_loss=0.37182 valid_auc=0.82150 valid_acc=0.82834
INFO:src.pykt_engine:pyKT epoch 12 train_loss=0.36975 valid_auc=0.82016 valid_acc=0.82798
INFO:src.pykt_engine:Saved PyKT checkpoint to D:\TUAN\DH2A-KT\DH2A-KT\results\pykt_work_clean\xes3g5m\fold_0\C_simplekt_clean_L400_s2024\simplekt_p0_protocol_best.ckpt
Start preprocessing D:\TUAN\DH2A-KT\DH2A-KT\results\pykt_work_clean\xes3g5m\fold_0\C_simplekt_clean_L400_s2024\train_valid_sequences.csv fold: _0...
interaction_num: 3845713
file path: D:\TUAN\DH2A-KT\DH2A-KT\results\pykt_work_clean\xes3g5m\fold_0\C_simplekt_clean_L400_s2024\train_valid_sequences.csv, qlen: 16228, clen: 16228, rlen: 16228
Start preprocessing D:\TUAN\DH2A-KT\DH2A-KT\results\pykt_work_clean\xes3g5m\fold_0\C_simplekt_clean_L400_s2024\train_valid_sequences.csv fold: _1...
interaction_num: 548675
file path: D:\TUAN\DH2A-KT\DH2A-KT\results\pykt_work_clean\xes3g5m\fold_0\C_simplekt_clean_L400_s2024\train_valid_sequences.csv, qlen: 2319, clen: 2319, rlen: 2319
Start preprocessing D:\TUAN\DH2A-KT\DH2A-KT\results\pykt_work_clean\xes3g5m\fold_0\C_simplekt_clean_L400_s2024\test_sequences.csv fold: _-1...
interaction_num: 1098147
file path: D:\TUAN\DH2A-KT\DH2A-KT\results\pykt_work_clean\xes3g5m\fold_0\C_simplekt_clean_L400_s2024\test_sequences.csv, qlen: 4635, clen: 4635, rlen: 4635
model_name: simplekt, emb_type: qid

[C_simplekt_clean_L400_s2024] simplekt AUC=0.821830 acc=0.8277 n=1093720 L=400 (7.4 min)
  P0 published: 0.874441 | delta: -0.052612
written: D:\TUAN\DH2A-KT\DH2A-KT\results\tables\a2_pykt_runs.csv
