INFO:src.io_utils:Loading interactions from D:\TUAN\DH2A-KT\DH2A-KT\external\p0_leakage_audit\data\processed\xes3g5m.parquet
INFO:src.io_utils:Loaded interactions shape=(6413353, 5)
INFO:src.split_checker:Creating learner split shape=(6413353, 6) ratios=(0.7, 0.1, 0.2) seed=42
INFO:src.split_checker:Created split sizes={'train': 4490513, 'valid': 640917, 'test': 1281923}
INFO:__main__:export: C_gikt_clean_L400_e30b16_s1234 window=chunked mask_repeats=True | test sequences=4635 scored=1093720 masked=183527
INFO:src.pykt_engine:pyKT epoch 1 train_loss=0.41389 valid_auc=0.81273 valid_acc=0.82456
INFO:src.pykt_engine:pyKT epoch 2 train_loss=0.39273 valid_auc=0.81822 valid_acc=0.82720
INFO:src.pykt_engine:pyKT epoch 3 train_loss=0.38816 valid_auc=0.82087 valid_acc=0.82838
INFO:src.pykt_engine:pyKT epoch 4 train_loss=0.38473 valid_auc=0.82318 valid_acc=0.82930
INFO:src.pykt_engine:pyKT epoch 5 train_loss=0.38242 valid_auc=0.82400 valid_acc=0.82941
INFO:src.pykt_engine:pyKT epoch 6 train_loss=0.37989 valid_auc=0.82511 valid_acc=0.82999
INFO:src.pykt_engine:pyKT epoch 7 train_loss=0.37767 valid_auc=0.82561 valid_acc=0.83019
INFO:src.pykt_engine:pyKT epoch 8 train_loss=0.37604 valid_auc=0.82565 valid_acc=0.83023
INFO:src.pykt_engine:pyKT epoch 9 train_loss=0.37410 valid_auc=0.82618 valid_acc=0.83048
INFO:src.pykt_engine:pyKT epoch 10 train_loss=0.37249 valid_auc=0.82534 valid_acc=0.82992
INFO:src.pykt_engine:pyKT epoch 11 train_loss=0.37041 valid_auc=0.82556 valid_acc=0.82969
INFO:src.pykt_engine:pyKT epoch 12 train_loss=0.36904 valid_auc=0.82514 valid_acc=0.82975
INFO:src.pykt_engine:pyKT epoch 13 train_loss=0.36710 valid_auc=0.82481 valid_acc=0.82990
INFO:src.pykt_engine:pyKT epoch 14 train_loss=0.36531 valid_auc=0.82384 valid_acc=0.82915
INFO:src.pykt_engine:Saved PyKT checkpoint to D:\TUAN\DH2A-KT\DH2A-KT\results\pykt_work_clean\xes3g5m\fold_0\C_gikt_clean_L400_e30b16_s1234\gikt_p0_protocol_best.ckpt
Start preprocessing D:\TUAN\DH2A-KT\DH2A-KT\results\pykt_work_clean\xes3g5m\fold_0\C_gikt_clean_L400_e30b16_s1234\train_valid_sequences.csv fold: _0...
interaction_num: 3845713
file path: D:\TUAN\DH2A-KT\DH2A-KT\results\pykt_work_clean\xes3g5m\fold_0\C_gikt_clean_L400_e30b16_s1234\train_valid_sequences.csv, qlen: 16228, clen: 16228, rlen: 16228
Start preprocessing D:\TUAN\DH2A-KT\DH2A-KT\results\pykt_work_clean\xes3g5m\fold_0\C_gikt_clean_L400_e30b16_s1234\train_valid_sequences.csv fold: _1...
interaction_num: 548675
file path: D:\TUAN\DH2A-KT\DH2A-KT\results\pykt_work_clean\xes3g5m\fold_0\C_gikt_clean_L400_e30b16_s1234\train_valid_sequences.csv, qlen: 2319, clen: 2319, rlen: 2319
Start preprocessing D:\TUAN\DH2A-KT\DH2A-KT\results\pykt_work_clean\xes3g5m\fold_0\C_gikt_clean_L400_e30b16_s1234\test_sequences.csv fold: _-1...
interaction_num: 1098147
file path: D:\TUAN\DH2A-KT\DH2A-KT\results\pykt_work_clean\xes3g5m\fold_0\C_gikt_clean_L400_e30b16_s1234\test_sequences.csv, qlen: 4635, clen: 4635, rlen: 4635

[C_gikt_clean_L400_e30b16_s1234] gikt AUC=0.825878 acc=0.8293 n=1093720 L=400 (152.1 min)
  P0 published: 0.877582 | delta: -0.051705
written: D:\TUAN\DH2A-KT\DH2A-KT\results\tables\a2_pykt_runs.csv
