INFO:src.io_utils:Loading interactions from D:\TUAN\DH2A-KT\DH2A-KT\external\p0_leakage_audit\data\processed\xes3g5m.parquet
INFO:src.io_utils:Loaded interactions shape=(6413353, 5)
INFO:src.split_checker:Creating learner split shape=(6413353, 6) ratios=(0.7, 0.1, 0.2) seed=42
INFO:src.split_checker:Created split sizes={'train': 4490513, 'valid': 640917, 'test': 1281923}
INFO:__main__:export: C_simplekt_clean_L400_s17 window=chunked mask_repeats=True | test sequences=4635 scored=1093720 masked=183527
INFO:src.pykt_engine:pyKT epoch 1 train_loss=0.41975 valid_auc=0.81076 valid_acc=0.82301
INFO:src.pykt_engine:pyKT epoch 2 train_loss=0.39557 valid_auc=0.81446 valid_acc=0.82513
INFO:src.pykt_engine:pyKT epoch 3 train_loss=0.39111 valid_auc=0.81687 valid_acc=0.82691
INFO:src.pykt_engine:pyKT epoch 4 train_loss=0.38819 valid_auc=0.81833 valid_acc=0.82771
INFO:src.pykt_engine:pyKT epoch 5 train_loss=0.38537 valid_auc=0.82014 valid_acc=0.82833
INFO:src.pykt_engine:pyKT epoch 6 train_loss=0.38313 valid_auc=0.82045 valid_acc=0.82759
INFO:src.pykt_engine:pyKT epoch 7 train_loss=0.38073 valid_auc=0.82121 valid_acc=0.82800
INFO:src.pykt_engine:pyKT epoch 8 train_loss=0.37870 valid_auc=0.82208 valid_acc=0.82879
INFO:src.pykt_engine:pyKT epoch 9 train_loss=0.37651 valid_auc=0.82122 valid_acc=0.82862
INFO:src.pykt_engine:pyKT epoch 10 train_loss=0.37453 valid_auc=0.82233 valid_acc=0.82862
INFO:src.pykt_engine:pyKT epoch 11 train_loss=0.37245 valid_auc=0.82154 valid_acc=0.82823
INFO:src.pykt_engine:pyKT epoch 12 train_loss=0.37027 valid_auc=0.82169 valid_acc=0.82809
INFO:src.pykt_engine:pyKT epoch 13 train_loss=0.36805 valid_auc=0.82054 valid_acc=0.82725
INFO:src.pykt_engine:Saved PyKT checkpoint to D:\TUAN\DH2A-KT\DH2A-KT\results\pykt_work_clean\xes3g5m\fold_0\C_simplekt_clean_L400_s17\simplekt_p0_protocol_best.ckpt
Start preprocessing D:\TUAN\DH2A-KT\DH2A-KT\results\pykt_work_clean\xes3g5m\fold_0\C_simplekt_clean_L400_s17\train_valid_sequences.csv fold: _0...
interaction_num: 3845713
file path: D:\TUAN\DH2A-KT\DH2A-KT\results\pykt_work_clean\xes3g5m\fold_0\C_simplekt_clean_L400_s17\train_valid_sequences.csv, qlen: 16228, clen: 16228, rlen: 16228
Start preprocessing D:\TUAN\DH2A-KT\DH2A-KT\results\pykt_work_clean\xes3g5m\fold_0\C_simplekt_clean_L400_s17\train_valid_sequences.csv fold: _1...
interaction_num: 548675
file path: D:\TUAN\DH2A-KT\DH2A-KT\results\pykt_work_clean\xes3g5m\fold_0\C_simplekt_clean_L400_s17\train_valid_sequences.csv, qlen: 2319, clen: 2319, rlen: 2319
Start preprocessing D:\TUAN\DH2A-KT\DH2A-KT\results\pykt_work_clean\xes3g5m\fold_0\C_simplekt_clean_L400_s17\test_sequences.csv fold: _-1...
interaction_num: 1098147
file path: D:\TUAN\DH2A-KT\DH2A-KT\results\pykt_work_clean\xes3g5m\fold_0\C_simplekt_clean_L400_s17\test_sequences.csv, qlen: 4635, clen: 4635, rlen: 4635
model_name: simplekt, emb_type: qid

[C_simplekt_clean_L400_s17] simplekt AUC=0.821898 acc=0.8277 n=1093720 L=400 (7.9 min)
  P0 published: 0.874441 | delta: -0.052543
written: D:\TUAN\DH2A-KT\DH2A-KT\results\tables\a2_pykt_runs.csv
