INFO:src.io_utils:Loading interactions from D:\TUAN\DH2A-KT\DH2A-KT\external\p0_leakage_audit\data\processed\xes3g5m.parquet
INFO:src.io_utils:Loaded interactions shape=(6413353, 5)
INFO:src.split_checker:Creating learner split shape=(6413353, 6) ratios=(0.7, 0.1, 0.2) seed=42
INFO:src.split_checker:Created split sizes={'train': 4490513, 'valid': 640917, 'test': 1281923}
INFO:__main__:export: C_gikt_clean_L400_e30b16_s17 window=chunked mask_repeats=True | test sequences=4635 scored=1093720 masked=183527
INFO:src.pykt_engine:pyKT epoch 1 train_loss=0.41381 valid_auc=0.81255 valid_acc=0.82425
INFO:src.pykt_engine:pyKT epoch 2 train_loss=0.39235 valid_auc=0.81831 valid_acc=0.82763
INFO:src.pykt_engine:pyKT epoch 3 train_loss=0.38782 valid_auc=0.82152 valid_acc=0.82880
INFO:src.pykt_engine:pyKT epoch 4 train_loss=0.38459 valid_auc=0.82329 valid_acc=0.82967
INFO:src.pykt_engine:pyKT epoch 5 train_loss=0.38222 valid_auc=0.82460 valid_acc=0.83004
INFO:src.pykt_engine:pyKT epoch 6 train_loss=0.37972 valid_auc=0.82561 valid_acc=0.83053
INFO:src.pykt_engine:pyKT epoch 7 train_loss=0.37764 valid_auc=0.82637 valid_acc=0.83045
INFO:src.pykt_engine:pyKT epoch 8 train_loss=0.37588 valid_auc=0.82620 valid_acc=0.83041
INFO:src.pykt_engine:pyKT epoch 9 train_loss=0.37418 valid_auc=0.82639 valid_acc=0.83052
INFO:src.pykt_engine:pyKT epoch 10 train_loss=0.37221 valid_auc=0.82631 valid_acc=0.83039
INFO:src.pykt_engine:pyKT epoch 11 train_loss=0.37059 valid_auc=0.82553 valid_acc=0.83018
INFO:src.pykt_engine:pyKT epoch 12 train_loss=0.36890 valid_auc=0.82492 valid_acc=0.82978
INFO:src.pykt_engine:Saved PyKT checkpoint to D:\TUAN\DH2A-KT\DH2A-KT\results\pykt_work_clean\xes3g5m\fold_0\C_gikt_clean_L400_e30b16_s17\gikt_p0_protocol_best.ckpt
Start preprocessing D:\TUAN\DH2A-KT\DH2A-KT\results\pykt_work_clean\xes3g5m\fold_0\C_gikt_clean_L400_e30b16_s17\train_valid_sequences.csv fold: _0...
interaction_num: 3845713
file path: D:\TUAN\DH2A-KT\DH2A-KT\results\pykt_work_clean\xes3g5m\fold_0\C_gikt_clean_L400_e30b16_s17\train_valid_sequences.csv, qlen: 16228, clen: 16228, rlen: 16228
Start preprocessing D:\TUAN\DH2A-KT\DH2A-KT\results\pykt_work_clean\xes3g5m\fold_0\C_gikt_clean_L400_e30b16_s17\train_valid_sequences.csv fold: _1...
interaction_num: 548675
file path: D:\TUAN\DH2A-KT\DH2A-KT\results\pykt_work_clean\xes3g5m\fold_0\C_gikt_clean_L400_e30b16_s17\train_valid_sequences.csv, qlen: 2319, clen: 2319, rlen: 2319
Start preprocessing D:\TUAN\DH2A-KT\DH2A-KT\results\pykt_work_clean\xes3g5m\fold_0\C_gikt_clean_L400_e30b16_s17\test_sequences.csv fold: _-1...
interaction_num: 1098147
file path: D:\TUAN\DH2A-KT\DH2A-KT\results\pykt_work_clean\xes3g5m\fold_0\C_gikt_clean_L400_e30b16_s17\test_sequences.csv, qlen: 4635, clen: 4635, rlen: 4635

[C_gikt_clean_L400_e30b16_s17] gikt AUC=0.825830 acc=0.8292 n=1093720 L=400 (203.6 min)
  P0 published: 0.877582 | delta: -0.051752
written: D:\TUAN\DH2A-KT\DH2A-KT\results\tables\a2_pykt_runs.csv
