INFO:src.io_utils:Loading interactions from D:\TUAN\DH2A-KT\DH2A-KT\external\p0_leakage_audit\data\processed\xes3g5m.parquet
INFO:src.io_utils:Loaded interactions shape=(6413353, 5)
INFO:src.split_checker:Creating learner split shape=(6413353, 6) ratios=(0.7, 0.1, 0.2) seed=42
INFO:src.split_checker:Created split sizes={'train': 4490513, 'valid': 640917, 'test': 1281923}
INFO:__main__:export: C_gikt_clean_L400_e30b16_s42 window=chunked mask_repeats=True | test sequences=4635 scored=1093720 masked=183527
INFO:src.pykt_engine:pyKT epoch 1 train_loss=0.41435 valid_auc=0.81227 valid_acc=0.82425
INFO:src.pykt_engine:pyKT epoch 2 train_loss=0.39304 valid_auc=0.81781 valid_acc=0.82684
INFO:src.pykt_engine:pyKT epoch 3 train_loss=0.38838 valid_auc=0.82076 valid_acc=0.82858
INFO:src.pykt_engine:pyKT epoch 4 train_loss=0.38507 valid_auc=0.82276 valid_acc=0.82923
INFO:src.pykt_engine:pyKT epoch 5 train_loss=0.38249 valid_auc=0.82391 valid_acc=0.82946
INFO:src.pykt_engine:pyKT epoch 6 train_loss=0.38050 valid_auc=0.82494 valid_acc=0.82963
INFO:src.pykt_engine:pyKT epoch 7 train_loss=0.37807 valid_auc=0.82606 valid_acc=0.83051
INFO:src.pykt_engine:pyKT epoch 8 train_loss=0.37595 valid_auc=0.82629 valid_acc=0.83058
INFO:src.pykt_engine:pyKT epoch 9 train_loss=0.37424 valid_auc=0.82607 valid_acc=0.83031
INFO:src.pykt_engine:pyKT epoch 10 train_loss=0.37256 valid_auc=0.82605 valid_acc=0.83044
INFO:src.pykt_engine:pyKT epoch 11 train_loss=0.37073 valid_auc=0.82550 valid_acc=0.83013
INFO:src.pykt_engine:pyKT epoch 12 train_loss=0.36880 valid_auc=0.82506 valid_acc=0.82986
INFO:src.pykt_engine:pyKT epoch 13 train_loss=0.36727 valid_auc=0.82432 valid_acc=0.82906
INFO:src.pykt_engine:Saved PyKT checkpoint to D:\TUAN\DH2A-KT\DH2A-KT\results\pykt_work_clean\xes3g5m\fold_0\C_gikt_clean_L400_e30b16_s42\gikt_p0_protocol_best.ckpt
Start preprocessing D:\TUAN\DH2A-KT\DH2A-KT\results\pykt_work_clean\xes3g5m\fold_0\C_gikt_clean_L400_e30b16_s42\train_valid_sequences.csv fold: _0...
interaction_num: 3845713
file path: D:\TUAN\DH2A-KT\DH2A-KT\results\pykt_work_clean\xes3g5m\fold_0\C_gikt_clean_L400_e30b16_s42\train_valid_sequences.csv, qlen: 16228, clen: 16228, rlen: 16228
Start preprocessing D:\TUAN\DH2A-KT\DH2A-KT\results\pykt_work_clean\xes3g5m\fold_0\C_gikt_clean_L400_e30b16_s42\train_valid_sequences.csv fold: _1...
interaction_num: 548675
file path: D:\TUAN\DH2A-KT\DH2A-KT\results\pykt_work_clean\xes3g5m\fold_0\C_gikt_clean_L400_e30b16_s42\train_valid_sequences.csv, qlen: 2319, clen: 2319, rlen: 2319
Start preprocessing D:\TUAN\DH2A-KT\DH2A-KT\results\pykt_work_clean\xes3g5m\fold_0\C_gikt_clean_L400_e30b16_s42\test_sequences.csv fold: _-1...
interaction_num: 1098147
file path: D:\TUAN\DH2A-KT\DH2A-KT\results\pykt_work_clean\xes3g5m\fold_0\C_gikt_clean_L400_e30b16_s42\test_sequences.csv, qlen: 4635, clen: 4635, rlen: 4635

[C_gikt_clean_L400_e30b16_s42] gikt AUC=0.825683 acc=0.8294 n=1093720 L=400 (220.6 min)
  P0 published: 0.877582 | delta: -0.051900
written: D:\TUAN\DH2A-KT\DH2A-KT\results\tables\a2_pykt_runs.csv
