INFO:src.io_utils:Loading interactions from D:\TUAN\DH2A-KT\DH2A-KT\external\p0_leakage_audit\data\processed\xes3g5m.parquet
INFO:src.io_utils:Loaded interactions shape=(6413353, 5)
INFO:src.split_checker:Creating learner split shape=(6413353, 6) ratios=(0.7, 0.1, 0.2) seed=42
INFO:src.split_checker:Created split sizes={'train': 4490513, 'valid': 640917, 'test': 1281923}
INFO:__main__:export: C_simplekt_clean_L400_s0 window=chunked mask_repeats=True | test sequences=4635 scored=1093720 masked=183527
INFO:src.pykt_engine:pyKT epoch 1 train_loss=0.42088 valid_auc=0.80997 valid_acc=0.82319
INFO:src.pykt_engine:pyKT epoch 2 train_loss=0.39580 valid_auc=0.81354 valid_acc=0.82464
INFO:src.pykt_engine:pyKT epoch 3 train_loss=0.39154 valid_auc=0.81647 valid_acc=0.82631
INFO:src.pykt_engine:pyKT epoch 4 train_loss=0.38854 valid_auc=0.81799 valid_acc=0.82674
INFO:src.pykt_engine:pyKT epoch 5 train_loss=0.38600 valid_auc=0.81940 valid_acc=0.82763
INFO:src.pykt_engine:pyKT epoch 6 train_loss=0.38387 valid_auc=0.82036 valid_acc=0.82791
INFO:src.pykt_engine:pyKT epoch 7 train_loss=0.38155 valid_auc=0.82080 valid_acc=0.82792
INFO:src.pykt_engine:pyKT epoch 8 train_loss=0.37964 valid_auc=0.82179 valid_acc=0.82845
INFO:src.pykt_engine:pyKT epoch 9 train_loss=0.37755 valid_auc=0.82200 valid_acc=0.82849
INFO:src.pykt_engine:pyKT epoch 10 train_loss=0.37540 valid_auc=0.82249 valid_acc=0.82869
INFO:src.pykt_engine:pyKT epoch 11 train_loss=0.37330 valid_auc=0.82185 valid_acc=0.82835
INFO:src.pykt_engine:pyKT epoch 12 train_loss=0.37109 valid_auc=0.82249 valid_acc=0.82887
INFO:src.pykt_engine:pyKT epoch 13 train_loss=0.36917 valid_auc=0.82142 valid_acc=0.82806
INFO:src.pykt_engine:Saved PyKT checkpoint to D:\TUAN\DH2A-KT\DH2A-KT\results\pykt_work_clean\xes3g5m\fold_0\C_simplekt_clean_L400_s0\simplekt_p0_protocol_best.ckpt
Start preprocessing D:\TUAN\DH2A-KT\DH2A-KT\results\pykt_work_clean\xes3g5m\fold_0\C_simplekt_clean_L400_s0\train_valid_sequences.csv fold: _0...
interaction_num: 3845713
file path: D:\TUAN\DH2A-KT\DH2A-KT\results\pykt_work_clean\xes3g5m\fold_0\C_simplekt_clean_L400_s0\train_valid_sequences.csv, qlen: 16228, clen: 16228, rlen: 16228
Start preprocessing D:\TUAN\DH2A-KT\DH2A-KT\results\pykt_work_clean\xes3g5m\fold_0\C_simplekt_clean_L400_s0\train_valid_sequences.csv fold: _1...
interaction_num: 548675
file path: D:\TUAN\DH2A-KT\DH2A-KT\results\pykt_work_clean\xes3g5m\fold_0\C_simplekt_clean_L400_s0\train_valid_sequences.csv, qlen: 2319, clen: 2319, rlen: 2319
Start preprocessing D:\TUAN\DH2A-KT\DH2A-KT\results\pykt_work_clean\xes3g5m\fold_0\C_simplekt_clean_L400_s0\test_sequences.csv fold: _-1...
interaction_num: 1098147
file path: D:\TUAN\DH2A-KT\DH2A-KT\results\pykt_work_clean\xes3g5m\fold_0\C_simplekt_clean_L400_s0\test_sequences.csv, qlen: 4635, clen: 4635, rlen: 4635
model_name: simplekt, emb_type: qid

[C_simplekt_clean_L400_s0] simplekt AUC=0.821710 acc=0.8278 n=1093720 L=400 (8.0 min)
  P0 published: 0.874441 | delta: -0.052731
written: D:\TUAN\DH2A-KT\DH2A-KT\results\tables\a2_pykt_runs.csv
